<?xml version="1.0" encoding="ISO-8859-1" ?>
<link_info>
   <banner>TMS320C2000 Linker PC v22.6.2.LTS</banner>
   <copyright>Copyright (c) 1996-2018 Texas Instruments Incorporated</copyright>
   <link_time>0x69e91826</link_time>
   <link_errors>0x0</link_errors>
   <output_file>adc_ex1_soc_epwm.out</output_file>
   <entry_point>
      <name>code_start</name>
      <address>0x0</address>
   </entry_point>
   <input_file_list>
      <input_file id="fl-2">
         <path>.\</path>
         <kind>object</kind>
         <file>adc_ex1_soc_epwm.obj</file>
         <name>adc_ex1_soc_epwm.obj</name>
      </input_file>
      <input_file id="fl-3">
         <path>.\</path>
         <kind>object</kind>
         <file>f28p55x_adc.obj</file>
         <name>f28p55x_adc.obj</name>
      </input_file>
      <input_file id="fl-4">
         <path>.\</path>
         <kind>object</kind>
         <file>f28p55x_codestartbranch.obj</file>
         <name>f28p55x_codestartbranch.obj</name>
      </input_file>
      <input_file id="fl-5">
         <path>.\</path>
         <kind>object</kind>
         <file>f28p55x_cputimers.obj</file>
         <name>f28p55x_cputimers.obj</name>
      </input_file>
      <input_file id="fl-6">
         <path>.\</path>
         <kind>object</kind>
         <file>f28p55x_defaultisr.obj</file>
         <name>f28p55x_defaultisr.obj</name>
      </input_file>
      <input_file id="fl-7">
         <path>.\</path>
         <kind>object</kind>
         <file>f28p55x_dma.obj</file>
         <name>f28p55x_dma.obj</name>
      </input_file>
      <input_file id="fl-8">
         <path>.\</path>
         <kind>object</kind>
         <file>f28p55x_epwm.obj</file>
         <name>f28p55x_epwm.obj</name>
      </input_file>
      <input_file id="fl-9">
         <path>.\</path>
         <kind>object</kind>
         <file>f28p55x_globalvariabledefs.obj</file>
         <name>f28p55x_globalvariabledefs.obj</name>
      </input_file>
      <input_file id="fl-a">
         <path>.\</path>
         <kind>object</kind>
         <file>f28p55x_gpio.obj</file>
         <name>f28p55x_gpio.obj</name>
      </input_file>
      <input_file id="fl-b">
         <path>.\</path>
         <kind>object</kind>
         <file>f28p55x_piectrl.obj</file>
         <name>f28p55x_piectrl.obj</name>
      </input_file>
      <input_file id="fl-c">
         <path>.\</path>
         <kind>object</kind>
         <file>f28p55x_pievect.obj</file>
         <name>f28p55x_pievect.obj</name>
      </input_file>
      <input_file id="fl-d">
         <path>.\</path>
         <kind>object</kind>
         <file>f28p55x_sysctrl.obj</file>
         <name>f28p55x_sysctrl.obj</name>
      </input_file>
      <input_file id="fl-e">
         <path>.\</path>
         <kind>object</kind>
         <file>f28p55x_tempsensorconv.obj</file>
         <name>f28p55x_tempsensorconv.obj</name>
      </input_file>
      <input_file id="fl-f">
         <path>.\</path>
         <kind>object</kind>
         <file>f28p55x_usdelay.obj</file>
         <name>f28p55x_usdelay.obj</name>
      </input_file>
      <input_file id="fl-14">
         <kind>object</kind>
         <file>&lt;internal&gt;</file>
         <name>&lt;internal&gt;</name>
      </input_file>
      <input_file id="fl-20">
         <path>C:\ti\ccs2020\ccs\tools\compiler\ti-cgt-c2000_22.6.2.LTS\lib\</path>
         <kind>archive</kind>
         <file>rts2800_fpu32_eabi.lib</file>
         <name>boot28.asm.obj</name>
      </input_file>
      <input_file id="fl-21">
         <path>C:\ti\ccs2020\ccs\tools\compiler\ti-cgt-c2000_22.6.2.LTS\lib\</path>
         <kind>archive</kind>
         <file>rts2800_fpu32_eabi.lib</file>
         <name>fd_mpy28.asm.obj</name>
      </input_file>
      <input_file id="fl-22">
         <path>C:\ti\ccs2020\ccs\tools\compiler\ti-cgt-c2000_22.6.2.LTS\lib\</path>
         <kind>archive</kind>
         <file>rts2800_fpu32_eabi.lib</file>
         <name>fd_sub28.asm.obj</name>
      </input_file>
      <input_file id="fl-23">
         <path>C:\ti\ccs2020\ccs\tools\compiler\ti-cgt-c2000_22.6.2.LTS\lib\</path>
         <kind>archive</kind>
         <file>rts2800_fpu32_eabi.lib</file>
         <name>fs_div28.asm.obj</name>
      </input_file>
      <input_file id="fl-24">
         <path>C:\ti\ccs2020\ccs\tools\compiler\ti-cgt-c2000_22.6.2.LTS\lib\</path>
         <kind>archive</kind>
         <file>rts2800_fpu32_eabi.lib</file>
         <name>l_div28.asm.obj</name>
      </input_file>
      <input_file id="fl-25">
         <path>C:\ti\ccs2020\ccs\tools\compiler\ti-cgt-c2000_22.6.2.LTS\lib\</path>
         <kind>archive</kind>
         <file>rts2800_fpu32_eabi.lib</file>
         <name>fs_tofdfpu32.asm.obj</name>
      </input_file>
      <input_file id="fl-26">
         <path>C:\ti\ccs2020\ccs\tools\compiler\ti-cgt-c2000_22.6.2.LTS\lib\</path>
         <kind>archive</kind>
         <file>rts2800_fpu32_eabi.lib</file>
         <name>fd_tofsfpu32.asm.obj</name>
      </input_file>
      <input_file id="fl-27">
         <path>C:\ti\ccs2020\ccs\tools\compiler\ti-cgt-c2000_22.6.2.LTS\lib\</path>
         <kind>archive</kind>
         <file>rts2800_fpu32_eabi.lib</file>
         <name>fd_div28.asm.obj</name>
      </input_file>
      <input_file id="fl-28">
         <path>C:\ti\ccs2020\ccs\tools\compiler\ti-cgt-c2000_22.6.2.LTS\lib\</path>
         <kind>archive</kind>
         <file>rts2800_fpu32_eabi.lib</file>
         <name>pre_init.c.obj</name>
      </input_file>
      <input_file id="fl-29">
         <path>C:\ti\ccs2020\ccs\tools\compiler\ti-cgt-c2000_22.6.2.LTS\lib\</path>
         <kind>archive</kind>
         <file>rts2800_fpu32_eabi.lib</file>
         <name>autoinit.c.obj</name>
      </input_file>
      <input_file id="fl-2a">
         <path>C:\ti\ccs2020\ccs\tools\compiler\ti-cgt-c2000_22.6.2.LTS\lib\</path>
         <kind>archive</kind>
         <file>rts2800_fpu32_eabi.lib</file>
         <name>copy_zero_init.c.obj</name>
      </input_file>
      <input_file id="fl-2b">
         <path>C:\ti\ccs2020\ccs\tools\compiler\ti-cgt-c2000_22.6.2.LTS\lib\</path>
         <kind>archive</kind>
         <file>rts2800_fpu32_eabi.lib</file>
         <name>copy_decompress_none.c.obj</name>
      </input_file>
      <input_file id="fl-2c">
         <path>C:\ti\ccs2020\ccs\tools\compiler\ti-cgt-c2000_22.6.2.LTS\lib\</path>
         <kind>archive</kind>
         <file>rts2800_fpu32_eabi.lib</file>
         <name>copy_decompress_lzss.c.obj</name>
      </input_file>
      <input_file id="fl-2d">
         <path>C:\ti\ccs2020\ccs\tools\compiler\ti-cgt-c2000_22.6.2.LTS\lib\</path>
         <kind>archive</kind>
         <file>rts2800_fpu32_eabi.lib</file>
         <name>exit.c.obj</name>
      </input_file>
      <input_file id="fl-2e">
         <path>C:\ti\ccs2020\ccs\tools\compiler\ti-cgt-c2000_22.6.2.LTS\lib\</path>
         <kind>archive</kind>
         <file>rts2800_fpu32_eabi.lib</file>
         <name>_lock.c.obj</name>
      </input_file>
      <input_file id="fl-2f">
         <path>C:\ti\ccs2020\ccs\tools\compiler\ti-cgt-c2000_22.6.2.LTS\lib\</path>
         <kind>archive</kind>
         <file>rts2800_fpu32_eabi.lib</file>
         <name>args_main.c.obj</name>
      </input_file>
      <input_file id="fl-30">
         <path>C:\ti\ccs2020\ccs\tools\compiler\ti-cgt-c2000_22.6.2.LTS\lib\</path>
         <kind>archive</kind>
         <file>rts2800_fpu32_eabi.lib</file>
         <name>memset.c.obj</name>
      </input_file>
      <input_file id="fl-31">
         <path>C:\ti\ccs2020\ccs\tools\compiler\ti-cgt-c2000_22.6.2.LTS\lib\</path>
         <kind>archive</kind>
         <file>rts2800_fpu32_eabi.lib</file>
         <name>fd_add28.asm.obj</name>
      </input_file>
      <input_file id="fl-32">
         <path>C:\ti\ccs2020\ccs\tools\compiler\ti-cgt-c2000_22.6.2.LTS\lib\</path>
         <kind>archive</kind>
         <file>rts2800_fpu32_eabi.lib</file>
         <name>cpy_tbl.c.obj</name>
      </input_file>
      <input_file id="fl-33">
         <path>C:\ti\ccs2020\ccs\tools\compiler\ti-cgt-c2000_22.6.2.LTS\lib\</path>
         <kind>archive</kind>
         <file>rts2800_fpu32_eabi.lib</file>
         <name>memcpy.c.obj</name>
      </input_file>
      <input_file id="fl-34">
         <path>C:\ti\ccs2020\ccs\tools\compiler\ti-cgt-c2000_22.6.2.LTS\lib\</path>
         <kind>archive</kind>
         <file>rts2800_fpu32_eabi.lib</file>
         <name>startup.c.obj</name>
      </input_file>
   </input_file_list>
   <object_component_list>
      <object_component id="oc-a8">
         <name>codestart</name>
         <load_address>0x0</load_address>
         <run_address>0x0</run_address>
         <size>0x2</size>
         <input_file_ref idref="fl-4"/>
      </object_component>
      <object_component id="oc-538">
         <name>.text:SetVREF</name>
         <load_address>0x8000</load_address>
         <run_address>0x8000</run_address>
         <size>0x13b</size>
         <input_file_ref idref="fl-3"/>
      </object_component>
      <object_component id="oc-ad">
         <name>.text:adcA1ISR</name>
         <load_address>0x813b</load_address>
         <run_address>0x813b</run_address>
         <size>0x109</size>
         <input_file_ref idref="fl-2"/>
      </object_component>
      <object_component id="oc-51f">
         <name>.text:InitSysPll</name>
         <load_address>0x8244</load_address>
         <run_address>0x8244</run_address>
         <size>0xe6</size>
         <input_file_ref idref="fl-d"/>
      </object_component>
      <object_component id="oc-595">
         <name>.text:IsPLLValid</name>
         <load_address>0x832a</load_address>
         <run_address>0x832a</run_address>
         <size>0xa0</size>
         <input_file_ref idref="fl-d"/>
      </object_component>
      <object_component id="oc-510">
         <name>.text</name>
         <load_address>0x83ca</load_address>
         <run_address>0x83ca</run_address>
         <size>0x9c</size>
         <input_file_ref idref="fl-31"/>
      </object_component>
      <object_component id="oc-41d">
         <name>.text</name>
         <load_address>0x8466</load_address>
         <run_address>0x8466</run_address>
         <size>0x8b</size>
         <input_file_ref idref="fl-27"/>
      </object_component>
      <object_component id="oc-610">
         <name>.text</name>
         <load_address>0x84f1</load_address>
         <run_address>0x84f1</run_address>
         <size>0x88</size>
         <input_file_ref idref="fl-23"/>
      </object_component>
      <object_component id="oc-418">
         <name>.text</name>
         <load_address>0x8579</load_address>
         <run_address>0x8579</run_address>
         <size>0x83</size>
         <input_file_ref idref="fl-21"/>
      </object_component>
      <object_component id="oc-525">
         <name>.text:InitPeripheralClocks</name>
         <load_address>0x85fc</load_address>
         <run_address>0x85fc</run_address>
         <size>0x7b</size>
         <input_file_ref idref="fl-d"/>
      </object_component>
      <object_component id="oc-615">
         <name>.text:ComputeCntrSeedValue</name>
         <load_address>0x8677</load_address>
         <run_address>0x8677</run_address>
         <size>0x77</size>
         <input_file_ref idref="fl-d"/>
      </object_component>
      <object_component id="oc-44c">
         <name>.text:initEPWM</name>
         <load_address>0x86ee</load_address>
         <run_address>0x86ee</run_address>
         <size>0x58</size>
         <input_file_ref idref="fl-2"/>
      </object_component>
      <object_component id="oc-434">
         <name>.text:InitGpio</name>
         <load_address>0x8746</load_address>
         <run_address>0x8746</run_address>
         <size>0x43</size>
         <input_file_ref idref="fl-a"/>
      </object_component>
      <object_component id="oc-452">
         <name>.text:initADCSOC</name>
         <load_address>0x8789</load_address>
         <run_address>0x8789</run_address>
         <size>0x42</size>
         <input_file_ref idref="fl-2"/>
      </object_component>
      <object_component id="oc-9b">
         <name>.text:decompress:lzss</name>
         <load_address>0x87cb</load_address>
         <run_address>0x87cb</run_address>
         <size>0x2e</size>
         <input_file_ref idref="fl-2c"/>
      </object_component>
      <object_component id="oc-583">
         <name>.text:SysIntOsc2Sel</name>
         <load_address>0x87f9</load_address>
         <run_address>0x87f9</run_address>
         <size>0x7</size>
         <input_file_ref idref="fl-d"/>
      </object_component>
      <object_component id="oc-b3">
         <name>.text:main</name>
         <load_address>0x8800</load_address>
         <run_address>0x8800</run_address>
         <size>0x39</size>
         <input_file_ref idref="fl-2"/>
      </object_component>
      <object_component id="oc-5c2">
         <name>.text:__TI_auto_init_nobinit_nopinit</name>
         <load_address>0x8839</load_address>
         <run_address>0x8839</run_address>
         <size>0x2b</size>
         <input_file_ref idref="fl-29"/>
      </object_component>
      <object_component id="oc-56b">
         <name>.text</name>
         <load_address>0x8864</load_address>
         <run_address>0x8864</run_address>
         <size>0x29</size>
         <input_file_ref idref="fl-2d"/>
      </object_component>
      <object_component id="oc-440">
         <name>.text:InitPieVectTable</name>
         <load_address>0x888d</load_address>
         <run_address>0x888d</run_address>
         <size>0x25</size>
         <input_file_ref idref="fl-c"/>
      </object_component>
      <object_component id="oc-422">
         <name>.text</name>
         <load_address>0x88b2</load_address>
         <run_address>0x88b2</run_address>
         <size>0x23</size>
         <input_file_ref idref="fl-26"/>
      </object_component>
      <object_component id="oc-589">
         <name>.text:SysXtalOscSel</name>
         <load_address>0x88d5</load_address>
         <run_address>0x88d5</run_address>
         <size>0x20</size>
         <input_file_ref idref="fl-d"/>
      </object_component>
      <object_component id="oc-43a">
         <name>.text:InitPieCtrl</name>
         <load_address>0x88f5</load_address>
         <run_address>0x88f5</run_address>
         <size>0x1f</size>
         <input_file_ref idref="fl-b"/>
      </object_component>
      <object_component id="oc-3e9">
         <name>.text</name>
         <load_address>0x8914</load_address>
         <run_address>0x8914</run_address>
         <size>0x1d</size>
         <input_file_ref idref="fl-33"/>
      </object_component>
      <object_component id="oc-412">
         <name>.text</name>
         <load_address>0x8931</load_address>
         <run_address>0x8931</run_address>
         <size>0x1c</size>
         <input_file_ref idref="fl-25"/>
      </object_component>
      <object_component id="oc-602">
         <name>.text:PollX1Counter</name>
         <load_address>0x894d</load_address>
         <run_address>0x894d</run_address>
         <size>0x1b</size>
         <input_file_ref idref="fl-d"/>
      </object_component>
      <object_component id="oc-4fb">
         <name>.text</name>
         <load_address>0x8968</load_address>
         <run_address>0x8968</run_address>
         <size>0x17</size>
         <input_file_ref idref="fl-20"/>
      </object_component>
      <object_component id="oc-42e">
         <name>.text:InitSysCtrl</name>
         <load_address>0x897f</load_address>
         <run_address>0x897f</run_address>
         <size>0x15</size>
         <input_file_ref idref="fl-d"/>
      </object_component>
      <object_component id="oc-58f">
         <name>.text:SysXtalOscSESel</name>
         <load_address>0x8994</load_address>
         <run_address>0x8994</run_address>
         <size>0x15</size>
         <input_file_ref idref="fl-d"/>
      </object_component>
      <object_component id="oc-446">
         <name>.text:initADC</name>
         <load_address>0x89a9</load_address>
         <run_address>0x89a9</run_address>
         <size>0x14</size>
         <input_file_ref idref="fl-2"/>
      </object_component>
      <object_component id="oc-427">
         <name>.text</name>
         <load_address>0x89bd</load_address>
         <run_address>0x89bd</run_address>
         <size>0xe</size>
         <input_file_ref idref="fl-22"/>
      </object_component>
      <object_component id="oc-519">
         <name>.text:DisableDog</name>
         <load_address>0x89cb</load_address>
         <run_address>0x89cb</run_address>
         <size>0xd</size>
         <input_file_ref idref="fl-d"/>
      </object_component>
      <object_component id="oc-3da">
         <name>.text:EMPTY_ISR</name>
         <load_address>0x89d8</load_address>
         <run_address>0x89d8</run_address>
         <size>0xd</size>
         <input_file_ref idref="fl-6"/>
      </object_component>
      <object_component id="oc-3f1">
         <name>.text:decompress:ZI:__TI_zero_init_nomemset</name>
         <load_address>0x89e5</load_address>
         <run_address>0x89e5</run_address>
         <size>0xd</size>
         <input_file_ref idref="fl-2a"/>
      </object_component>
      <object_component id="oc-565">
         <name>.text</name>
         <load_address>0x89f2</load_address>
         <run_address>0x89f2</run_address>
         <size>0xc</size>
         <input_file_ref idref="fl-2f"/>
      </object_component>
      <object_component id="oc-12e">
         <name>.text:ADCA1_ISR</name>
         <load_address>0x89fe</load_address>
         <run_address>0x89fe</run_address>
         <size>0xa</size>
         <input_file_ref idref="fl-6"/>
      </object_component>
      <object_component id="oc-284">
         <name>.text:ADCA2_ISR</name>
         <load_address>0x8a08</load_address>
         <run_address>0x8a08</run_address>
         <size>0xa</size>
         <input_file_ref idref="fl-6"/>
      </object_component>
      <object_component id="oc-28a">
         <name>.text:ADCA3_ISR</name>
         <load_address>0x8a12</load_address>
         <run_address>0x8a12</run_address>
         <size>0xa</size>
         <input_file_ref idref="fl-6"/>
      </object_component>
      <object_component id="oc-290">
         <name>.text:ADCA4_ISR</name>
         <load_address>0x8a1c</load_address>
         <run_address>0x8a1c</run_address>
         <size>0xa</size>
         <input_file_ref idref="fl-6"/>
      </object_component>
      <object_component id="oc-27e">
         <name>.text:ADCA_EVT_ISR</name>
         <load_address>0x8a26</load_address>
         <run_address>0x8a26</run_address>
         <size>0xa</size>
         <input_file_ref idref="fl-6"/>
      </object_component>
      <object_component id="oc-134">
         <name>.text:ADCB1_ISR</name>
         <load_address>0x8a30</load_address>
         <run_address>0x8a30</run_address>
         <size>0xa</size>
         <input_file_ref idref="fl-6"/>
      </object_component>
      <object_component id="oc-29c">
         <name>.text:ADCB2_ISR</name>
         <load_address>0x8a3a</load_address>
         <run_address>0x8a3a</run_address>
         <size>0xa</size>
         <input_file_ref idref="fl-6"/>
      </object_component>
      <object_component id="oc-2a2">
         <name>.text:ADCB3_ISR</name>
         <load_address>0x8a44</load_address>
         <run_address>0x8a44</run_address>
         <size>0xa</size>
         <input_file_ref idref="fl-6"/>
      </object_component>
      <object_component id="oc-2a8">
         <name>.text:ADCB4_ISR</name>
         <load_address>0x8a4e</load_address>
         <run_address>0x8a4e</run_address>
         <size>0xa</size>
         <input_file_ref idref="fl-6"/>
      </object_component>
      <object_component id="oc-296">
         <name>.text:ADCB_EVT_ISR</name>
         <load_address>0x8a58</load_address>
         <run_address>0x8a58</run_address>
         <size>0xa</size>
         <input_file_ref idref="fl-6"/>
      </object_component>
      <object_component id="oc-13a">
         <name>.text:ADCC1_ISR</name>
         <load_address>0x8a62</load_address>
         <run_address>0x8a62</run_address>
         <size>0xa</size>
         <input_file_ref idref="fl-6"/>
      </object_component>
      <object_component id="oc-38c">
         <name>.text:ADCC2_ISR</name>
         <load_address>0x8a6c</load_address>
         <run_address>0x8a6c</run_address>
         <size>0xa</size>
         <input_file_ref idref="fl-6"/>
      </object_component>
      <object_component id="oc-392">
         <name>.text:ADCC3_ISR</name>
         <load_address>0x8a76</load_address>
         <run_address>0x8a76</run_address>
         <size>0xa</size>
         <input_file_ref idref="fl-6"/>
      </object_component>
      <object_component id="oc-398">
         <name>.text:ADCC4_ISR</name>
         <load_address>0x8a80</load_address>
         <run_address>0x8a80</run_address>
         <size>0xa</size>
         <input_file_ref idref="fl-6"/>
      </object_component>
      <object_component id="oc-386">
         <name>.text:ADCC_EVT_ISR</name>
         <load_address>0x8a8a</load_address>
         <run_address>0x8a8a</run_address>
         <size>0xa</size>
         <input_file_ref idref="fl-6"/>
      </object_component>
      <object_component id="oc-308">
         <name>.text:ADCD1_ISR</name>
         <load_address>0x8a94</load_address>
         <run_address>0x8a94</run_address>
         <size>0xa</size>
         <input_file_ref idref="fl-6"/>
      </object_component>
      <object_component id="oc-3a4">
         <name>.text:ADCD2_ISR</name>
         <load_address>0x8a9e</load_address>
         <run_address>0x8a9e</run_address>
         <size>0xa</size>
         <input_file_ref idref="fl-6"/>
      </object_component>
      <object_component id="oc-3aa">
         <name>.text:ADCD3_ISR</name>
         <load_address>0x8aa8</load_address>
         <run_address>0x8aa8</run_address>
         <size>0xa</size>
         <input_file_ref idref="fl-6"/>
      </object_component>
      <object_component id="oc-3b0">
         <name>.text:ADCD4_ISR</name>
         <load_address>0x8ab2</load_address>
         <run_address>0x8ab2</run_address>
         <size>0xa</size>
         <input_file_ref idref="fl-6"/>
      </object_component>
      <object_component id="oc-39e">
         <name>.text:ADCD_EVT_ISR</name>
         <load_address>0x8abc</load_address>
         <run_address>0x8abc</run_address>
         <size>0xa</size>
         <input_file_ref idref="fl-6"/>
      </object_component>
      <object_component id="oc-30e">
         <name>.text:ADCE1_ISR</name>
         <load_address>0x8ac6</load_address>
         <run_address>0x8ac6</run_address>
         <size>0xa</size>
         <input_file_ref idref="fl-6"/>
      </object_component>
      <object_component id="oc-3bc">
         <name>.text:ADCE2_ISR</name>
         <load_address>0x8ad0</load_address>
         <run_address>0x8ad0</run_address>
         <size>0xa</size>
         <input_file_ref idref="fl-6"/>
      </object_component>
      <object_component id="oc-3c2">
         <name>.text:ADCE3_ISR</name>
         <load_address>0x8ada</load_address>
         <run_address>0x8ada</run_address>
         <size>0xa</size>
         <input_file_ref idref="fl-6"/>
      </object_component>
      <object_component id="oc-3c8">
         <name>.text:ADCE4_ISR</name>
         <load_address>0x8ae4</load_address>
         <run_address>0x8ae4</run_address>
         <size>0xa</size>
         <input_file_ref idref="fl-6"/>
      </object_component>
      <object_component id="oc-3b6">
         <name>.text:ADCE_EVT_ISR</name>
         <load_address>0x8aee</load_address>
         <run_address>0x8aee</run_address>
         <size>0xa</size>
         <input_file_ref idref="fl-6"/>
      </object_component>
      <object_component id="oc-3ce">
         <name>.text:AES_SINTREQUEST_ISR</name>
         <load_address>0x8af8</load_address>
         <run_address>0x8af8</run_address>
         <size>0xa</size>
         <input_file_ref idref="fl-6"/>
      </object_component>
      <object_component id="oc-2ae">
         <name>.text:CLA1_1_ISR</name>
         <load_address>0x8b02</load_address>
         <run_address>0x8b02</run_address>
         <size>0xa</size>
         <input_file_ref idref="fl-6"/>
      </object_component>
      <object_component id="oc-2b4">
         <name>.text:CLA1_2_ISR</name>
         <load_address>0x8b0c</load_address>
         <run_address>0x8b0c</run_address>
         <size>0xa</size>
         <input_file_ref idref="fl-6"/>
      </object_component>
      <object_component id="oc-2ba">
         <name>.text:CLA1_3_ISR</name>
         <load_address>0x8b16</load_address>
         <run_address>0x8b16</run_address>
         <size>0xa</size>
         <input_file_ref idref="fl-6"/>
      </object_component>
      <object_component id="oc-2c0">
         <name>.text:CLA1_4_ISR</name>
         <load_address>0x8b20</load_address>
         <run_address>0x8b20</run_address>
         <size>0xa</size>
         <input_file_ref idref="fl-6"/>
      </object_component>
      <object_component id="oc-2c6">
         <name>.text:CLA1_5_ISR</name>
         <load_address>0x8b2a</load_address>
         <run_address>0x8b2a</run_address>
         <size>0xa</size>
         <input_file_ref idref="fl-6"/>
      </object_component>
      <object_component id="oc-2cc">
         <name>.text:CLA1_6_ISR</name>
         <load_address>0x8b34</load_address>
         <run_address>0x8b34</run_address>
         <size>0xa</size>
         <input_file_ref idref="fl-6"/>
      </object_component>
      <object_component id="oc-2d2">
         <name>.text:CLA1_7_ISR</name>
         <load_address>0x8b3e</load_address>
         <run_address>0x8b3e</run_address>
         <size>0xa</size>
         <input_file_ref idref="fl-6"/>
      </object_component>
      <object_component id="oc-2d8">
         <name>.text:CLA1_8_ISR</name>
         <load_address>0x8b48</load_address>
         <run_address>0x8b48</run_address>
         <size>0xa</size>
         <input_file_ref idref="fl-6"/>
      </object_component>
      <object_component id="oc-1dc">
         <name>.text:CLB1_ISR</name>
         <load_address>0x8b52</load_address>
         <run_address>0x8b52</run_address>
         <size>0xa</size>
         <input_file_ref idref="fl-6"/>
      </object_component>
      <object_component id="oc-1e2">
         <name>.text:CLB2_ISR</name>
         <load_address>0x8b5c</load_address>
         <run_address>0x8b5c</run_address>
         <size>0xa</size>
         <input_file_ref idref="fl-6"/>
      </object_component>
      <object_component id="oc-c8">
         <name>.text:DATALOG_ISR</name>
         <load_address>0x8b66</load_address>
         <run_address>0x8b66</run_address>
         <size>0xa</size>
         <input_file_ref idref="fl-6"/>
      </object_component>
      <object_component id="oc-200">
         <name>.text:DCC0_ISR</name>
         <load_address>0x8b70</load_address>
         <run_address>0x8b70</run_address>
         <size>0xa</size>
         <input_file_ref idref="fl-6"/>
      </object_component>
      <object_component id="oc-206">
         <name>.text:DCC1_ISR</name>
         <load_address>0x8b7a</load_address>
         <run_address>0x8b7a</run_address>
         <size>0xa</size>
         <input_file_ref idref="fl-6"/>
      </object_component>
      <object_component id="oc-20c">
         <name>.text:DMA_CH1_ISR</name>
         <load_address>0x8b84</load_address>
         <run_address>0x8b84</run_address>
         <size>0xa</size>
         <input_file_ref idref="fl-6"/>
      </object_component>
      <object_component id="oc-212">
         <name>.text:DMA_CH2_ISR</name>
         <load_address>0x8b8e</load_address>
         <run_address>0x8b8e</run_address>
         <size>0xa</size>
         <input_file_ref idref="fl-6"/>
      </object_component>
      <object_component id="oc-218">
         <name>.text:DMA_CH3_ISR</name>
         <load_address>0x8b98</load_address>
         <run_address>0x8b98</run_address>
         <size>0xa</size>
         <input_file_ref idref="fl-6"/>
      </object_component>
      <object_component id="oc-21e">
         <name>.text:DMA_CH4_ISR</name>
         <load_address>0x8ba2</load_address>
         <run_address>0x8ba2</run_address>
         <size>0xa</size>
         <input_file_ref idref="fl-6"/>
      </object_component>
      <object_component id="oc-224">
         <name>.text:DMA_CH5_ISR</name>
         <load_address>0x8bac</load_address>
         <run_address>0x8bac</run_address>
         <size>0xa</size>
         <input_file_ref idref="fl-6"/>
      </object_component>
      <object_component id="oc-22a">
         <name>.text:DMA_CH6_ISR</name>
         <load_address>0x8bb6</load_address>
         <run_address>0x8bb6</run_address>
         <size>0xa</size>
         <input_file_ref idref="fl-6"/>
      </object_component>
      <object_component id="oc-1be">
         <name>.text:ECAP1_ISR</name>
         <load_address>0x8bc0</load_address>
         <run_address>0x8bc0</run_address>
         <size>0xa</size>
         <input_file_ref idref="fl-6"/>
      </object_component>
      <object_component id="oc-1c4">
         <name>.text:ECAP2_ISR</name>
         <load_address>0x8bca</load_address>
         <run_address>0x8bca</run_address>
         <size>0xa</size>
         <input_file_ref idref="fl-6"/>
      </object_component>
      <object_component id="oc-d4">
         <name>.text:EMU_ISR</name>
         <load_address>0x8bd4</load_address>
         <run_address>0x8bd4</run_address>
         <size>0xa</size>
         <input_file_ref idref="fl-6"/>
      </object_component>
      <object_component id="oc-332">
         <name>.text:EPWM10_ISR</name>
         <load_address>0x8bde</load_address>
         <run_address>0x8bde</run_address>
         <size>0xa</size>
         <input_file_ref idref="fl-6"/>
      </object_component>
      <object_component id="oc-31a">
         <name>.text:EPWM10_TZ_ISR</name>
         <load_address>0x8be8</load_address>
         <run_address>0x8be8</run_address>
         <size>0xa</size>
         <input_file_ref idref="fl-6"/>
      </object_component>
      <object_component id="oc-338">
         <name>.text:EPWM11_ISR</name>
         <load_address>0x8bf2</load_address>
         <run_address>0x8bf2</run_address>
         <size>0xa</size>
         <input_file_ref idref="fl-6"/>
      </object_component>
      <object_component id="oc-320">
         <name>.text:EPWM11_TZ_ISR</name>
         <load_address>0x8bfc</load_address>
         <run_address>0x8bfc</run_address>
         <size>0xa</size>
         <input_file_ref idref="fl-6"/>
      </object_component>
      <object_component id="oc-33e">
         <name>.text:EPWM12_ISR</name>
         <load_address>0x8c06</load_address>
         <run_address>0x8c06</run_address>
         <size>0xa</size>
         <input_file_ref idref="fl-6"/>
      </object_component>
      <object_component id="oc-326">
         <name>.text:EPWM12_TZ_ISR</name>
         <load_address>0x8c10</load_address>
         <run_address>0x8c10</run_address>
         <size>0xa</size>
         <input_file_ref idref="fl-6"/>
      </object_component>
      <object_component id="oc-18e">
         <name>.text:EPWM1_ISR</name>
         <load_address>0x8c1a</load_address>
         <run_address>0x8c1a</run_address>
         <size>0xa</size>
         <input_file_ref idref="fl-6"/>
      </object_component>
      <object_component id="oc-15e">
         <name>.text:EPWM1_TZ_ISR</name>
         <load_address>0x8c24</load_address>
         <run_address>0x8c24</run_address>
         <size>0xa</size>
         <input_file_ref idref="fl-6"/>
      </object_component>
      <object_component id="oc-194">
         <name>.text:EPWM2_ISR</name>
         <load_address>0x8c2e</load_address>
         <run_address>0x8c2e</run_address>
         <size>0xa</size>
         <input_file_ref idref="fl-6"/>
      </object_component>
      <object_component id="oc-164">
         <name>.text:EPWM2_TZ_ISR</name>
         <load_address>0x8c38</load_address>
         <run_address>0x8c38</run_address>
         <size>0xa</size>
         <input_file_ref idref="fl-6"/>
      </object_component>
      <object_component id="oc-19a">
         <name>.text:EPWM3_ISR</name>
         <load_address>0x8c42</load_address>
         <run_address>0x8c42</run_address>
         <size>0xa</size>
         <input_file_ref idref="fl-6"/>
      </object_component>
      <object_component id="oc-16a">
         <name>.text:EPWM3_TZ_ISR</name>
         <load_address>0x8c4c</load_address>
         <run_address>0x8c4c</run_address>
         <size>0xa</size>
         <input_file_ref idref="fl-6"/>
      </object_component>
      <object_component id="oc-1a0">
         <name>.text:EPWM4_ISR</name>
         <load_address>0x8c56</load_address>
         <run_address>0x8c56</run_address>
         <size>0xa</size>
         <input_file_ref idref="fl-6"/>
      </object_component>
      <object_component id="oc-170">
         <name>.text:EPWM4_TZ_ISR</name>
         <load_address>0x8c60</load_address>
         <run_address>0x8c60</run_address>
         <size>0xa</size>
         <input_file_ref idref="fl-6"/>
      </object_component>
      <object_component id="oc-1a6">
         <name>.text:EPWM5_ISR</name>
         <load_address>0x8c6a</load_address>
         <run_address>0x8c6a</run_address>
         <size>0xa</size>
         <input_file_ref idref="fl-6"/>
      </object_component>
      <object_component id="oc-176">
         <name>.text:EPWM5_TZ_ISR</name>
         <load_address>0x8c74</load_address>
         <run_address>0x8c74</run_address>
         <size>0xa</size>
         <input_file_ref idref="fl-6"/>
      </object_component>
      <object_component id="oc-1ac">
         <name>.text:EPWM6_ISR</name>
         <load_address>0x8c7e</load_address>
         <run_address>0x8c7e</run_address>
         <size>0xa</size>
         <input_file_ref idref="fl-6"/>
      </object_component>
      <object_component id="oc-17c">
         <name>.text:EPWM6_TZ_ISR</name>
         <load_address>0x8c88</load_address>
         <run_address>0x8c88</run_address>
         <size>0xa</size>
         <input_file_ref idref="fl-6"/>
      </object_component>
      <object_component id="oc-1b2">
         <name>.text:EPWM7_ISR</name>
         <load_address>0x8c92</load_address>
         <run_address>0x8c92</run_address>
         <size>0xa</size>
         <input_file_ref idref="fl-6"/>
      </object_component>
      <object_component id="oc-182">
         <name>.text:EPWM7_TZ_ISR</name>
         <load_address>0x8c9c</load_address>
         <run_address>0x8c9c</run_address>
         <size>0xa</size>
         <input_file_ref idref="fl-6"/>
      </object_component>
      <object_component id="oc-1b8">
         <name>.text:EPWM8_ISR</name>
         <load_address>0x8ca6</load_address>
         <run_address>0x8ca6</run_address>
         <size>0xa</size>
         <input_file_ref idref="fl-6"/>
      </object_component>
      <object_component id="oc-188">
         <name>.text:EPWM8_TZ_ISR</name>
         <load_address>0x8cb0</load_address>
         <run_address>0x8cb0</run_address>
         <size>0xa</size>
         <input_file_ref idref="fl-6"/>
      </object_component>
      <object_component id="oc-32c">
         <name>.text:EPWM9_ISR</name>
         <load_address>0x8cba</load_address>
         <run_address>0x8cba</run_address>
         <size>0xa</size>
         <input_file_ref idref="fl-6"/>
      </object_component>
      <object_component id="oc-314">
         <name>.text:EPWM9_TZ_ISR</name>
         <load_address>0x8cc4</load_address>
         <run_address>0x8cc4</run_address>
         <size>0xa</size>
         <input_file_ref idref="fl-6"/>
      </object_component>
      <object_component id="oc-1ca">
         <name>.text:EQEP1_ISR</name>
         <load_address>0x8cce</load_address>
         <run_address>0x8cce</run_address>
         <size>0xa</size>
         <input_file_ref idref="fl-6"/>
      </object_component>
      <object_component id="oc-1d0">
         <name>.text:EQEP2_ISR</name>
         <load_address>0x8cd8</load_address>
         <run_address>0x8cd8</run_address>
         <size>0xa</size>
         <input_file_ref idref="fl-6"/>
      </object_component>
      <object_component id="oc-1d6">
         <name>.text:EQEP3_ISR</name>
         <load_address>0x8ce2</load_address>
         <run_address>0x8ce2</run_address>
         <size>0xa</size>
         <input_file_ref idref="fl-6"/>
      </object_component>
      <object_component id="oc-2f0">
         <name>.text:FLSS_ISR</name>
         <load_address>0x8cec</load_address>
         <run_address>0x8cec</run_address>
         <size>0xa</size>
         <input_file_ref idref="fl-6"/>
      </object_component>
      <object_component id="oc-350">
         <name>.text:FSIRXA1_ISR</name>
         <load_address>0x8cf6</load_address>
         <run_address>0x8cf6</run_address>
         <size>0xa</size>
         <input_file_ref idref="fl-6"/>
      </object_component>
      <object_component id="oc-356">
         <name>.text:FSIRXA2_ISR</name>
         <load_address>0x8d00</load_address>
         <run_address>0x8d00</run_address>
         <size>0xa</size>
         <input_file_ref idref="fl-6"/>
      </object_component>
      <object_component id="oc-344">
         <name>.text:FSITXA1_ISR</name>
         <load_address>0x8d0a</load_address>
         <run_address>0x8d0a</run_address>
         <size>0xa</size>
         <input_file_ref idref="fl-6"/>
      </object_component>
      <object_component id="oc-34a">
         <name>.text:FSITXA2_ISR</name>
         <load_address>0x8d14</load_address>
         <run_address>0x8d14</run_address>
         <size>0xa</size>
         <input_file_ref idref="fl-6"/>
      </object_component>
      <object_component id="oc-23c">
         <name>.text:I2CA_FIFO_ISR</name>
         <load_address>0x8d1e</load_address>
         <run_address>0x8d1e</run_address>
         <size>0xa</size>
         <input_file_ref idref="fl-6"/>
      </object_component>
      <object_component id="oc-236">
         <name>.text:I2CA_ISR</name>
         <load_address>0x8d28</load_address>
         <run_address>0x8d28</run_address>
         <size>0xa</size>
         <input_file_ref idref="fl-6"/>
      </object_component>
      <object_component id="oc-248">
         <name>.text:I2CB_FIFO_ISR</name>
         <load_address>0x8d32</load_address>
         <run_address>0x8d32</run_address>
         <size>0xa</size>
         <input_file_ref idref="fl-6"/>
      </object_component>
      <object_component id="oc-242">
         <name>.text:I2CB_ISR</name>
         <load_address>0x8d3c</load_address>
         <run_address>0x8d3c</run_address>
         <size>0xa</size>
         <input_file_ref idref="fl-6"/>
      </object_component>
      <object_component id="oc-e0">
         <name>.text:ILLEGAL_ISR</name>
         <load_address>0x8d46</load_address>
         <run_address>0x8d46</run_address>
         <size>0xa</size>
         <input_file_ref idref="fl-6"/>
      </object_component>
      <object_component id="oc-35c">
         <name>.text:LINA_0_ISR</name>
         <load_address>0x8d50</load_address>
         <run_address>0x8d50</run_address>
         <size>0xa</size>
         <input_file_ref idref="fl-6"/>
      </object_component>
      <object_component id="oc-362">
         <name>.text:LINA_1_ISR</name>
         <load_address>0x8d5a</load_address>
         <run_address>0x8d5a</run_address>
         <size>0xa</size>
         <input_file_ref idref="fl-6"/>
      </object_component>
      <object_component id="oc-272">
         <name>.text:MCANA_0_ISR</name>
         <load_address>0x8d64</load_address>
         <run_address>0x8d64</run_address>
         <size>0xa</size>
         <input_file_ref idref="fl-6"/>
      </object_component>
      <object_component id="oc-278">
         <name>.text:MCANA_1_ISR</name>
         <load_address>0x8d6e</load_address>
         <run_address>0x8d6e</run_address>
         <size>0xa</size>
         <input_file_ref idref="fl-6"/>
      </object_component>
      <object_component id="oc-302">
         <name>.text:MCANA_ECC_ISR</name>
         <load_address>0x8d78</load_address>
         <run_address>0x8d78</run_address>
         <size>0xa</size>
         <input_file_ref idref="fl-6"/>
      </object_component>
      <object_component id="oc-2fc">
         <name>.text:MCANA_WAKE_ISR</name>
         <load_address>0x8d82</load_address>
         <run_address>0x8d82</run_address>
         <size>0xa</size>
         <input_file_ref idref="fl-6"/>
      </object_component>
      <object_component id="oc-368">
         <name>.text:MCANB_0_ISR</name>
         <load_address>0x8d8c</load_address>
         <run_address>0x8d8c</run_address>
         <size>0xa</size>
         <input_file_ref idref="fl-6"/>
      </object_component>
      <object_component id="oc-36e">
         <name>.text:MCANB_1_ISR</name>
         <load_address>0x8d96</load_address>
         <run_address>0x8d96</run_address>
         <size>0xa</size>
         <input_file_ref idref="fl-6"/>
      </object_component>
      <object_component id="oc-37a">
         <name>.text:MCANB_ECC_ISR</name>
         <load_address>0x8da0</load_address>
         <run_address>0x8da0</run_address>
         <size>0xa</size>
         <input_file_ref idref="fl-6"/>
      </object_component>
      <object_component id="oc-374">
         <name>.text:MCANB_WAKE_ISR</name>
         <load_address>0x8daa</load_address>
         <run_address>0x8daa</run_address>
         <size>0xa</size>
         <input_file_ref idref="fl-6"/>
      </object_component>
      <object_component id="oc-da">
         <name>.text:NMI_ISR</name>
         <load_address>0x8db4</load_address>
         <run_address>0x8db4</run_address>
         <size>0xa</size>
         <input_file_ref idref="fl-6"/>
      </object_component>
      <object_component id="oc-3e0">
         <name>.text:NOTUSED_ISR</name>
         <load_address>0x8dbe</load_address>
         <run_address>0x8dbe</run_address>
         <size>0xa</size>
         <input_file_ref idref="fl-6"/>
      </object_component>
      <object_component id="oc-3d4">
         <name>.text:PIE_RESERVED_ISR</name>
         <load_address>0x8dc8</load_address>
         <run_address>0x8dc8</run_address>
         <size>0xa</size>
         <input_file_ref idref="fl-6"/>
      </object_component>
      <object_component id="oc-230">
         <name>.text:PMBUSA_ISR</name>
         <load_address>0x8dd2</load_address>
         <run_address>0x8dd2</run_address>
         <size>0xa</size>
         <input_file_ref idref="fl-6"/>
      </object_component>
      <object_component id="oc-ce">
         <name>.text:RTOS_ISR</name>
         <load_address>0x8ddc</load_address>
         <run_address>0x8ddc</run_address>
         <size>0xa</size>
         <input_file_ref idref="fl-6"/>
      </object_component>
      <object_component id="oc-25a">
         <name>.text:SCIA_RX_ISR</name>
         <load_address>0x8de6</load_address>
         <run_address>0x8de6</run_address>
         <size>0xa</size>
         <input_file_ref idref="fl-6"/>
      </object_component>
      <object_component id="oc-260">
         <name>.text:SCIA_TX_ISR</name>
         <load_address>0x8df0</load_address>
         <run_address>0x8df0</run_address>
         <size>0xa</size>
         <input_file_ref idref="fl-6"/>
      </object_component>
      <object_component id="oc-266">
         <name>.text:SCIB_RX_ISR</name>
         <load_address>0x8dfa</load_address>
         <run_address>0x8dfa</run_address>
         <size>0xa</size>
         <input_file_ref idref="fl-6"/>
      </object_component>
      <object_component id="oc-26c">
         <name>.text:SCIB_TX_ISR</name>
         <load_address>0x8e04</load_address>
         <run_address>0x8e04</run_address>
         <size>0xa</size>
         <input_file_ref idref="fl-6"/>
      </object_component>
      <object_component id="oc-24e">
         <name>.text:SCIC_RX_ISR</name>
         <load_address>0x8e0e</load_address>
         <run_address>0x8e0e</run_address>
         <size>0xa</size>
         <input_file_ref idref="fl-6"/>
      </object_component>
      <object_component id="oc-254">
         <name>.text:SCIC_TX_ISR</name>
         <load_address>0x8e18</load_address>
         <run_address>0x8e18</run_address>
         <size>0xa</size>
         <input_file_ref idref="fl-6"/>
      </object_component>
      <object_component id="oc-1e8">
         <name>.text:SPIA_RX_ISR</name>
         <load_address>0x8e22</load_address>
         <run_address>0x8e22</run_address>
         <size>0xa</size>
         <input_file_ref idref="fl-6"/>
      </object_component>
      <object_component id="oc-1ee">
         <name>.text:SPIA_TX_ISR</name>
         <load_address>0x8e2c</load_address>
         <run_address>0x8e2c</run_address>
         <size>0xa</size>
         <input_file_ref idref="fl-6"/>
      </object_component>
      <object_component id="oc-1f4">
         <name>.text:SPIB_RX_ISR</name>
         <load_address>0x8e36</load_address>
         <run_address>0x8e36</run_address>
         <size>0xa</size>
         <input_file_ref idref="fl-6"/>
      </object_component>
      <object_component id="oc-1fa">
         <name>.text:SPIB_TX_ISR</name>
         <load_address>0x8e40</load_address>
         <run_address>0x8e40</run_address>
         <size>0xa</size>
         <input_file_ref idref="fl-6"/>
      </object_component>
      <object_component id="oc-14c">
         <name>.text:SYS_ERR_ISR</name>
         <load_address>0x8e4a</load_address>
         <run_address>0x8e4a</run_address>
         <size>0xa</size>
         <input_file_ref idref="fl-6"/>
      </object_component>
      <object_component id="oc-152">
         <name>.text:TIMER0_ISR</name>
         <load_address>0x8e54</load_address>
         <run_address>0x8e54</run_address>
         <size>0xa</size>
         <input_file_ref idref="fl-6"/>
      </object_component>
      <object_component id="oc-b9">
         <name>.text:TIMER1_ISR</name>
         <load_address>0x8e5e</load_address>
         <run_address>0x8e5e</run_address>
         <size>0xa</size>
         <input_file_ref idref="fl-6"/>
      </object_component>
      <object_component id="oc-c2">
         <name>.text:TIMER2_ISR</name>
         <load_address>0x8e68</load_address>
         <run_address>0x8e68</run_address>
         <size>0xa</size>
         <input_file_ref idref="fl-6"/>
      </object_component>
      <object_component id="oc-380">
         <name>.text:USBA_ISR</name>
         <load_address>0x8e72</load_address>
         <run_address>0x8e72</run_address>
         <size>0xa</size>
         <input_file_ref idref="fl-6"/>
      </object_component>
      <object_component id="oc-11c">
         <name>.text:USER10_ISR</name>
         <load_address>0x8e7c</load_address>
         <run_address>0x8e7c</run_address>
         <size>0xa</size>
         <input_file_ref idref="fl-6"/>
      </object_component>
      <object_component id="oc-122">
         <name>.text:USER11_ISR</name>
         <load_address>0x8e86</load_address>
         <run_address>0x8e86</run_address>
         <size>0xa</size>
         <input_file_ref idref="fl-6"/>
      </object_component>
      <object_component id="oc-128">
         <name>.text:USER12_ISR</name>
         <load_address>0x8e90</load_address>
         <run_address>0x8e90</run_address>
         <size>0xa</size>
         <input_file_ref idref="fl-6"/>
      </object_component>
      <object_component id="oc-e6">
         <name>.text:USER1_ISR</name>
         <load_address>0x8e9a</load_address>
         <run_address>0x8e9a</run_address>
         <size>0xa</size>
         <input_file_ref idref="fl-6"/>
      </object_component>
      <object_component id="oc-ec">
         <name>.text:USER2_ISR</name>
         <load_address>0x8ea4</load_address>
         <run_address>0x8ea4</run_address>
         <size>0xa</size>
         <input_file_ref idref="fl-6"/>
      </object_component>
      <object_component id="oc-f2">
         <name>.text:USER3_ISR</name>
         <load_address>0x8eae</load_address>
         <run_address>0x8eae</run_address>
         <size>0xa</size>
         <input_file_ref idref="fl-6"/>
      </object_component>
      <object_component id="oc-f8">
         <name>.text:USER4_ISR</name>
         <load_address>0x8eb8</load_address>
         <run_address>0x8eb8</run_address>
         <size>0xa</size>
         <input_file_ref idref="fl-6"/>
      </object_component>
      <object_component id="oc-fe">
         <name>.text:USER5_ISR</name>
         <load_address>0x8ec2</load_address>
         <run_address>0x8ec2</run_address>
         <size>0xa</size>
         <input_file_ref idref="fl-6"/>
      </object_component>
      <object_component id="oc-104">
         <name>.text:USER6_ISR</name>
         <load_address>0x8ecc</load_address>
         <run_address>0x8ecc</run_address>
         <size>0xa</size>
         <input_file_ref idref="fl-6"/>
      </object_component>
      <object_component id="oc-10a">
         <name>.text:USER7_ISR</name>
         <load_address>0x8ed6</load_address>
         <run_address>0x8ed6</run_address>
         <size>0xa</size>
         <input_file_ref idref="fl-6"/>
      </object_component>
      <object_component id="oc-110">
         <name>.text:USER8_ISR</name>
         <load_address>0x8ee0</load_address>
         <run_address>0x8ee0</run_address>
         <size>0xa</size>
         <input_file_ref idref="fl-6"/>
      </object_component>
      <object_component id="oc-116">
         <name>.text:USER9_ISR</name>
         <load_address>0x8eea</load_address>
         <run_address>0x8eea</run_address>
         <size>0xa</size>
         <input_file_ref idref="fl-6"/>
      </object_component>
      <object_component id="oc-2f6">
         <name>.text:VCU_ISR</name>
         <load_address>0x8ef4</load_address>
         <run_address>0x8ef4</run_address>
         <size>0xa</size>
         <input_file_ref idref="fl-6"/>
      </object_component>
      <object_component id="oc-158">
         <name>.text:WAKE_ISR</name>
         <load_address>0x8efe</load_address>
         <run_address>0x8efe</run_address>
         <size>0xa</size>
         <input_file_ref idref="fl-6"/>
      </object_component>
      <object_component id="oc-140">
         <name>.text:XINT1_ISR</name>
         <load_address>0x8f08</load_address>
         <run_address>0x8f08</run_address>
         <size>0xa</size>
         <input_file_ref idref="fl-6"/>
      </object_component>
      <object_component id="oc-146">
         <name>.text:XINT2_ISR</name>
         <load_address>0x8f12</load_address>
         <run_address>0x8f12</run_address>
         <size>0xa</size>
         <input_file_ref idref="fl-6"/>
      </object_component>
      <object_component id="oc-2de">
         <name>.text:XINT3_ISR</name>
         <load_address>0x8f1c</load_address>
         <run_address>0x8f1c</run_address>
         <size>0xa</size>
         <input_file_ref idref="fl-6"/>
      </object_component>
      <object_component id="oc-2e4">
         <name>.text:XINT4_ISR</name>
         <load_address>0x8f26</load_address>
         <run_address>0x8f26</run_address>
         <size>0xa</size>
         <input_file_ref idref="fl-6"/>
      </object_component>
      <object_component id="oc-2ea">
         <name>.text:XINT5_ISR</name>
         <load_address>0x8f30</load_address>
         <run_address>0x8f30</run_address>
         <size>0xa</size>
         <input_file_ref idref="fl-6"/>
      </object_component>
      <object_component id="oc-57d">
         <name>.text:SysIntOsc1Sel</name>
         <load_address>0x8f3a</load_address>
         <run_address>0x8f3a</run_address>
         <size>0x9</size>
         <input_file_ref idref="fl-d"/>
      </object_component>
      <object_component id="oc-644">
         <name>.text</name>
         <load_address>0x8f43</load_address>
         <run_address>0x8f43</run_address>
         <size>0x9</size>
         <input_file_ref idref="fl-2e"/>
      </object_component>
      <object_component id="oc-a1">
         <name>.text:decompress:none</name>
         <load_address>0x8f4c</load_address>
         <run_address>0x8f4c</run_address>
         <size>0x8</size>
         <input_file_ref idref="fl-2b"/>
      </object_component>
      <object_component id="oc-3fd">
         <name>.text</name>
         <load_address>0x8f54</load_address>
         <run_address>0x8f54</run_address>
         <size>0x8</size>
         <input_file_ref idref="fl-4"/>
      </object_component>
      <object_component id="oc-55e">
         <name>.text</name>
         <load_address>0x8f5c</load_address>
         <run_address>0x8f5c</run_address>
         <size>0x2</size>
         <input_file_ref idref="fl-28"/>
      </object_component>
      <object_component id="oc-62a">
         <name>.text</name>
         <load_address>0x8f5e</load_address>
         <run_address>0x8f5e</run_address>
         <size>0x1</size>
         <input_file_ref idref="fl-34"/>
      </object_component>
      <object_component id="oc-71c">
         <name>.cinit..data.load</name>
         <load_address>0x12c</load_address>
         <run_address>0x12c</run_address>
         <size>0x8</size>
      </object_component>
      <object_component id="oc-719">
         <name>__TI_handler_table</name>
         <load_address>0x134</load_address>
         <run_address>0x134</run_address>
         <size>0x6</size>
      </object_component>
      <object_component id="oc-71b">
         <name>.cinit..bss.load</name>
         <load_address>0x13a</load_address>
         <run_address>0x13a</run_address>
         <size>0x4</size>
      </object_component>
      <object_component id="oc-71d">
         <name>.cinit.PieVectTableFile.load</name>
         <load_address>0x13e</load_address>
         <run_address>0x13e</run_address>
         <size>0x4</size>
      </object_component>
      <object_component id="oc-71a">
         <name>__TI_cinit_table</name>
         <load_address>0x142</load_address>
         <run_address>0x142</run_address>
         <size>0xc</size>
      </object_component>
      <object_component id="oc-3e6">
         <name>.stack</name>
         <uninitialized>true</uninitialized>
         <run_address>0x400</run_address>
         <size>0x0</size>
         <input_file_ref idref="fl-20"/>
      </object_component>
      <object_component id="oc-71e">
         <name>.stack</name>
         <uninitialized>true</uninitialized>
         <run_address>0x400</run_address>
         <size>0x0</size>
      </object_component>
      <object_component id="oc-403">
         <name>.bss</name>
         <uninitialized>true</uninitialized>
         <run_address>0xa900</run_address>
         <size>0x10</size>
         <input_file_ref idref="fl-2"/>
      </object_component>
      <object_component id="oc-40f">
         <name>.bss:adcAResults</name>
         <uninitialized>true</uninitialized>
         <run_address>0xa800</run_address>
         <size>0x100</size>
         <input_file_ref idref="fl-2"/>
      </object_component>
      <object_component id="oc-417">
         <name>.const</name>
         <load_address>0xa910</load_address>
         <run_address>0xa910</run_address>
         <size>0x10</size>
         <input_file_ref idref="fl-2"/>
      </object_component>
      <object_component id="oc-bf">
         <name>.const</name>
         <load_address>0xa940</load_address>
         <run_address>0xa940</run_address>
         <size>0x1c0</size>
         <input_file_ref idref="fl-c"/>
      </object_component>
      <object_component id="oc-5f4">
         <name>.data</name>
         <load_address>0xab00</load_address>
         <run_address>0xab00</run_address>
         <size>0x6</size>
         <input_file_ref idref="fl-2d"/>
      </object_component>
      <object_component id="oc-5f7">
         <name>.data:_lock</name>
         <load_address>0xab06</load_address>
         <run_address>0xab06</run_address>
         <size>0x2</size>
         <input_file_ref idref="fl-2e"/>
      </object_component>
      <object_component id="oc-65e">
         <name>.data:_unlock</name>
         <load_address>0xab08</load_address>
         <run_address>0xab08</run_address>
         <size>0x2</size>
         <input_file_ref idref="fl-2e"/>
      </object_component>
      <object_component id="oc-53e">
         <name>.TI.ramfunc</name>
         <load_address>0x128</load_address>
         <run_address>0x128</run_address>
         <size>0x4</size>
         <input_file_ref idref="fl-f"/>
      </object_component>
      <object_component id="oc-458">
         <name>PieVectTableFile</name>
         <uninitialized>true</uninitialized>
         <run_address>0xd00</run_address>
         <size>0x1c0</size>
         <input_file_ref idref="fl-9"/>
      </object_component>
      <object_component id="oc-5ad">
         <name>AdccRegsFile</name>
         <uninitialized>true</uninitialized>
         <run_address>0x6a00</run_address>
         <size>0x14a</size>
         <input_file_ref idref="fl-9"/>
      </object_component>
      <object_component id="oc-5b0">
         <name>AdcdRegsFile</name>
         <uninitialized>true</uninitialized>
         <run_address>0x6c00</run_address>
         <size>0x14a</size>
         <input_file_ref idref="fl-9"/>
      </object_component>
      <object_component id="oc-5b3">
         <name>AdceRegsFile</name>
         <uninitialized>true</uninitialized>
         <run_address>0x6e00</run_address>
         <size>0x14a</size>
         <input_file_ref idref="fl-9"/>
      </object_component>
      <object_component id="oc-409">
         <name>AdcaRegsFile</name>
         <uninitialized>true</uninitialized>
         <run_address>0x7400</run_address>
         <size>0x14a</size>
         <input_file_ref idref="fl-9"/>
      </object_component>
      <object_component id="oc-5aa">
         <name>AdcbRegsFile</name>
         <uninitialized>true</uninitialized>
         <run_address>0x7600</run_address>
         <size>0x14a</size>
         <input_file_ref idref="fl-9"/>
      </object_component>
      <object_component id="oc-406">
         <name>AdcaResultRegsFile</name>
         <uninitialized>true</uninitialized>
         <run_address>0x1800</run_address>
         <size>0x58</size>
         <input_file_ref idref="fl-9"/>
      </object_component>
      <object_component id="oc-548">
         <name>AnalogSubsysRegsFile</name>
         <uninitialized>true</uninitialized>
         <run_address>0x5d700</run_address>
         <size>0x13a</size>
         <input_file_ref idref="fl-9"/>
      </object_component>
      <object_component id="oc-57a">
         <name>ClkCfgRegsFile</name>
         <uninitialized>true</uninitialized>
         <run_address>0x5d200</run_address>
         <size>0x3e</size>
         <input_file_ref idref="fl-9"/>
      </object_component>
      <object_component id="oc-45b">
         <name>CpuSysRegsFile</name>
         <uninitialized>true</uninitialized>
         <run_address>0x5d300</run_address>
         <size>0xb0</size>
         <input_file_ref idref="fl-9"/>
      </object_component>
      <object_component id="oc-60a">
         <name>Dcc0RegsFile</name>
         <uninitialized>true</uninitialized>
         <run_address>0x5e700</run_address>
         <size>0x2c</size>
         <input_file_ref idref="fl-9"/>
      </object_component>
      <object_component id="oc-60d">
         <name>Dcc1RegsFile</name>
         <uninitialized>true</uninitialized>
         <run_address>0x5e740</run_address>
         <size>0x2c</size>
         <input_file_ref idref="fl-9"/>
      </object_component>
      <object_component id="oc-544">
         <name>EPwm7RegsFile</name>
         <uninitialized>true</uninitialized>
         <run_address>0x4600</run_address>
         <size>0x100</size>
         <input_file_ref idref="fl-9"/>
      </object_component>
      <object_component id="oc-52d">
         <name>GpioCtrlRegsFile</name>
         <uninitialized>true</uninitialized>
         <run_address>0x7c00</run_address>
         <size>0x200</size>
         <input_file_ref idref="fl-9"/>
      </object_component>
      <object_component id="oc-530">
         <name>GpioDataRegsFile</name>
         <uninitialized>true</uninitialized>
         <run_address>0x7f00</run_address>
         <size>0x40</size>
         <input_file_ref idref="fl-9"/>
      </object_component>
      <object_component id="oc-40c">
         <name>PieCtrlRegsFile</name>
         <uninitialized>true</uninitialized>
         <run_address>0xce0</run_address>
         <size>0x1a</size>
         <input_file_ref idref="fl-9"/>
      </object_component>
      <object_component id="oc-576">
         <name>WdRegsFile</name>
         <uninitialized>true</uninitialized>
         <run_address>0x7000</run_address>
         <size>0x2b</size>
         <input_file_ref idref="fl-9"/>
      </object_component>
      <object_component id="oc-42d">
         <name>.debug_types</name>
         <load_address>0x0</load_address>
         <run_address>0x0</run_address>
         <size>0x2b247</size>
         <input_file_ref idref="fl-2"/>
      </object_component>
      <object_component id="oc-5b7">
         <name>.debug_types</name>
         <load_address>0x2b247</load_address>
         <run_address>0x2b247</run_address>
         <size>0x2b</size>
         <input_file_ref idref="fl-3"/>
      </object_component>
      <object_component id="oc-460">
         <name>.debug_types</name>
         <load_address>0x0</load_address>
         <run_address>0x0</run_address>
         <size>0x0</size>
         <input_file_ref idref="fl-6"/>
      </object_component>
      <object_component id="oc-505">
         <name>.debug_types</name>
         <load_address>0x2b272</load_address>
         <run_address>0x2b272</run_address>
         <size>0x52c7c</size>
         <input_file_ref idref="fl-9"/>
      </object_component>
      <object_component id="oc-534">
         <name>.debug_types</name>
         <load_address>0x7deee</load_address>
         <run_address>0x7deee</run_address>
         <size>0x5a</size>
         <input_file_ref idref="fl-a"/>
      </object_component>
      <object_component id="oc-536">
         <name>.debug_types</name>
         <load_address>0x0</load_address>
         <run_address>0x0</run_address>
         <size>0x0</size>
         <input_file_ref idref="fl-b"/>
      </object_component>
      <object_component id="oc-463">
         <name>.debug_types</name>
         <load_address>0x7df48</load_address>
         <run_address>0x7df48</run_address>
         <size>0x5a</size>
         <input_file_ref idref="fl-c"/>
      </object_component>
      <object_component id="oc-52c">
         <name>.debug_types</name>
         <load_address>0x7dfa2</load_address>
         <run_address>0x7dfa2</run_address>
         <size>0x5a</size>
         <input_file_ref idref="fl-d"/>
      </object_component>
      <object_component id="oc-5c1">
         <name>.debug_types</name>
         <load_address>0x0</load_address>
         <run_address>0x0</run_address>
         <size>0x0</size>
         <input_file_ref idref="fl-28"/>
      </object_component>
      <object_component id="oc-631">
         <name>.debug_types</name>
         <load_address>0x7dffc</load_address>
         <run_address>0x7dffc</run_address>
         <size>0x4c6</size>
         <input_file_ref idref="fl-29"/>
      </object_component>
      <object_component id="oc-4f3">
         <name>.debug_types</name>
         <load_address>0x7e4c2</load_address>
         <run_address>0x7e4c2</run_address>
         <size>0x1f3</size>
         <input_file_ref idref="fl-2a"/>
      </object_component>
      <object_component id="oc-3f0">
         <name>.debug_types</name>
         <load_address>0x0</load_address>
         <run_address>0x0</run_address>
         <size>0x0</size>
         <input_file_ref idref="fl-2b"/>
      </object_component>
      <object_component id="oc-3e8">
         <name>.debug_types</name>
         <load_address>0x7e6b5</load_address>
         <run_address>0x7e6b5</run_address>
         <size>0x191</size>
         <input_file_ref idref="fl-2c"/>
      </object_component>
      <object_component id="oc-5fb">
         <name>.debug_types</name>
         <load_address>0x7e846</load_address>
         <run_address>0x7e846</run_address>
         <size>0xbf</size>
         <input_file_ref idref="fl-2d"/>
      </object_component>
      <object_component id="oc-64c">
         <name>.debug_types</name>
         <load_address>0x7e905</load_address>
         <run_address>0x7e905</run_address>
         <size>0x2f</size>
         <input_file_ref idref="fl-2e"/>
      </object_component>
      <object_component id="oc-5f3">
         <name>.debug_types</name>
         <load_address>0x7e934</load_address>
         <run_address>0x7e934</run_address>
         <size>0xe1</size>
         <input_file_ref idref="fl-2f"/>
      </object_component>
      <object_component id="oc-4ee">
         <name>.debug_types</name>
         <load_address>0x7ea15</load_address>
         <run_address>0x7ea15</run_address>
         <size>0xb8</size>
         <input_file_ref idref="fl-33"/>
      </object_component>
      <object_component id="oc-658">
         <name>.debug_types</name>
         <load_address>0x0</load_address>
         <run_address>0x0</run_address>
         <size>0x0</size>
         <input_file_ref idref="fl-34"/>
      </object_component>
      <object_component id="oc-404">
         <name>.debug_info</name>
         <load_address>0x0</load_address>
         <run_address>0x0</run_address>
         <size>0x28d</size>
         <input_file_ref idref="fl-2"/>
      </object_component>
      <object_component id="oc-410">
         <name>.debug_info</name>
         <load_address>0x28d</load_address>
         <run_address>0x28d</run_address>
         <size>0x10d</size>
         <input_file_ref idref="fl-2"/>
      </object_component>
      <object_component id="oc-b5">
         <name>.debug_info</name>
         <load_address>0x39a</load_address>
         <run_address>0x39a</run_address>
         <size>0x190</size>
         <input_file_ref idref="fl-2"/>
      </object_component>
      <object_component id="oc-447">
         <name>.debug_info</name>
         <load_address>0x52a</load_address>
         <run_address>0x52a</run_address>
         <size>0x149</size>
         <input_file_ref idref="fl-2"/>
      </object_component>
      <object_component id="oc-44d">
         <name>.debug_info</name>
         <load_address>0x673</load_address>
         <run_address>0x673</run_address>
         <size>0x12d</size>
         <input_file_ref idref="fl-2"/>
      </object_component>
      <object_component id="oc-455">
         <name>.debug_info</name>
         <load_address>0x7a0</load_address>
         <run_address>0x7a0</run_address>
         <size>0x132</size>
         <input_file_ref idref="fl-2"/>
      </object_component>
      <object_component id="oc-af">
         <name>.debug_info</name>
         <load_address>0x8d2</load_address>
         <run_address>0x8d2</run_address>
         <size>0x26e</size>
         <input_file_ref idref="fl-2"/>
      </object_component>
      <object_component id="oc-539">
         <name>.debug_info</name>
         <load_address>0xb40</load_address>
         <run_address>0xb40</run_address>
         <size>0x198</size>
         <input_file_ref idref="fl-3"/>
      </object_component>
      <object_component id="oc-ab">
         <name>.debug_info</name>
         <load_address>0xcd8</load_address>
         <run_address>0xcd8</run_address>
         <size>0x119</size>
         <input_file_ref idref="fl-4"/>
      </object_component>
      <object_component id="oc-3ff">
         <name>.debug_info</name>
         <load_address>0xdf1</load_address>
         <run_address>0xdf1</run_address>
         <size>0x11a</size>
         <input_file_ref idref="fl-4"/>
      </object_component>
      <object_component id="oc-ba">
         <name>.debug_info</name>
         <load_address>0xf0b</load_address>
         <run_address>0xf0b</run_address>
         <size>0x12a</size>
         <input_file_ref idref="fl-6"/>
      </object_component>
      <object_component id="oc-c3">
         <name>.debug_info</name>
         <load_address>0x1035</load_address>
         <run_address>0x1035</run_address>
         <size>0x12a</size>
         <input_file_ref idref="fl-6"/>
      </object_component>
      <object_component id="oc-c9">
         <name>.debug_info</name>
         <load_address>0x115f</load_address>
         <run_address>0x115f</run_address>
         <size>0x12c</size>
         <input_file_ref idref="fl-6"/>
      </object_component>
      <object_component id="oc-cf">
         <name>.debug_info</name>
         <load_address>0x128b</load_address>
         <run_address>0x128b</run_address>
         <size>0x126</size>
         <input_file_ref idref="fl-6"/>
      </object_component>
      <object_component id="oc-d5">
         <name>.debug_info</name>
         <load_address>0x13b1</load_address>
         <run_address>0x13b1</run_address>
         <size>0x124</size>
         <input_file_ref idref="fl-6"/>
      </object_component>
      <object_component id="oc-db">
         <name>.debug_info</name>
         <load_address>0x14d5</load_address>
         <run_address>0x14d5</run_address>
         <size>0x124</size>
         <input_file_ref idref="fl-6"/>
      </object_component>
      <object_component id="oc-e1">
         <name>.debug_info</name>
         <load_address>0x15f9</load_address>
         <run_address>0x15f9</run_address>
         <size>0x12c</size>
         <input_file_ref idref="fl-6"/>
      </object_component>
      <object_component id="oc-e7">
         <name>.debug_info</name>
         <load_address>0x1725</load_address>
         <run_address>0x1725</run_address>
         <size>0x128</size>
         <input_file_ref idref="fl-6"/>
      </object_component>
      <object_component id="oc-ed">
         <name>.debug_info</name>
         <load_address>0x184d</load_address>
         <run_address>0x184d</run_address>
         <size>0x128</size>
         <input_file_ref idref="fl-6"/>
      </object_component>
      <object_component id="oc-f3">
         <name>.debug_info</name>
         <load_address>0x1975</load_address>
         <run_address>0x1975</run_address>
         <size>0x128</size>
         <input_file_ref idref="fl-6"/>
      </object_component>
      <object_component id="oc-f9">
         <name>.debug_info</name>
         <load_address>0x1a9d</load_address>
         <run_address>0x1a9d</run_address>
         <size>0x128</size>
         <input_file_ref idref="fl-6"/>
      </object_component>
      <object_component id="oc-ff">
         <name>.debug_info</name>
         <load_address>0x1bc5</load_address>
         <run_address>0x1bc5</run_address>
         <size>0x128</size>
         <input_file_ref idref="fl-6"/>
      </object_component>
      <object_component id="oc-105">
         <name>.debug_info</name>
         <load_address>0x1ced</load_address>
         <run_address>0x1ced</run_address>
         <size>0x12a</size>
         <input_file_ref idref="fl-6"/>
      </object_component>
      <object_component id="oc-10b">
         <name>.debug_info</name>
         <load_address>0x1e17</load_address>
         <run_address>0x1e17</run_address>
         <size>0x12a</size>
         <input_file_ref idref="fl-6"/>
      </object_component>
      <object_component id="oc-111">
         <name>.debug_info</name>
         <load_address>0x1f41</load_address>
         <run_address>0x1f41</run_address>
         <size>0x12a</size>
         <input_file_ref idref="fl-6"/>
      </object_component>
      <object_component id="oc-117">
         <name>.debug_info</name>
         <load_address>0x206b</load_address>
         <run_address>0x206b</run_address>
         <size>0x12a</size>
         <input_file_ref idref="fl-6"/>
      </object_component>
      <object_component id="oc-11d">
         <name>.debug_info</name>
         <load_address>0x2195</load_address>
         <run_address>0x2195</run_address>
         <size>0x12c</size>
         <input_file_ref idref="fl-6"/>
      </object_component>
      <object_component id="oc-123">
         <name>.debug_info</name>
         <load_address>0x22c1</load_address>
         <run_address>0x22c1</run_address>
         <size>0x12c</size>
         <input_file_ref idref="fl-6"/>
      </object_component>
      <object_component id="oc-129">
         <name>.debug_info</name>
         <load_address>0x23ed</load_address>
         <run_address>0x23ed</run_address>
         <size>0x12c</size>
         <input_file_ref idref="fl-6"/>
      </object_component>
      <object_component id="oc-12f">
         <name>.debug_info</name>
         <load_address>0x2519</load_address>
         <run_address>0x2519</run_address>
         <size>0x12a</size>
         <input_file_ref idref="fl-6"/>
      </object_component>
      <object_component id="oc-135">
         <name>.debug_info</name>
         <load_address>0x2643</load_address>
         <run_address>0x2643</run_address>
         <size>0x12a</size>
         <input_file_ref idref="fl-6"/>
      </object_component>
      <object_component id="oc-13b">
         <name>.debug_info</name>
         <load_address>0x276d</load_address>
         <run_address>0x276d</run_address>
         <size>0x12a</size>
         <input_file_ref idref="fl-6"/>
      </object_component>
      <object_component id="oc-141">
         <name>.debug_info</name>
         <load_address>0x2897</load_address>
         <run_address>0x2897</run_address>
         <size>0x12a</size>
         <input_file_ref idref="fl-6"/>
      </object_component>
      <object_component id="oc-147">
         <name>.debug_info</name>
         <load_address>0x29c1</load_address>
         <run_address>0x29c1</run_address>
         <size>0x12a</size>
         <input_file_ref idref="fl-6"/>
      </object_component>
      <object_component id="oc-14d">
         <name>.debug_info</name>
         <load_address>0x2aeb</load_address>
         <run_address>0x2aeb</run_address>
         <size>0x12e</size>
         <input_file_ref idref="fl-6"/>
      </object_component>
      <object_component id="oc-153">
         <name>.debug_info</name>
         <load_address>0x2c19</load_address>
         <run_address>0x2c19</run_address>
         <size>0x12c</size>
         <input_file_ref idref="fl-6"/>
      </object_component>
      <object_component id="oc-159">
         <name>.debug_info</name>
         <load_address>0x2d45</load_address>
         <run_address>0x2d45</run_address>
         <size>0x128</size>
         <input_file_ref idref="fl-6"/>
      </object_component>
      <object_component id="oc-15f">
         <name>.debug_info</name>
         <load_address>0x2e6d</load_address>
         <run_address>0x2e6d</run_address>
         <size>0x130</size>
         <input_file_ref idref="fl-6"/>
      </object_component>
      <object_component id="oc-165">
         <name>.debug_info</name>
         <load_address>0x2f9d</load_address>
         <run_address>0x2f9d</run_address>
         <size>0x130</size>
         <input_file_ref idref="fl-6"/>
      </object_component>
      <object_component id="oc-16b">
         <name>.debug_info</name>
         <load_address>0x30cd</load_address>
         <run_address>0x30cd</run_address>
         <size>0x130</size>
         <input_file_ref idref="fl-6"/>
      </object_component>
      <object_component id="oc-171">
         <name>.debug_info</name>
         <load_address>0x31fd</load_address>
         <run_address>0x31fd</run_address>
         <size>0x130</size>
         <input_file_ref idref="fl-6"/>
      </object_component>
      <object_component id="oc-177">
         <name>.debug_info</name>
         <load_address>0x332d</load_address>
         <run_address>0x332d</run_address>
         <size>0x130</size>
         <input_file_ref idref="fl-6"/>
      </object_component>
      <object_component id="oc-17d">
         <name>.debug_info</name>
         <load_address>0x345d</load_address>
         <run_address>0x345d</run_address>
         <size>0x130</size>
         <input_file_ref idref="fl-6"/>
      </object_component>
      <object_component id="oc-183">
         <name>.debug_info</name>
         <load_address>0x358d</load_address>
         <run_address>0x358d</run_address>
         <size>0x130</size>
         <input_file_ref idref="fl-6"/>
      </object_component>
      <object_component id="oc-189">
         <name>.debug_info</name>
         <load_address>0x36bd</load_address>
         <run_address>0x36bd</run_address>
         <size>0x130</size>
         <input_file_ref idref="fl-6"/>
      </object_component>
      <object_component id="oc-18f">
         <name>.debug_info</name>
         <load_address>0x37ed</load_address>
         <run_address>0x37ed</run_address>
         <size>0x12a</size>
         <input_file_ref idref="fl-6"/>
      </object_component>
      <object_component id="oc-195">
         <name>.debug_info</name>
         <load_address>0x3917</load_address>
         <run_address>0x3917</run_address>
         <size>0x12a</size>
         <input_file_ref idref="fl-6"/>
      </object_component>
      <object_component id="oc-19b">
         <name>.debug_info</name>
         <load_address>0x3a41</load_address>
         <run_address>0x3a41</run_address>
         <size>0x12a</size>
         <input_file_ref idref="fl-6"/>
      </object_component>
      <object_component id="oc-1a1">
         <name>.debug_info</name>
         <load_address>0x3b6b</load_address>
         <run_address>0x3b6b</run_address>
         <size>0x12a</size>
         <input_file_ref idref="fl-6"/>
      </object_component>
      <object_component id="oc-1a7">
         <name>.debug_info</name>
         <load_address>0x3c95</load_address>
         <run_address>0x3c95</run_address>
         <size>0x12a</size>
         <input_file_ref idref="fl-6"/>
      </object_component>
      <object_component id="oc-1ad">
         <name>.debug_info</name>
         <load_address>0x3dbf</load_address>
         <run_address>0x3dbf</run_address>
         <size>0x12a</size>
         <input_file_ref idref="fl-6"/>
      </object_component>
      <object_component id="oc-1b3">
         <name>.debug_info</name>
         <load_address>0x3ee9</load_address>
         <run_address>0x3ee9</run_address>
         <size>0x12a</size>
         <input_file_ref idref="fl-6"/>
      </object_component>
      <object_component id="oc-1b9">
         <name>.debug_info</name>
         <load_address>0x4013</load_address>
         <run_address>0x4013</run_address>
         <size>0x12a</size>
         <input_file_ref idref="fl-6"/>
      </object_component>
      <object_component id="oc-1bf">
         <name>.debug_info</name>
         <load_address>0x413d</load_address>
         <run_address>0x413d</run_address>
         <size>0x12a</size>
         <input_file_ref idref="fl-6"/>
      </object_component>
      <object_component id="oc-1c5">
         <name>.debug_info</name>
         <load_address>0x4267</load_address>
         <run_address>0x4267</run_address>
         <size>0x12a</size>
         <input_file_ref idref="fl-6"/>
      </object_component>
      <object_component id="oc-1cb">
         <name>.debug_info</name>
         <load_address>0x4391</load_address>
         <run_address>0x4391</run_address>
         <size>0x12a</size>
         <input_file_ref idref="fl-6"/>
      </object_component>
      <object_component id="oc-1d1">
         <name>.debug_info</name>
         <load_address>0x44bb</load_address>
         <run_address>0x44bb</run_address>
[...]
         <name>USER4_ISR</name>
         <value>0x8eb8</value>
         <object_component_ref idref="oc-f8"/>
      </symbol>
      <symbol id="sm-597">
         <name>EQEP3_ISR</name>
         <value>0x8ce2</value>
         <object_component_ref idref="oc-1d6"/>
      </symbol>
      <symbol id="sm-598">
         <name>SCIA_RX_ISR</name>
         <value>0x8de6</value>
         <object_component_ref idref="oc-25a"/>
      </symbol>
      <symbol id="sm-599">
         <name>SCIA_TX_ISR</name>
         <value>0x8df0</value>
         <object_component_ref idref="oc-260"/>
      </symbol>
      <symbol id="sm-59a">
         <name>MCANB_0_ISR</name>
         <value>0x8d8c</value>
         <object_component_ref idref="oc-368"/>
      </symbol>
      <symbol id="sm-59b">
         <name>CLB2_ISR</name>
         <value>0x8b5c</value>
         <object_component_ref idref="oc-1e2"/>
      </symbol>
      <symbol id="sm-59c">
         <name>ADCE4_ISR</name>
         <value>0x8ae4</value>
         <object_component_ref idref="oc-3c8"/>
      </symbol>
      <symbol id="sm-59d">
         <name>ADCD4_ISR</name>
         <value>0x8ab2</value>
         <object_component_ref idref="oc-3b0"/>
      </symbol>
      <symbol id="sm-59e">
         <name>ECAP1_ISR</name>
         <value>0x8bc0</value>
         <object_component_ref idref="oc-1be"/>
      </symbol>
      <symbol id="sm-59f">
         <name>ADCA4_ISR</name>
         <value>0x8a1c</value>
         <object_component_ref idref="oc-290"/>
      </symbol>
      <symbol id="sm-5a0">
         <name>ADCC4_ISR</name>
         <value>0x8a80</value>
         <object_component_ref idref="oc-398"/>
      </symbol>
      <symbol id="sm-5a1">
         <name>ADCB4_ISR</name>
         <value>0x8a4e</value>
         <object_component_ref idref="oc-2a8"/>
      </symbol>
      <symbol id="sm-5a2">
         <name>FSITXA2_ISR</name>
         <value>0x8d14</value>
         <object_component_ref idref="oc-34a"/>
      </symbol>
      <symbol id="sm-5a3">
         <name>EPWM7_ISR</name>
         <value>0x8c92</value>
         <object_component_ref idref="oc-1b2"/>
      </symbol>
      <symbol id="sm-5a4">
         <name>EPWM9_ISR</name>
         <value>0x8cba</value>
         <object_component_ref idref="oc-32c"/>
      </symbol>
      <symbol id="sm-5a5">
         <name>USER10_ISR</name>
         <value>0x8e7c</value>
         <object_component_ref idref="oc-11c"/>
      </symbol>
      <symbol id="sm-5a6">
         <name>XINT1_ISR</name>
         <value>0x8f08</value>
         <object_component_ref idref="oc-140"/>
      </symbol>
      <symbol id="sm-5a7">
         <name>USER7_ISR</name>
         <value>0x8ed6</value>
         <object_component_ref idref="oc-10a"/>
      </symbol>
      <symbol id="sm-5a8">
         <name>CLA1_1_ISR</name>
         <value>0x8b02</value>
         <object_component_ref idref="oc-2ae"/>
      </symbol>
      <symbol id="sm-5a9">
         <name>MCANA_WAKE_ISR</name>
         <value>0x8d82</value>
         <object_component_ref idref="oc-2fc"/>
      </symbol>
      <symbol id="sm-5aa">
         <name>USER9_ISR</name>
         <value>0x8eea</value>
         <object_component_ref idref="oc-116"/>
      </symbol>
      <symbol id="sm-5ab">
         <name>MCANB_1_ISR</name>
         <value>0x8d96</value>
         <object_component_ref idref="oc-36e"/>
      </symbol>
      <symbol id="sm-5ac">
         <name>ECAP2_ISR</name>
         <value>0x8bca</value>
         <object_component_ref idref="oc-1c4"/>
      </symbol>
      <symbol id="sm-5ad">
         <name>EPWM5_TZ_ISR</name>
         <value>0x8c74</value>
         <object_component_ref idref="oc-176"/>
      </symbol>
      <symbol id="sm-5ae">
         <name>FLSS_ISR</name>
         <value>0x8cec</value>
         <object_component_ref idref="oc-2f0"/>
      </symbol>
      <symbol id="sm-5af">
         <name>I2CB_FIFO_ISR</name>
         <value>0x8d32</value>
         <object_component_ref idref="oc-248"/>
      </symbol>
      <symbol id="sm-5b0">
         <name>DMA_CH1_ISR</name>
         <value>0x8b84</value>
         <object_component_ref idref="oc-20c"/>
      </symbol>
      <symbol id="sm-5b1">
         <name>CLA1_8_ISR</name>
         <value>0x8b48</value>
         <object_component_ref idref="oc-2d8"/>
      </symbol>
      <symbol id="sm-5b2">
         <name>USER6_ISR</name>
         <value>0x8ecc</value>
         <object_component_ref idref="oc-104"/>
      </symbol>
      <symbol id="sm-5b3">
         <name>CLA1_2_ISR</name>
         <value>0x8b0c</value>
         <object_component_ref idref="oc-2b4"/>
      </symbol>
      <symbol id="sm-5b4">
         <name>USER8_ISR</name>
         <value>0x8ee0</value>
         <object_component_ref idref="oc-110"/>
      </symbol>
      <symbol id="sm-5b5">
         <name>SPIB_RX_ISR</name>
         <value>0x8e36</value>
         <object_component_ref idref="oc-1f4"/>
      </symbol>
      <symbol id="sm-5b6">
         <name>SPIB_TX_ISR</name>
         <value>0x8e40</value>
         <object_component_ref idref="oc-1fa"/>
      </symbol>
      <symbol id="sm-5b7">
         <name>EPWM1_ISR</name>
         <value>0x8c1a</value>
         <object_component_ref idref="oc-18e"/>
      </symbol>
      <symbol id="sm-5b8">
         <name>DMA_CH2_ISR</name>
         <value>0x8b8e</value>
         <object_component_ref idref="oc-212"/>
      </symbol>
      <symbol id="sm-5b9">
         <name>USER12_ISR</name>
         <value>0x8e90</value>
         <object_component_ref idref="oc-128"/>
      </symbol>
      <symbol id="sm-5ba">
         <name>MCANB_WAKE_ISR</name>
         <value>0x8daa</value>
         <object_component_ref idref="oc-374"/>
      </symbol>
      <symbol id="sm-5bb">
         <name>XINT3_ISR</name>
         <value>0x8f1c</value>
         <object_component_ref idref="oc-2de"/>
      </symbol>
      <symbol id="sm-5bc">
         <name>USER1_ISR</name>
         <value>0x8e9a</value>
         <object_component_ref idref="oc-e6"/>
      </symbol>
      <symbol id="sm-5bd">
         <name>CLA1_3_ISR</name>
         <value>0x8b16</value>
         <object_component_ref idref="oc-2ba"/>
      </symbol>
      <symbol id="sm-5be">
         <name>I2CA_ISR</name>
         <value>0x8d28</value>
         <object_component_ref idref="oc-236"/>
      </symbol>
      <symbol id="sm-5bf">
         <name>FSIRXA1_ISR</name>
         <value>0x8cf6</value>
         <object_component_ref idref="oc-350"/>
      </symbol>
      <symbol id="sm-5c0">
         <name>EPWM1_TZ_ISR</name>
         <value>0x8c24</value>
         <object_component_ref idref="oc-15e"/>
      </symbol>
      <symbol id="sm-5c1">
         <name>I2CA_FIFO_ISR</name>
         <value>0x8d1e</value>
         <object_component_ref idref="oc-23c"/>
      </symbol>
      <symbol id="sm-5c2">
         <name>EPWM2_ISR</name>
         <value>0x8c2e</value>
         <object_component_ref idref="oc-194"/>
      </symbol>
      <symbol id="sm-5c3">
         <name>USBA_ISR</name>
         <value>0x8e72</value>
         <object_component_ref idref="oc-380"/>
      </symbol>
      <symbol id="sm-5c4">
         <name>ADCD_EVT_ISR</name>
         <value>0x8abc</value>
         <object_component_ref idref="oc-39e"/>
      </symbol>
      <symbol id="sm-5c5">
         <name>DMA_CH3_ISR</name>
         <value>0x8b98</value>
         <object_component_ref idref="oc-218"/>
      </symbol>
      <symbol id="sm-5c6">
         <name>MCANB_ECC_ISR</name>
         <value>0x8da0</value>
         <object_component_ref idref="oc-37a"/>
      </symbol>
      <symbol id="sm-5c7">
         <name>ADCC_EVT_ISR</name>
         <value>0x8a8a</value>
         <object_component_ref idref="oc-386"/>
      </symbol>
      <symbol id="sm-5c8">
         <name>EPWM11_ISR</name>
         <value>0x8bf2</value>
         <object_component_ref idref="oc-338"/>
      </symbol>
      <symbol id="sm-5c9">
         <name>DATALOG_ISR</name>
         <value>0x8b66</value>
         <object_component_ref idref="oc-c8"/>
      </symbol>
      <symbol id="sm-5ca">
         <name>XINT2_ISR</name>
         <value>0x8f12</value>
         <object_component_ref idref="oc-146"/>
      </symbol>
      <symbol id="sm-5cb">
         <name>MCANA_0_ISR</name>
         <value>0x8d64</value>
         <object_component_ref idref="oc-272"/>
      </symbol>
      <symbol id="sm-5cc">
         <name>AES_SINTREQUEST_ISR</name>
         <value>0x8af8</value>
         <object_component_ref idref="oc-3ce"/>
      </symbol>
      <symbol id="sm-5cd">
         <name>PIE_RESERVED_ISR</name>
         <value>0x8dc8</value>
         <object_component_ref idref="oc-3d4"/>
      </symbol>
      <symbol id="sm-5ce">
         <name>SCIB_RX_ISR</name>
         <value>0x8dfa</value>
         <object_component_ref idref="oc-266"/>
      </symbol>
      <symbol id="sm-5cf">
         <name>SCIB_TX_ISR</name>
         <value>0x8e04</value>
         <object_component_ref idref="oc-26c"/>
      </symbol>
      <symbol id="sm-5d0">
         <name>I2CB_ISR</name>
         <value>0x8d3c</value>
         <object_component_ref idref="oc-242"/>
      </symbol>
      <symbol id="sm-5d1">
         <name>FSIRXA2_ISR</name>
         <value>0x8d00</value>
         <object_component_ref idref="oc-356"/>
      </symbol>
      <symbol id="sm-5d2">
         <name>EPWM12_TZ_ISR</name>
         <value>0x8c10</value>
         <object_component_ref idref="oc-326"/>
      </symbol>
      <symbol id="sm-5d3">
         <name>ILLEGAL_ISR</name>
         <value>0x8d46</value>
         <object_component_ref idref="oc-e0"/>
      </symbol>
      <symbol id="sm-5d4">
         <name>EPWM3_ISR</name>
         <value>0x8c42</value>
         <object_component_ref idref="oc-19a"/>
      </symbol>
      <symbol id="sm-5d5">
         <name>TIMER0_ISR</name>
         <value>0x8e54</value>
         <object_component_ref idref="oc-152"/>
      </symbol>
      <symbol id="sm-5d6">
         <name>EPWM10_ISR</name>
         <value>0x8bde</value>
         <object_component_ref idref="oc-332"/>
      </symbol>
      <symbol id="sm-5d7">
         <name>USER3_ISR</name>
         <value>0x8eae</value>
         <object_component_ref idref="oc-f2"/>
      </symbol>
      <symbol id="sm-5d8">
         <name>MCANA_1_ISR</name>
         <value>0x8d6e</value>
         <object_component_ref idref="oc-278"/>
      </symbol>
      <symbol id="sm-635">
         <name>AdcbRegs</name>
         <value>0x7600</value>
         <object_component_ref idref="oc-5aa"/>
      </symbol>
      <symbol id="sm-636">
         <name>AdccRegs</name>
         <value>0x6a00</value>
         <object_component_ref idref="oc-5ad"/>
      </symbol>
      <symbol id="sm-637">
         <name>ClkCfgRegs</name>
         <value>0x5d200</value>
         <object_component_ref idref="oc-57a"/>
      </symbol>
      <symbol id="sm-638">
         <name>AdcdRegs</name>
         <value>0x6c00</value>
         <object_component_ref idref="oc-5b0"/>
      </symbol>
      <symbol id="sm-639">
         <name>AdceRegs</name>
         <value>0x6e00</value>
         <object_component_ref idref="oc-5b3"/>
      </symbol>
      <symbol id="sm-63a">
         <name>PieVectTable</name>
         <value>0xd00</value>
         <object_component_ref idref="oc-458"/>
      </symbol>
      <symbol id="sm-63b">
         <name>GpioCtrlRegs</name>
         <value>0x7c00</value>
         <object_component_ref idref="oc-52d"/>
      </symbol>
      <symbol id="sm-63c">
         <name>Dcc0Regs</name>
         <value>0x5e700</value>
         <object_component_ref idref="oc-60a"/>
      </symbol>
      <symbol id="sm-63d">
         <name>CpuSysRegs</name>
         <value>0x5d300</value>
         <object_component_ref idref="oc-45b"/>
      </symbol>
      <symbol id="sm-63e">
         <name>Dcc1Regs</name>
         <value>0x5e740</value>
         <object_component_ref idref="oc-60d"/>
      </symbol>
      <symbol id="sm-63f">
         <name>EPwm7Regs</name>
         <value>0x4600</value>
         <object_component_ref idref="oc-544"/>
      </symbol>
      <symbol id="sm-640">
         <name>AdcaResultRegs</name>
         <value>0x1800</value>
         <object_component_ref idref="oc-406"/>
      </symbol>
      <symbol id="sm-641">
         <name>PieCtrlRegs</name>
         <value>0xce0</value>
         <object_component_ref idref="oc-40c"/>
      </symbol>
      <symbol id="sm-642">
         <name>WdRegs</name>
         <value>0x7000</value>
         <object_component_ref idref="oc-576"/>
      </symbol>
      <symbol id="sm-643">
         <name>GpioDataRegs</name>
         <value>0x7f00</value>
         <object_component_ref idref="oc-530"/>
      </symbol>
      <symbol id="sm-644">
         <name>AnalogSubsysRegs</name>
         <value>0x5d700</value>
         <object_component_ref idref="oc-548"/>
      </symbol>
      <symbol id="sm-645">
         <name>AdcaRegs</name>
         <value>0x7400</value>
         <object_component_ref idref="oc-409"/>
      </symbol>
      <symbol id="sm-657">
         <name>InitGpio</name>
         <value>0x8746</value>
         <object_component_ref idref="oc-434"/>
      </symbol>
      <symbol id="sm-664">
         <name>InitPieCtrl</name>
         <value>0x88f5</value>
         <object_component_ref idref="oc-43a"/>
      </symbol>
      <symbol id="sm-678">
         <name>InitPieVectTable</name>
         <value>0x888d</value>
         <object_component_ref idref="oc-440"/>
      </symbol>
      <symbol id="sm-679">
         <name>PieVectTableInit</name>
         <value>0xa940</value>
         <object_component_ref idref="oc-bf"/>
      </symbol>
      <symbol id="sm-6f6">
         <name>ComputeCntrSeedValue</name>
         <value>0x8677</value>
         <object_component_ref idref="oc-615"/>
      </symbol>
      <symbol id="sm-6f7">
         <name>IsPLLValid</name>
         <value>0x832a</value>
         <object_component_ref idref="oc-595"/>
      </symbol>
      <symbol id="sm-6f8">
         <name>InitPeripheralClocks</name>
         <value>0x85fc</value>
         <object_component_ref idref="oc-525"/>
      </symbol>
      <symbol id="sm-6f9">
         <name>SysIntOsc1Sel</name>
         <value>0x8f3a</value>
         <object_component_ref idref="oc-57d"/>
      </symbol>
      <symbol id="sm-6fa">
         <name>SysXtalOscSel</name>
         <value>0x88d5</value>
         <object_component_ref idref="oc-589"/>
      </symbol>
      <symbol id="sm-6fb">
         <name>SysXtalOscSESel</name>
         <value>0x8994</value>
         <object_component_ref idref="oc-58f"/>
      </symbol>
      <symbol id="sm-6fc">
         <name>InitSysCtrl</name>
         <value>0x897f</value>
         <object_component_ref idref="oc-42e"/>
      </symbol>
      <symbol id="sm-6fd">
         <name>DisableDog</name>
         <value>0x89cb</value>
         <object_component_ref idref="oc-519"/>
      </symbol>
      <symbol id="sm-6fe">
         <name>InitSysPll</name>
         <value>0x8244</value>
         <object_component_ref idref="oc-51f"/>
      </symbol>
      <symbol id="sm-6ff">
         <name>SysIntOsc2Sel</name>
         <value>0x87f9</value>
         <object_component_ref idref="oc-583"/>
      </symbol>
      <symbol id="sm-708">
         <name>F28x_usDelay</name>
         <value>0x128</value>
         <object_component_ref idref="oc-53e"/>
      </symbol>
      <symbol id="sm-712">
         <name>_c_int00</name>
         <value>0x8968</value>
         <object_component_ref idref="oc-4fb"/>
      </symbol>
      <symbol id="sm-713">
         <name>__stack</name>
         <value>0x400</value>
         <object_component_ref idref="oc-3e6"/>
      </symbol>
      <symbol id="sm-721">
         <name>__c28xabi_mpyd</name>
         <value>0x8579</value>
         <object_component_ref idref="oc-418"/>
      </symbol>
      <symbol id="sm-729">
         <name>__c28xabi_subd</name>
         <value>0x89bd</value>
         <object_component_ref idref="oc-427"/>
      </symbol>
      <symbol id="sm-736">
         <name>__c28xabi_divf</name>
         <value>0x84f1</value>
         <object_component_ref idref="oc-610"/>
      </symbol>
      <symbol id="sm-743">
         <name>__c28xabi_ftod</name>
         <value>0x8931</value>
         <object_component_ref idref="oc-412"/>
      </symbol>
      <symbol id="sm-74f">
         <name>__c28xabi_dtof</name>
         <value>0x88b2</value>
         <object_component_ref idref="oc-422"/>
      </symbol>
      <symbol id="sm-762">
         <name>__c28xabi_divd</name>
         <value>0x8466</value>
         <object_component_ref idref="oc-41d"/>
      </symbol>
      <symbol id="sm-76f">
         <name>_system_pre_init</name>
         <value>0x8f5c</value>
         <object_component_ref idref="oc-55e"/>
      </symbol>
      <symbol id="sm-77e">
         <name>__TI_auto_init_nobinit_nopinit</name>
         <value>0x8839</value>
         <object_component_ref idref="oc-5c2"/>
      </symbol>
      <symbol id="sm-78d">
         <name>__TI_zero_init_nomemset</name>
         <value>0x89e5</value>
         <object_component_ref idref="oc-3f1"/>
      </symbol>
      <symbol id="sm-79a">
         <name>__TI_decompress_none</name>
         <value>0x8f4c</value>
         <object_component_ref idref="oc-a1"/>
      </symbol>
      <symbol id="sm-7ae">
         <name>__TI_decompress_lzss</name>
         <value>0x87cb</value>
         <object_component_ref idref="oc-9b"/>
      </symbol>
      <symbol id="sm-7c4">
         <name>C$$EXIT</name>
         <value>0x8864</value>
         <object_component_ref idref="oc-56b"/>
      </symbol>
      <symbol id="sm-7c5">
         <name>abort</name>
         <value>0x8864</value>
         <object_component_ref idref="oc-56b"/>
      </symbol>
      <symbol id="sm-7c6">
         <name>exit</name>
         <value>0x8866</value>
         <object_component_ref idref="oc-56b"/>
      </symbol>
      <symbol id="sm-7c7">
         <name>__TI_dtors_ptr</name>
         <value>0xab04</value>
         <object_component_ref idref="oc-5f4"/>
      </symbol>
      <symbol id="sm-7c8">
         <name>__TI_cleanup_ptr</name>
         <value>0xab02</value>
         <object_component_ref idref="oc-5f4"/>
      </symbol>
      <symbol id="sm-7c9">
         <name>__TI_enable_exit_profile_output</name>
         <value>0xab00</value>
         <object_component_ref idref="oc-5f4"/>
      </symbol>
      <symbol id="sm-7e0">
         <name>_nop</name>
         <value>0x8f4b</value>
         <object_component_ref idref="oc-644"/>
      </symbol>
      <symbol id="sm-7e1">
         <name>_lock</name>
         <value>0xab06</value>
         <object_component_ref idref="oc-5f7"/>
      </symbol>
      <symbol id="sm-7e2">
         <name>_unlock</name>
         <value>0xab08</value>
         <object_component_ref idref="oc-65e"/>
      </symbol>
      <symbol id="sm-7e3">
         <name>_register_lock</name>
         <value>0x8f47</value>
         <object_component_ref idref="oc-644"/>
      </symbol>
      <symbol id="sm-7e4">
         <name>_register_unlock</name>
         <value>0x8f43</value>
         <object_component_ref idref="oc-644"/>
      </symbol>
      <symbol id="sm-7f3">
         <name>_args_main</name>
         <value>0x89f2</value>
         <object_component_ref idref="oc-565"/>
      </symbol>
      <symbol id="sm-80b">
         <name>__c28xabi_addd</name>
         <value>0x83ca</value>
         <object_component_ref idref="oc-510"/>
      </symbol>
      <symbol id="sm-81e">
         <name>memcpy</name>
         <value>0x8914</value>
         <object_component_ref idref="oc-3e9"/>
      </symbol>
      <symbol id="sm-82b">
         <name>_system_post_cinit</name>
         <value>0x8f5e</value>
         <object_component_ref idref="oc-62a"/>
      </symbol>
      <symbol id="sm-82d">
         <name>__c_args__</name>
         <value>0x0</value>
      </symbol>
   </symbol_table>
   <title>Link successful</title>
</link_info>
