******************************************************************************
             TMS320C2000 Linker PC v22.6.2                     
******************************************************************************
>> Linked Wed Apr 15 13:00:01 2026

OUTPUT FILE NAME:   <adc_ex1_soc_epwm.out>
ENTRY POINT SYMBOL: "code_start"  address: 00000000


MEMORY CONFIGURATION

         name            origin    length      used     unused   attr    fill
----------------------  --------  ---------  --------  --------  ----  --------
PAGE 0:
  BEGIN                 00000000   00000002  00000002  00000000  RWIX
  BOOT_RSVD             00000002   00000126  00000000  00000126  RWIX
  RAMM0                 00000128   000002d8  00000026  000002b2  RWIX
  RAMM1                 00000400   00000400  00000200  00000200  RWIX
  CLATOCPURAM           00001480   00000080  00000000  00000080  RWIX
  CPUTOCLARAM           00001500   00000080  00000000  00000080  RWIX
  CLATODMARAM           00001680   00000080  00000000  00000080  RWIX
  DMATOCLARAM           00001700   00000080  00000000  00000080  RWIX
  RAMLS0                00008000   00000800  00000800  00000000  RWIX
  RAMLS1                00008800   00000800  00000611  000001ef  RWIX
  RAMLS2                00009000   00000800  00000000  00000800  RWIX
  RAMLS3                00009800   00000800  00000000  00000800  RWIX
  RAMLS4                0000a000   00000800  00000000  00000800  RWIX
  RAMLS5                0000a800   00000800  0000030a  000004f6  RWIX
  RAMLS6                0000b000   00000800  00000000  00000800  RWIX
  RAMLS7                0000b800   00000800  00000000  00000800  RWIX
  RAMGS0                0000c000   00002000  00000000  00002000  RWIX
  RAMGS1                0000e000   00002000  00000000  00002000  RWIX
  RAMGS2                00010000   00002000  00000000  00002000  RWIX
  RAMGS3                00012000   00002000  00000000  00002000  RWIX
  RAMLS8                00014000   00002000  00000000  00002000  RWIX
  RAMLS9                00016000   00002000  00000000  00002000  RWIX
  FLASH_BANK0           00080000   00020000  00000000  00020000  RWIX
  FLASH_BANK1           000a0000   00020000  00000000  00020000  RWIX
  FLASH_BANK2           000c0000   00020000  00000000  00020000  RWIX
  FLASH_BANK3           000e0000   00020000  00000000  00020000  RWIX
  FLASH_BANK4           00100000   00008000  00000000  00008000  RWIX
  RESET                 003fffc0   00000002  00000000  00000002  RWIX

PAGE 1:
  CPUTIMER0             00000c00   00000008  00000000  00000008  RWIX
  CPUTIMER1             00000c08   00000008  00000000  00000008  RWIX
  CPUTIMER2             00000c10   00000008  00000000  00000008  RWIX
  PIECTRL               00000ce0   0000001a  0000001a  00000000  RWIX
  PIEVECTTABLE          00000d00   00000200  000001c0  00000040  RWIX
  DMA                   00001000   00000200  00000000  00000200  RWIX
  CLA1                  00001400   00000080  00000000  00000080  RWIX
  ADCARESULT            00001800   00000058  00000058  00000000  RWIX
  ADCBRESULT            00001880   00000058  00000000  00000058  RWIX
  ADCCRESULT            00001900   00000058  00000000  00000058  RWIX
  ADCDRESULT            00001980   00000058  00000000  00000058  RWIX
  ADCERESULT            00001a00   00000058  00000000  00000058  RWIX
  CLB1LOGICCFG          00003000   00000052  00000000  00000052  RWIX
  CLB1LOGICCTRL         00003100   00000040  00000000  00000040  RWIX
  CLB1DATAEXCH          00003180   00000080  00000000  00000080  RWIX
  CLB2LOGICCFG          00003400   00000052  00000000  00000052  RWIX
  CLB2LOGICCTRL         00003500   00000040  00000000  00000040  RWIX
  CLB2DATAEXCH          00003580   00000080  00000000  00000080  RWIX
  EPWM1                 00004000   00000100  00000100  00000000  RWIX
  EPWM2                 00004100   00000100  00000000  00000100  RWIX
  EPWM3                 00004200   00000100  00000000  00000100  RWIX
  EPWM4                 00004300   00000100  00000000  00000100  RWIX
  EPWM5                 00004400   00000100  00000000  00000100  RWIX
  EPWM6                 00004500   00000100  00000000  00000100  RWIX
  EPWM7                 00004600   00000100  00000000  00000100  RWIX
  EPWM8                 00004700   00000100  00000000  00000100  RWIX
  EPWM9                 00004800   00000100  00000000  00000100  RWIX
  EPWM10                00004900   00000100  00000000  00000100  RWIX
  EPWM11                00004a00   00000100  00000000  00000100  RWIX
  EPWM12                00004b00   00000100  00000000  00000100  RWIX
  EQEP1                 00005100   00000040  00000000  00000040  RWIX
  EQEP2                 00005140   00000040  00000000  00000040  RWIX
  EQEP3                 00005180   00000040  00000000  00000040  RWIX
  ECAP1                 00005200   00000020  00000000  00000020  RWIX
  ECAP2                 00005240   00000020  00000000  00000020  RWIX
  CMPSS1                00005500   00000040  00000000  00000040  RWIX
  CMPSS2                00005540   00000040  00000000  00000040  RWIX
  CMPSS3                00005580   00000040  00000000  00000040  RWIX
  CMPSS4                000055c0   00000040  00000000  00000040  RWIX
  PGA1                  00005b00   00000008  00000000  00000008  RWIX
  PGA2                  00005b10   00000008  00000000  00000008  RWIX
  PGA3                  00005b20   00000008  00000000  00000008  RWIX
  DACA                  00005c00   00000008  00000000  00000008  RWIX
  SPIA                  00006100   00000010  00000000  00000010  RWIX
  SPIB                  00006110   00000010  00000000  00000010  RWIX
  PMBUSA                00006400   00000020  00000000  00000020  RWIX
  FSITXA                00006600   00000050  00000000  00000050  RWIX
  FSIRXA                00006680   00000050  00000000  00000050  RWIX
  LINA                  00006800   000000ec  00000000  000000ec  RWIX
  ADCC                  00006a00   00000160  0000014a  00000016  RWIX
  ADCD                  00006c00   00000160  0000014a  00000016  RWIX
  ADCE                  00006e00   00000160  0000014a  00000016  RWIX
  WD                    00007000   0000002c  0000002b  00000001  RWIX
  NMIINTRUPT            00007060   00000010  00000000  00000010  RWIX
  XINT                  00007070   0000000c  00000000  0000000c  RWIX
  SCIA                  00007200   00000010  00000000  00000010  RWIX
  SCIB                  00007210   00000010  00000000  00000010  RWIX
  SCIC                  00007220   00000010  00000000  00000010  RWIX
  I2CA                  00007300   00000022  00000000  00000022  RWIX
  I2CB                  00007340   00000022  00000000  00000022  RWIX
  ADCA                  00007400   00000160  0000014a  00000016  RWIX
  ADCB                  00007600   00000160  0000014a  00000016  RWIX
  INPUTXBAR             00007900   00000020  00000000  00000020  RWIX
  XBAR                  00007920   00000020  00000000  00000020  RWIX
  SYNCSOC               00007940   00000006  00000000  00000006  RWIX
  CLBINPUTXBAR          00007960   00000020  00000000  00000020  RWIX
  DMACLASRCSEL          00007980   0000001a  00000000  0000001a  RWIX
  EPWMXBAR              00007a00   00000040  00000000  00000040  RWIX
  CLBXBAR               00007a40   00000040  00000000  00000040  RWIX
  OUTPUTXBAR            00007a80   00000040  00000000  00000040  RWIX
  CLBOUTPUTXBAR         00007bc0   00000040  00000000  00000040  RWIX
  GPIOCTRL              00007c00   00000200  00000200  00000000  RWIX
  GPIODATA              00007f00   00000040  00000040  00000000  RWIX
  GPIODATAREAD          00007f80   00000010  00000000  00000010  RWIX
  LFU                   00007fe0   00000020  00000000  00000020  RWIX
  AESA                  00042000   0000004c  00000000  0000004c  RWIX
  AESASS                00042c00   00000080  00000000  00000080  RWIX
  MCANASS               00059400   0000002c  00000000  0000002c  RWIX
  MCANA                 00059600   00000100  00000000  00000100  RWIX
  MCANAERROR            00059800   00000210  00000000  00000210  RWIX
  MCANBSS               0005b400   0000002c  00000000  0000002c  RWIX
  MCANB                 0005b600   00000100  00000000  00000100  RWIX
  MCANBERROR            0005b800   00000210  00000000  00000210  RWIX
  DEVCFG                0005d000   000001fa  00000000  000001fa  RWIX
  CLKCFG                0005d200   000000fe  0000003e  000000c0  RWIX
  CPUSYS                0005d300   00000100  000000b0  00000050  RWIX
  SYSSTATUS             0005d400   00000040  00000000  00000040  RWIX
  PERIPHAC              0005d500   00000200  00000000  00000200  RWIX
  ANALOGSUBSYS          0005d700   0000013c  0000013a  00000002  RWIX
  DCC0                  0005e700   00000038  0000002c  0000000c  RWIX
  DCC1                  0005e740   00000038  0000002c  0000000c  RWIX
  ERADGLOBAL            0005e800   00000014  00000000  00000014  RWIX
  ERADHWBP1             0005e900   00000008  00000000  00000008  RWIX
  ERADHWBP2             0005e908   00000008  00000000  00000008  RWIX
  ERADHWBP3             0005e910   00000008  00000000  00000008  RWIX
  ERADHWBP4             0005e918   00000008  00000000  00000008  RWIX
  ERADHWBP5             0005e920   00000008  00000000  00000008  RWIX
  ERADHWBP6             0005e928   00000008  00000000  00000008  RWIX
  ERADHWBP7             0005e930   00000008  00000000  00000008  RWIX
  ERADHWBP8             0005e938   00000008  00000000  00000008  RWIX
  ERADCOUNTER1          0005e980   00000010  00000000  00000010  RWIX
  ERADCOUNTER2          0005e990   00000010  00000000  00000010  RWIX
  ERADCOUNTER3          0005e9a0   00000010  00000000  00000010  RWIX
  ERADCOUNTER4          0005e9b0   00000010  00000000  00000010  RWIX
  ERADCRCGLOBAL         0005ea00   00000010  00000000  00000010  RWIX
  ERADCRC1              0005ea10   00000010  00000000  00000010  RWIX
  ERADCRC2              0005ea20   00000010  00000000  00000010  RWIX
  ERADCRC3              0005ea30   00000010  00000000  00000010  RWIX
  ERADCRC4              0005ea40   00000010  00000000  00000010  RWIX
  ERADCRC5              0005ea50   00000010  00000000  00000010  RWIX
  ERADCRC6              0005ea60   00000010  00000000  00000010  RWIX
  ERADCRC7              0005ea70   00000010  00000000  00000010  RWIX
  ERADCRC8              0005ea80   00000010  00000000  00000010  RWIX
  ERADPCTRACE           0005ead0   0000000a  00000000  0000000a  RWIX
  EPG1                  0005ec00   00000052  00000000  00000052  RWIX
  EPG1MUX               0005ecd0   00000010  00000000  00000010  RWIX
  DCSMZ1                0005f000   00000040  00000000  00000040  RWIX
  DCSMZ2                0005f080   0000003e  00000000  0000003e  RWIX
  DCSMCOMMON            0005f0c0   00000040  00000000  00000040  RWIX
  MEMCFG                0005f400   000000c0  00000000  000000c0  RWIX
  ACCESSPROTECTION      0005f500   0000003e  00000000  0000003e  RWIX
  MEMORYERROR           0005f540   00000040  00000000  00000040  RWIX
  TESTERROR             0005f590   00000010  00000000  00000010  RWIX
  FLASH0CTRL            0005f800   00000182  00000000  00000182  RWIX
  FLASH0ECC             0005fb00   00000028  00000000  00000028  RWIX
  ERADPCTRACEBUFFER     0005fe00   00000800  00000000  00000800  RWIX
  UID                   00072168   00000010  00000000  00000010  RWIX
  DCSMZ1OTP             00078000   00000020  00000000  00000020  RWIX
  DCSMZ2OTP             00078200   00000020  00000000  00000020  RWIX


SECTION ALLOCATION MAP

 output                                  attributes/
section   page    origin      length       input sections
--------  ----  ----------  ----------   ----------------
codestart 
*          0    00000000    00000002     
                  00000000    00000002     f28p55x_codestartbranch.obj (codestart)

.cinit     0    0000012c    00000022     
                  0000012c    00000008     (.cinit..data.load) [load image, compression = lzss]
                  00000134    00000006     (__TI_handler_table)
                  0000013a    00000004     (.cinit..bss.load) [load image, compression = zero_init]
                  0000013e    00000004     (.cinit.PieVectTableFile.load) [load image, compression = zero_init]
                  00000142    0000000c     (__TI_cinit_table)

.reset     0    003fffc0    00000000     DSECT

.stack     0    00000400    00000200     UNINITIALIZED
                  00000400    00000200     --HOLE--

.bss       0    0000a800    00000106     UNINITIALIZED
                  0000a800    00000100     adc_ex1_soc_epwm.obj (.bss:adcAResults)
                  0000a900    00000006     adc_ex1_soc_epwm.obj (.bss)

.init_array 
*          0    00000128    00000000     UNINITIALIZED

.const     0    0000a906    000001fa     
                  0000a906    00000008     adc_ex1_soc_epwm.obj (.const)
                  0000a90e    00000032     --HOLE-- [fill = 0]
                  0000a940    000001c0     f28p55x_pievect.obj (.const)

.data      0    0000ab00    0000000a     UNINITIALIZED
                  0000ab00    00000006     rts2800_fpu32_eabi.lib : exit.c.obj (.data)
                  0000ab06    00000002                            : _lock.c.obj (.data:_lock)
                  0000ab08    00000002                            : _lock.c.obj (.data:_unlock)

.TI.ramfunc 
*          0    00000128    00000004     
                  00000128    00000004     f28p55x_usdelay.obj (.TI.ramfunc)

PieVectTableFile 
*          1    00000d00    000001c0     UNINITIALIZED
                  00000d00    000001c0     f28p55x_globalvariabledefs.obj (PieVectTableFile)

EmuKeyVar 
*          1    00000d00    00000000     UNINITIALIZED

EmuBModeVar 
*          1    00000d00    00000000     UNINITIALIZED

EmuBootPinsVar 
*          1    00000d00    00000000     UNINITIALIZED

FlashCallbackVar 
*          1    00000d00    00000000     UNINITIALIZED

FlashScalingVar 
*          1    00000d00    00000000     UNINITIALIZED

AdcaResultRegsFile 
*          1    00001800    00000058     UNINITIALIZED
                  00001800    00000058     f28p55x_globalvariabledefs.obj (AdcaResultRegsFile)

AdccRegsFile 
*          1    00006a00    0000014a     UNINITIALIZED
                  00006a00    0000014a     f28p55x_globalvariabledefs.obj (AdccRegsFile)

AdcdRegsFile 
*          1    00006c00    0000014a     UNINITIALIZED
                  00006c00    0000014a     f28p55x_globalvariabledefs.obj (AdcdRegsFile)

AdceRegsFile 
*          1    00006e00    0000014a     UNINITIALIZED
                  00006e00    0000014a     f28p55x_globalvariabledefs.obj (AdceRegsFile)

AdcaRegsFile 
*          1    00007400    0000014a     UNINITIALIZED
                  00007400    0000014a     f28p55x_globalvariabledefs.obj (AdcaRegsFile)

AdcbRegsFile 
*          1    00007600    0000014a     UNINITIALIZED
                  00007600    0000014a     f28p55x_globalvariabledefs.obj (AdcbRegsFile)

AnalogSubsysRegsFile 
*          1    0005d700    0000013a     UNINITIALIZED
                  0005d700    0000013a     f28p55x_globalvariabledefs.obj (AnalogSubsysRegsFile)

ClkCfgRegsFile 
*          1    0005d200    0000003e     UNINITIALIZED
                  0005d200    0000003e     f28p55x_globalvariabledefs.obj (ClkCfgRegsFile)

CpuSysRegsFile 
*          1    0005d300    000000b0     UNINITIALIZED
                  0005d300    000000b0     f28p55x_globalvariabledefs.obj (CpuSysRegsFile)

Dcc0RegsFile 
*          1    0005e700    0000002c     UNINITIALIZED
                  0005e700    0000002c     f28p55x_globalvariabledefs.obj (Dcc0RegsFile)

Dcc1RegsFile 
*          1    0005e740    0000002c     UNINITIALIZED
                  0005e740    0000002c     f28p55x_globalvariabledefs.obj (Dcc1RegsFile)

EPwm1RegsFile 
*          1    00004000    00000100     UNINITIALIZED
                  00004000    00000100     f28p55x_globalvariabledefs.obj (EPwm1RegsFile)

GpioCtrlRegsFile 
*          1    00007c00    00000200     UNINITIALIZED
                  00007c00    00000200     f28p55x_globalvariabledefs.obj (GpioCtrlRegsFile)

GpioDataRegsFile 
*          1    00007f00    00000040     UNINITIALIZED
                  00007f00    00000040     f28p55x_globalvariabledefs.obj (GpioDataRegsFile)

PieCtrlRegsFile 
*          1    00000ce0    0000001a     UNINITIALIZED
                  00000ce0    0000001a     f28p55x_globalvariabledefs.obj (PieCtrlRegsFile)

WdRegsFile 
*          1    00007000    0000002b     UNINITIALIZED
                  00007000    0000002b     f28p55x_globalvariabledefs.obj (WdRegsFile)

.text.1    0    00008000    00000800     
                  00008000    0000013b     f28p55x_adc.obj (.text:SetVREF)
                  0000813b    000000e6     f28p55x_sysctrl.obj (.text:InitSysPll)
                  00008221    000000a0     f28p55x_sysctrl.obj (.text:IsPLLValid)
                  000082c1    0000008b     rts2800_fpu32_eabi.lib : fd_div28.asm.obj (.text)
                  0000834c    00000088                            : fs_div28.asm.obj (.text)
                  000083d4    00000083                            : fd_mpy28.asm.obj (.text)
                  00008457    0000007b     f28p55x_sysctrl.obj (.text:InitPeripheralClocks)
                  000084d2    0000007b     adc_ex1_soc_epwm.obj (.text:adcA1ISR)
                  0000854d    00000077     f28p55x_sysctrl.obj (.text:ComputeCntrSeedValue)
                  000085c4    00000069     adc_ex1_soc_epwm.obj (.text:initEPWM)
                  0000862d    00000043     f28p55x_gpio.obj (.text:InitGpio)
                  00008670    00000039     adc_ex1_soc_epwm.obj (.text:main)
                  000086a9    0000002e     rts2800_fpu32_eabi.lib : copy_decompress_lzss.c.obj (.text:decompress:lzss)
                  000086d7    0000002b                            : autoinit.c.obj (.text:__TI_auto_init_nobinit_nopinit)
                  00008702    00000029                            : exit.c.obj (.text)
                  0000872b    00000025     f28p55x_pievect.obj (.text:InitPieVectTable)
                  00008750    00000023     rts2800_fpu32_eabi.lib : fd_tofsfpu32.asm.obj (.text)
                  00008773    00000020     f28p55x_sysctrl.obj (.text:SysXtalOscSel)
                  00008793    0000001f     f28p55x_piectrl.obj (.text:InitPieCtrl)
                  000087b2    0000001d     rts2800_fpu32_eabi.lib : memcpy.c.obj (.text)
                  000087cf    0000001c                            : fs_tofdfpu32.asm.obj (.text)
                  000087eb    00000015     f28p55x_sysctrl.obj (.text:InitSysCtrl)

.text.2    0    00008800    00000611     
                  00008800    0000001b     f28p55x_sysctrl.obj (.text:PollX1Counter)
                  0000881b    0000001b     adc_ex1_soc_epwm.obj (.text:initADCSOC)
                  00008836    00000017     rts2800_fpu32_eabi.lib : boot28.asm.obj (.text)
                  0000884d    00000015     f28p55x_sysctrl.obj (.text:SysXtalOscSESel)
                  00008862    00000014     adc_ex1_soc_epwm.obj (.text:initADC)
                  00008876    0000000d     f28p55x_sysctrl.obj (.text:DisableDog)
                  00008883    0000000d     f28p55x_defaultisr.obj (.text:EMPTY_ISR)
                  00008890    0000000d     rts2800_fpu32_eabi.lib : copy_zero_init.c.obj (.text:decompress:ZI:__TI_zero_init_nomemset)
                  0000889d    0000000c                            : args_main.c.obj (.text)
                  000088a9    0000000a     f28p55x_defaultisr.obj (.text:ADCA1_ISR)
                  000088b3    0000000a     f28p55x_defaultisr.obj (.text:ADCA2_ISR)
                  000088bd    0000000a     f28p55x_defaultisr.obj (.text:ADCA3_ISR)
                  000088c7    0000000a     f28p55x_defaultisr.obj (.text:ADCA4_ISR)
                  000088d1    0000000a     f28p55x_defaultisr.obj (.text:ADCA_EVT_ISR)
                  000088db    0000000a     f28p55x_defaultisr.obj (.text:ADCB1_ISR)
                  000088e5    0000000a     f28p55x_defaultisr.obj (.text:ADCB2_ISR)
                  000088ef    0000000a     f28p55x_defaultisr.obj (.text:ADCB3_ISR)
                  000088f9    0000000a     f28p55x_defaultisr.obj (.text:ADCB4_ISR)
                  00008903    0000000a     f28p55x_defaultisr.obj (.text:ADCB_EVT_ISR)
                  0000890d    0000000a     f28p55x_defaultisr.obj (.text:ADCC1_ISR)
                  00008917    0000000a     f28p55x_defaultisr.obj (.text:ADCC2_ISR)
                  00008921    0000000a     f28p55x_defaultisr.obj (.text:ADCC3_ISR)
                  0000892b    0000000a     f28p55x_defaultisr.obj (.text:ADCC4_ISR)
                  00008935    0000000a     f28p55x_defaultisr.obj (.text:ADCC_EVT_ISR)
                  0000893f    0000000a     f28p55x_defaultisr.obj (.text:ADCD1_ISR)
                  00008949    0000000a     f28p55x_defaultisr.obj (.text:ADCD2_ISR)
                  00008953    0000000a     f28p55x_defaultisr.obj (.text:ADCD3_ISR)
                  0000895d    0000000a     f28p55x_defaultisr.obj (.text:ADCD4_ISR)
                  00008967    0000000a     f28p55x_defaultisr.obj (.text:ADCD_EVT_ISR)
                  00008971    0000000a     f28p55x_defaultisr.obj (.text:ADCE1_ISR)
                  0000897b    0000000a     f28p55x_defaultisr.obj (.text:ADCE2_ISR)
                  00008985    0000000a     f28p55x_defaultisr.obj (.text:ADCE3_ISR)
                  0000898f    0000000a     f28p55x_defaultisr.obj (.text:ADCE4_ISR)
                  00008999    0000000a     f28p55x_defaultisr.obj (.text:ADCE_EVT_ISR)
                  000089a3    0000000a     f28p55x_defaultisr.obj (.text:AES_SINTREQUEST_ISR)
                  000089ad    0000000a     f28p55x_defaultisr.obj (.text:CLA1_1_ISR)
                  000089b7    0000000a     f28p55x_defaultisr.obj (.text:CLA1_2_ISR)
                  000089c1    0000000a     f28p55x_defaultisr.obj (.text:CLA1_3_ISR)
                  000089cb    0000000a     f28p55x_defaultisr.obj (.text:CLA1_4_ISR)
                  000089d5    0000000a     f28p55x_defaultisr.obj (.text:CLA1_5_ISR)
                  000089df    0000000a     f28p55x_defaultisr.obj (.text:CLA1_6_ISR)
                  000089e9    0000000a     f28p55x_defaultisr.obj (.text:CLA1_7_ISR)
                  000089f3    0000000a     f28p55x_defaultisr.obj (.text:CLA1_8_ISR)
                  000089fd    0000000a     f28p55x_defaultisr.obj (.text:CLB1_ISR)
                  00008a07    0000000a     f28p55x_defaultisr.obj (.text:CLB2_ISR)
                  00008a11    0000000a     f28p55x_defaultisr.obj (.text:DATALOG_ISR)
                  00008a1b    0000000a     f28p55x_defaultisr.obj (.text:DCC0_ISR)
                  00008a25    0000000a     f28p55x_defaultisr.obj (.text:DCC1_ISR)
                  00008a2f    0000000a     f28p55x_defaultisr.obj (.text:DMA_CH1_ISR)
                  00008a39    0000000a     f28p55x_defaultisr.obj (.text:DMA_CH2_ISR)
                  00008a43    0000000a     f28p55x_defaultisr.obj (.text:DMA_CH3_ISR)
                  00008a4d    0000000a     f28p55x_defaultisr.obj (.text:DMA_CH4_ISR)
                  00008a57    0000000a     f28p55x_defaultisr.obj (.text:DMA_CH5_ISR)
                  00008a61    0000000a     f28p55x_defaultisr.obj (.text:DMA_CH6_ISR)
                  00008a6b    0000000a     f28p55x_defaultisr.obj (.text:ECAP1_ISR)
                  00008a75    0000000a     f28p55x_defaultisr.obj (.text:ECAP2_ISR)
                  00008a7f    0000000a     f28p55x_defaultisr.obj (.text:EMU_ISR)
                  00008a89    0000000a     f28p55x_defaultisr.obj (.text:EPWM10_ISR)
                  00008a93    0000000a     f28p55x_defaultisr.obj (.text:EPWM10_TZ_ISR)
                  00008a9d    0000000a     f28p55x_defaultisr.obj (.text:EPWM11_ISR)
                  00008aa7    0000000a     f28p55x_defaultisr.obj (.text:EPWM11_TZ_ISR)
                  00008ab1    0000000a     f28p55x_defaultisr.obj (.text:EPWM12_ISR)
                  00008abb    0000000a     f28p55x_defaultisr.obj (.text:EPWM12_TZ_ISR)
                  00008ac5    0000000a     f28p55x_defaultisr.obj (.text:EPWM1_ISR)
                  00008acf    0000000a     f28p55x_defaultisr.obj (.text:EPWM1_TZ_ISR)
                  00008ad9    0000000a     f28p55x_defaultisr.obj (.text:EPWM2_ISR)
                  00008ae3    0000000a     f28p55x_defaultisr.obj (.text:EPWM2_TZ_ISR)
                  00008aed    0000000a     f28p55x_defaultisr.obj (.text:EPWM3_ISR)
                  00008af7    0000000a     f28p55x_defaultisr.obj (.text:EPWM3_TZ_ISR)
                  00008b01    0000000a     f28p55x_defaultisr.obj (.text:EPWM4_ISR)
                  00008b0b    0000000a     f28p55x_defaultisr.obj (.text:EPWM4_TZ_ISR)
                  00008b15    0000000a     f28p55x_defaultisr.obj (.text:EPWM5_ISR)
                  00008b1f    0000000a     f28p55x_defaultisr.obj (.text:EPWM5_TZ_ISR)
                  00008b29    0000000a     f28p55x_defaultisr.obj (.text:EPWM6_ISR)
                  00008b33    0000000a     f28p55x_defaultisr.obj (.text:EPWM6_TZ_ISR)
                  00008b3d    0000000a     f28p55x_defaultisr.obj (.text:EPWM7_ISR)
                  00008b47    0000000a     f28p55x_defaultisr.obj (.text:EPWM7_TZ_ISR)
                  00008b51    0000000a     f28p55x_defaultisr.obj (.text:EPWM8_ISR)
                  00008b5b    0000000a     f28p55x_defaultisr.obj (.text:EPWM8_TZ_ISR)
                  00008b65    0000000a     f28p55x_defaultisr.obj (.text:EPWM9_ISR)
                  00008b6f    0000000a     f28p55x_defaultisr.obj (.text:EPWM9_TZ_ISR)
                  00008b79    0000000a     f28p55x_defaultisr.obj (.text:EQEP1_ISR)
                  00008b83    0000000a     f28p55x_defaultisr.obj (.text:EQEP2_ISR)
                  00008b8d    0000000a     f28p55x_defaultisr.obj (.text:EQEP3_ISR)
                  00008b97    0000000a     f28p55x_defaultisr.obj (.text:FLSS_ISR)
                  00008ba1    0000000a     f28p55x_defaultisr.obj (.text:FSIRXA1_ISR)
                  00008bab    0000000a     f28p55x_defaultisr.obj (.text:FSIRXA2_ISR)
                  00008bb5    0000000a     f28p55x_defaultisr.obj (.text:FSITXA1_ISR)
                  00008bbf    0000000a     f28p55x_defaultisr.obj (.text:FSITXA2_ISR)
                  00008bc9    0000000a     f28p55x_defaultisr.obj (.text:I2CA_FIFO_ISR)
                  00008bd3    0000000a     f28p55x_defaultisr.obj (.text:I2CA_ISR)
                  00008bdd    0000000a     f28p55x_defaultisr.obj (.text:I2CB_FIFO_ISR)
                  00008be7    0000000a     f28p55x_defaultisr.obj (.text:I2CB_ISR)
                  00008bf1    0000000a     f28p55x_defaultisr.obj (.text:ILLEGAL_ISR)
                  00008bfb    0000000a     f28p55x_defaultisr.obj (.text:LINA_0_ISR)
                  00008c05    0000000a     f28p55x_defaultisr.obj (.text:LINA_1_ISR)
                  00008c0f    0000000a     f28p55x_defaultisr.obj (.text:MCANA_0_ISR)
                  00008c19    0000000a     f28p55x_defaultisr.obj (.text:MCANA_1_ISR)
                  00008c23    0000000a     f28p55x_defaultisr.obj (.text:MCANA_ECC_ISR)
                  00008c2d    0000000a     f28p55x_defaultisr.obj (.text:MCANA_WAKE_ISR)
                  00008c37    0000000a     f28p55x_defaultisr.obj (.text:MCANB_0_ISR)
                  00008c41    0000000a     f28p55x_defaultisr.obj (.text:MCANB_1_ISR)
                  00008c4b    0000000a     f28p55x_defaultisr.obj (.text:MCANB_ECC_ISR)
                  00008c55    0000000a     f28p55x_defaultisr.obj (.text:MCANB_WAKE_ISR)
                  00008c5f    0000000a     f28p55x_defaultisr.obj (.text:NMI_ISR)
                  00008c69    0000000a     f28p55x_defaultisr.obj (.text:NOTUSED_ISR)
                  00008c73    0000000a     f28p55x_defaultisr.obj (.text:PIE_RESERVED_ISR)
                  00008c7d    0000000a     f28p55x_defaultisr.obj (.text:PMBUSA_ISR)
                  00008c87    0000000a     f28p55x_defaultisr.obj (.text:RTOS_ISR)
                  00008c91    0000000a     f28p55x_defaultisr.obj (.text:SCIA_RX_ISR)
                  00008c9b    0000000a     f28p55x_defaultisr.obj (.text:SCIA_TX_ISR)
                  00008ca5    0000000a     f28p55x_defaultisr.obj (.text:SCIB_RX_ISR)
                  00008caf    0000000a     f28p55x_defaultisr.obj (.text:SCIB_TX_ISR)
                  00008cb9    0000000a     f28p55x_defaultisr.obj (.text:SCIC_RX_ISR)
                  00008cc3    0000000a     f28p55x_defaultisr.obj (.text:SCIC_TX_ISR)
                  00008ccd    0000000a     f28p55x_defaultisr.obj (.text:SPIA_RX_ISR)
                  00008cd7    0000000a     f28p55x_defaultisr.obj (.text:SPIA_TX_ISR)
                  00008ce1    0000000a     f28p55x_defaultisr.obj (.text:SPIB_RX_ISR)
                  00008ceb    0000000a     f28p55x_defaultisr.obj (.text:SPIB_TX_ISR)
                  00008cf5    0000000a     f28p55x_defaultisr.obj (.text:SYS_ERR_ISR)
                  00008cff    0000000a     f28p55x_defaultisr.obj (.text:TIMER0_ISR)
                  00008d09    0000000a     f28p55x_defaultisr.obj (.text:TIMER1_ISR)
                  00008d13    0000000a     f28p55x_defaultisr.obj (.text:TIMER2_ISR)
                  00008d1d    0000000a     f28p55x_defaultisr.obj (.text:USBA_ISR)
                  00008d27    0000000a     f28p55x_defaultisr.obj (.text:USER10_ISR)
                  00008d31    0000000a     f28p55x_defaultisr.obj (.text:USER11_ISR)
                  00008d3b    0000000a     f28p55x_defaultisr.obj (.text:USER12_ISR)
                  00008d45    0000000a     f28p55x_defaultisr.obj (.text:USER1_ISR)
                  00008d4f    0000000a     f28p55x_defaultisr.obj (.text:USER2_ISR)
                  00008d59    0000000a     f28p55x_defaultisr.obj (.text:USER3_ISR)
                  00008d63    0000000a     f28p55x_defaultisr.obj (.text:USER4_ISR)
                  00008d6d    0000000a     f28p55x_defaultisr.obj (.text:USER5_ISR)
                  00008d77    0000000a     f28p55x_defaultisr.obj (.text:USER6_ISR)
                  00008d81    0000000a     f28p55x_defaultisr.obj (.text:USER7_ISR)
                  00008d8b    0000000a     f28p55x_defaultisr.obj (.text:USER8_ISR)
                  00008d95    0000000a     f28p55x_defaultisr.obj (.text:USER9_ISR)
                  00008d9f    0000000a     f28p55x_defaultisr.obj (.text:VCU_ISR)
                  00008da9    0000000a     f28p55x_defaultisr.obj (.text:WAKE_ISR)
                  00008db3    0000000a     f28p55x_defaultisr.obj (.text:XINT1_ISR)
                  00008dbd    0000000a     f28p55x_defaultisr.obj (.text:XINT2_ISR)
                  00008dc7    0000000a     f28p55x_defaultisr.obj (.text:XINT3_ISR)
                  00008dd1    0000000a     f28p55x_defaultisr.obj (.text:XINT4_ISR)
                  00008ddb    0000000a     f28p55x_defaultisr.obj (.text:XINT5_ISR)
                  00008de5    00000009     f28p55x_sysctrl.obj (.text:SysIntOsc1Sel)
                  00008dee    00000009     rts2800_fpu32_eabi.lib : _lock.c.obj (.text)
                  00008df7    00000008                            : copy_decompress_none.c.obj (.text:decompress:none)
                  00008dff    00000008     f28p55x_codestartbranch.obj (.text)
                  00008e07    00000007     f28p55x_sysctrl.obj (.text:SysIntOsc2Sel)
                  00008e0e    00000002     rts2800_fpu32_eabi.lib : pre_init.c.obj (.text)
                  00008e10    00000001                            : startup.c.obj (.text)

MODULE SUMMARY

       Module                           code   ro data   rw data
       ------                           ----   -------   -------
    .\
       f28p55x_globalvariabledefs.obj   0      0         3727   
       f28p55x_defaultisr.obj           1353   0         0      
       f28p55x_sysctrl.obj              762    0         0      
       adc_ex1_soc_epwm.obj             332    8         262    
       f28p55x_pievect.obj              37     448       0      
       f28p55x_adc.obj                  315    0         0      
       f28p55x_gpio.obj                 67     0         0      
       f28p55x_piectrl.obj              31     0         0      
       f28p55x_codestartbranch.obj      10     0         0      
       f28p55x_usdelay.obj              4      0         0      
    +--+--------------------------------+------+---------+---------+
       Total:                           2911   456       3989   
                                                                
    C:\ti\ccs2020\ccs\tools\compiler\ti-cgt-c2000_22.6.2.LTS\lib\rts2800_fpu32_eabi.lib
       fd_div28.asm.obj                 139    0         0      
       fs_div28.asm.obj                 136    0         0      
       fd_mpy28.asm.obj                 131    0         0      
       exit.c.obj                       41     0         6      
       copy_decompress_lzss.c.obj       46     0         0      
       autoinit.c.obj                   43     0         0      
       fd_tofsfpu32.asm.obj             35     0         0      
       memcpy.c.obj                     29     0         0      
       fs_tofdfpu32.asm.obj             28     0         0      
       boot28.asm.obj                   23     0         0      
       _lock.c.obj                      9      0         4      
       copy_zero_init.c.obj             13     0         0      
       args_main.c.obj                  12     0         0      
       copy_decompress_none.c.obj       8      0         0      
       pre_init.c.obj                   2      0         0      
       startup.c.obj                    1      0         0      
    +--+--------------------------------+------+---------+---------+
       Total:                           696    0         10     
                                                                
       Stack:                           0      0         512    
       Linker Generated:                0      34        0      
    +--+--------------------------------+------+---------+---------+
       Grand Total:                     3607   490       4511   


LINKER GENERATED COPY TABLES

__TI_cinit_table @ 00000142 records: 3, size/record: 4, table size: 12
	.data: load addr=0000012c, load size=00000008 bytes, run addr=0000ab00, run size=0000000a bytes, compression=lzss
	.bss: load addr=0000013a, load size=00000004 bytes, run addr=0000a800, run size=00000106 bytes, compression=zero_init
	PieVectTableFile: load addr=0000013e, load size=00000004 bytes, run addr=00000d00, run size=000001c0 bytes, compression=zero_init


LINKER GENERATED HANDLER TABLE

__TI_handler_table @ 00000134 records: 3, size/record: 2, table size: 6
	index: 0, handler: __TI_zero_init
	index: 1, handler: __TI_decompress_lzss
	index: 2, handler: __TI_decompress_none


GLOBAL DATA SYMBOLS: SORTED BY DATA PAGE

address     data page           name
--------    ----------------    ----
00000400      10 (00000400)     __stack

00000ce0      33 (00000cc0)     PieCtrlRegs

00000d00      34 (00000d00)     PieVectTable

00001800      60 (00001800)     AdcaResultRegs

00004000     100 (00004000)     EPwm1Regs

00006a00     1a8 (00006a00)     AdccRegs

00006c00     1b0 (00006c00)     AdcdRegs

00006e00     1b8 (00006e00)     AdceRegs

00007000     1c0 (00007000)     WdRegs

00007400     1d0 (00007400)     AdcaRegs

00007600     1d8 (00007600)     AdcbRegs

00007c00     1f0 (00007c00)     GpioCtrlRegs

00007f00     1fc (00007f00)     GpioDataRegs

0000a800     2a0 (0000a800)     adcAResults

0000a900     2a4 (0000a900)     index
0000a901     2a4 (0000a900)     bufferFull
0000a902     2a4 (0000a900)     adc_out
0000a904     2a4 (0000a900)     V_ADC

0000a940     2a5 (0000a940)     PieVectTableInit

0000ab00     2ac (0000ab00)     __TI_enable_exit_profile_output
0000ab02     2ac (0000ab00)     __TI_cleanup_ptr
0000ab04     2ac (0000ab00)     __TI_dtors_ptr
0000ab06     2ac (0000ab00)     _lock
0000ab08     2ac (0000ab00)     _unlock

0005d200    1748 (0005d200)     ClkCfgRegs

0005d300    174c (0005d300)     CpuSysRegs

0005d700    175c (0005d700)     AnalogSubsysRegs

0005e700    179c (0005e700)     Dcc0Regs

0005e740    179d (0005e740)     Dcc1Regs


GLOBAL SYMBOLS: SORTED ALPHABETICALLY BY Name 

page  address   name                           
----  -------   ----                           
0     000088a9  ADCA1_ISR                      
0     000088b3  ADCA2_ISR                      
0     000088bd  ADCA3_ISR                      
0     000088c7  ADCA4_ISR                      
0     000088d1  ADCA_EVT_ISR                   
0     000088db  ADCB1_ISR                      
0     000088e5  ADCB2_ISR                      
0     000088ef  ADCB3_ISR                      
0     000088f9  ADCB4_ISR                      
0     00008903  ADCB_EVT_ISR                   
0     0000890d  ADCC1_ISR                      
0     00008917  ADCC2_ISR                      
0     00008921  ADCC3_ISR                      
0     0000892b  ADCC4_ISR                      
0     00008935  ADCC_EVT_ISR                   
0     0000893f  ADCD1_ISR                      
0     00008949  ADCD2_ISR                      
0     00008953  ADCD3_ISR                      
0     0000895d  ADCD4_ISR                      
0     00008967  ADCD_EVT_ISR                   
0     00008971  ADCE1_ISR                      
0     0000897b  ADCE2_ISR                      
0     00008985  ADCE3_ISR                      
0     0000898f  ADCE4_ISR                      
0     00008999  ADCE_EVT_ISR                   
0     000089a3  AES_SINTREQUEST_ISR            
1     00007400  AdcaRegs                       
1     00001800  AdcaResultRegs                 
1     00007600  AdcbRegs                       
1     00006a00  AdccRegs                       
1     00006c00  AdcdRegs                       
1     00006e00  AdceRegs                       
1     0005d700  AnalogSubsysRegs               
0     00008702  C$$EXIT                        
0     000089ad  CLA1_1_ISR                     
0     000089b7  CLA1_2_ISR                     
0     000089c1  CLA1_3_ISR                     
0     000089cb  CLA1_4_ISR                     
0     000089d5  CLA1_5_ISR                     
0     000089df  CLA1_6_ISR                     
0     000089e9  CLA1_7_ISR                     
0     000089f3  CLA1_8_ISR                     
0     000089fd  CLB1_ISR                       
0     00008a07  CLB2_ISR                       
1     0005d200  ClkCfgRegs                     
0     0000854d  ComputeCntrSeedValue           
1     0005d300  CpuSysRegs                     
0     00008a11  DATALOG_ISR                    
0     00008a1b  DCC0_ISR                       
0     00008a25  DCC1_ISR                       
0     00008a2f  DMA_CH1_ISR                    
0     00008a39  DMA_CH2_ISR                    
0     00008a43  DMA_CH3_ISR                    
0     00008a4d  DMA_CH4_ISR                    
0     00008a57  DMA_CH5_ISR                    
0     00008a61  DMA_CH6_ISR                    
1     0005e700  Dcc0Regs                       
1     0005e740  Dcc1Regs                       
0     00008876  DisableDog                     
0     00008a6b  ECAP1_ISR                      
0     00008a75  ECAP2_ISR                      
0     00008883  EMPTY_ISR                      
0     00008a7f  EMU_ISR                        
0     00008a89  EPWM10_ISR                     
0     00008a93  EPWM10_TZ_ISR                  
0     00008a9d  EPWM11_ISR                     
0     00008aa7  EPWM11_TZ_ISR                  
0     00008ab1  EPWM12_ISR                     
0     00008abb  EPWM12_TZ_ISR                  
0     00008ac5  EPWM1_ISR                      
0     00008acf  EPWM1_TZ_ISR                   
0     00008ad9  EPWM2_ISR                      
0     00008ae3  EPWM2_TZ_ISR                   
0     00008aed  EPWM3_ISR                      
0     00008af7  EPWM3_TZ_ISR                   
0     00008b01  EPWM4_ISR                      
0     00008b0b  EPWM4_TZ_ISR                   
0     00008b15  EPWM5_ISR                      
0     00008b1f  EPWM5_TZ_ISR                   
0     00008b29  EPWM6_ISR                      
0     00008b33  EPWM6_TZ_ISR                   
0     00008b3d  EPWM7_ISR                      
0     00008b47  EPWM7_TZ_ISR                   
0     00008b51  EPWM8_ISR                      
0     00008b5b  EPWM8_TZ_ISR                   
0     00008b65  EPWM9_ISR                      
0     00008b6f  EPWM9_TZ_ISR                   
1     00004000  EPwm1Regs                      
0     00008b79  EQEP1_ISR                      
0     00008b83  EQEP2_ISR                      
0     00008b8d  EQEP3_ISR                      
0     00000128  F28x_usDelay                   
0     00008b97  FLSS_ISR                       
0     00008ba1  FSIRXA1_ISR                    
0     00008bab  FSIRXA2_ISR                    
0     00008bb5  FSITXA1_ISR                    
0     00008bbf  FSITXA2_ISR                    
1     00007c00  GpioCtrlRegs                   
1     00007f00  GpioDataRegs                   
0     00008bc9  I2CA_FIFO_ISR                  
0     00008bd3  I2CA_ISR                       
0     00008bdd  I2CB_FIFO_ISR                  
0     00008be7  I2CB_ISR                       
0     00008bf1  ILLEGAL_ISR                    
0     0000862d  InitGpio                       
0     00008457  InitPeripheralClocks           
0     00008793  InitPieCtrl                    
0     0000872b  InitPieVectTable               
0     000087eb  InitSysCtrl                    
0     0000813b  InitSysPll                     
0     00008221  IsPLLValid                     
0     00008bfb  LINA_0_ISR                     
0     00008c05  LINA_1_ISR                     
0     00008c0f  MCANA_0_ISR                    
0     00008c19  MCANA_1_ISR                    
0     00008c23  MCANA_ECC_ISR                  
0     00008c2d  MCANA_WAKE_ISR                 
0     00008c37  MCANB_0_ISR                    
0     00008c41  MCANB_1_ISR                    
0     00008c4b  MCANB_ECC_ISR                  
0     00008c55  MCANB_WAKE_ISR                 
0     00008c5f  NMI_ISR                        
0     00008c69  NOTUSED_ISR                    
0     00008c73  PIE_RESERVED_ISR               
0     00008c7d  PMBUSA_ISR                     
1     00000ce0  PieCtrlRegs                    
1     00000d00  PieVectTable                   
0     0000a940  PieVectTableInit               
0     00008c87  RTOS_ISR                       
0     00008c91  SCIA_RX_ISR                    
0     00008c9b  SCIA_TX_ISR                    
0     00008ca5  SCIB_RX_ISR                    
0     00008caf  SCIB_TX_ISR                    
0     00008cb9  SCIC_RX_ISR                    
0     00008cc3  SCIC_TX_ISR                    
0     00008ccd  SPIA_RX_ISR                    
0     00008cd7  SPIA_TX_ISR                    
0     00008ce1  SPIB_RX_ISR                    
0     00008ceb  SPIB_TX_ISR                    
0     00008cf5  SYS_ERR_ISR                    
0     00008000  SetVREF                        
0     00008de5  SysIntOsc1Sel                  
0     00008e07  SysIntOsc2Sel                  
0     0000884d  SysXtalOscSESel                
0     00008773  SysXtalOscSel                  
0     00008cff  TIMER0_ISR                     
0     00008d09  TIMER1_ISR                     
0     00008d13  TIMER2_ISR                     
0     00008d1d  USBA_ISR                       
0     00008d27  USER10_ISR                     
0     00008d31  USER11_ISR                     
0     00008d3b  USER12_ISR                     
0     00008d45  USER1_ISR                      
0     00008d4f  USER2_ISR                      
0     00008d59  USER3_ISR                      
0     00008d63  USER4_ISR                      
0     00008d6d  USER5_ISR                      
0     00008d77  USER6_ISR                      
0     00008d81  USER7_ISR                      
0     00008d8b  USER8_ISR                      
0     00008d95  USER9_ISR                      
0     00008d9f  VCU_ISR                        
0     0000a904  V_ADC                          
0     00008da9  WAKE_ISR                       
1     00007000  WdRegs                         
0     00008db3  XINT1_ISR                      
0     00008dbd  XINT2_ISR                      
0     00008dc7  XINT3_ISR                      
0     00008dd1  XINT4_ISR                      
0     00008ddb  XINT5_ISR                      
0     00000142  __TI_CINIT_Base                
0     0000014e  __TI_CINIT_Limit               
0     0000014e  __TI_CINIT_Warm                
0     00000134  __TI_Handler_Table_Base        
0     0000013a  __TI_Handler_Table_Limit       
0     00000600  __TI_STACK_END                 
abs   00000200  __TI_STACK_SIZE                
0     000086d7  __TI_auto_init_nobinit_nopinit 
0     0000ab02  __TI_cleanup_ptr               
0     000086a9  __TI_decompress_lzss           
0     00008df7  __TI_decompress_none           
0     0000ab04  __TI_dtors_ptr                 
0     0000ab00  __TI_enable_exit_profile_output
abs   ffffffff  __TI_pprof_out_hndl            
abs   ffffffff  __TI_prof_data_size            
abs   ffffffff  __TI_prof_data_start           
0     00008890  __TI_zero_init_nomemset        
0     000082c1  __c28xabi_divd                 
0     0000834c  __c28xabi_divf                 
0     00008750  __c28xabi_dtof                 
0     000087cf  __c28xabi_ftod                 
0     000083d4  __c28xabi_mpyd                 
n/a   UNDEFED   __c_args__                     
0     00000400  __stack                        
0     0000889d  _args_main                     
0     00008836  _c_int00                       
0     0000ab06  _lock                          
0     00008df6  _nop                           
0     00008df2  _register_lock                 
0     00008dee  _register_unlock               
0     00008e10  _system_post_cinit             
0     00008e0e  _system_pre_init               
0     0000ab08  _unlock                        
0     00008702  abort                          
0     000084d2  adcA1ISR                       
0     0000a800  adcAResults                    
0     0000a902  adc_out                        
0     0000a901  bufferFull                     
0     00000000  code_start                     
0     00008704  exit                           
0     0000a900  index                          
0     00008862  initADC                        
0     0000881b  initADCSOC                     
0     000085c4  initEPWM                       
0     00008670  main                           
0     000087b2  memcpy                         


GLOBAL SYMBOLS: SORTED BY Symbol Address 

page  address   name                           
----  -------   ----                           
0     00000000  code_start                     
0     00000128  F28x_usDelay                   
0     00000134  __TI_Handler_Table_Base        
0     0000013a  __TI_Handler_Table_Limit       
0     00000142  __TI_CINIT_Base                
0     0000014e  __TI_CINIT_Limit               
0     0000014e  __TI_CINIT_Warm                
0     00000400  __stack                        
0     00000600  __TI_STACK_END                 
0     00008000  SetVREF                        
0     0000813b  InitSysPll                     
0     00008221  IsPLLValid                     
0     000082c1  __c28xabi_divd                 
0     0000834c  __c28xabi_divf                 
0     000083d4  __c28xabi_mpyd                 
0     00008457  InitPeripheralClocks           
0     000084d2  adcA1ISR                       
0     0000854d  ComputeCntrSeedValue           
0     000085c4  initEPWM                       
0     0000862d  InitGpio                       
0     00008670  main                           
0     000086a9  __TI_decompress_lzss           
0     000086d7  __TI_auto_init_nobinit_nopinit 
0     00008702  C$$EXIT                        
0     00008702  abort                          
0     00008704  exit                           
0     0000872b  InitPieVectTable               
0     00008750  __c28xabi_dtof                 
0     00008773  SysXtalOscSel                  
0     00008793  InitPieCtrl                    
0     000087b2  memcpy                         
0     000087cf  __c28xabi_ftod                 
0     000087eb  InitSysCtrl                    
0     0000881b  initADCSOC                     
0     00008836  _c_int00                       
0     0000884d  SysXtalOscSESel                
0     00008862  initADC                        
0     00008876  DisableDog                     
0     00008883  EMPTY_ISR                      
0     00008890  __TI_zero_init_nomemset        
0     0000889d  _args_main                     
0     000088a9  ADCA1_ISR                      
0     000088b3  ADCA2_ISR                      
0     000088bd  ADCA3_ISR                      
0     000088c7  ADCA4_ISR                      
0     000088d1  ADCA_EVT_ISR                   
0     000088db  ADCB1_ISR                      
0     000088e5  ADCB2_ISR                      
0     000088ef  ADCB3_ISR                      
0     000088f9  ADCB4_ISR                      
0     00008903  ADCB_EVT_ISR                   
0     0000890d  ADCC1_ISR                      
0     00008917  ADCC2_ISR                      
0     00008921  ADCC3_ISR                      
0     0000892b  ADCC4_ISR                      
0     00008935  ADCC_EVT_ISR                   
0     0000893f  ADCD1_ISR                      
0     00008949  ADCD2_ISR                      
0     00008953  ADCD3_ISR                      
0     0000895d  ADCD4_ISR                      
0     00008967  ADCD_EVT_ISR                   
0     00008971  ADCE1_ISR                      
0     0000897b  ADCE2_ISR                      
0     00008985  ADCE3_ISR                      
0     0000898f  ADCE4_ISR                      
0     00008999  ADCE_EVT_ISR                   
0     000089a3  AES_SINTREQUEST_ISR            
0     000089ad  CLA1_1_ISR                     
0     000089b7  CLA1_2_ISR                     
0     000089c1  CLA1_3_ISR                     
0     000089cb  CLA1_4_ISR                     
0     000089d5  CLA1_5_ISR                     
0     000089df  CLA1_6_ISR                     
0     000089e9  CLA1_7_ISR                     
0     000089f3  CLA1_8_ISR                     
0     000089fd  CLB1_ISR                       
0     00008a07  CLB2_ISR                       
0     00008a11  DATALOG_ISR                    
0     00008a1b  DCC0_ISR                       
0     00008a25  DCC1_ISR                       
0     00008a2f  DMA_CH1_ISR                    
0     00008a39  DMA_CH2_ISR                    
0     00008a43  DMA_CH3_ISR                    
0     00008a4d  DMA_CH4_ISR                    
0     00008a57  DMA_CH5_ISR                    
0     00008a61  DMA_CH6_ISR                    
0     00008a6b  ECAP1_ISR                      
0     00008a75  ECAP2_ISR                      
0     00008a7f  EMU_ISR                        
0     00008a89  EPWM10_ISR                     
0     00008a93  EPWM10_TZ_ISR                  
0     00008a9d  EPWM11_ISR                     
0     00008aa7  EPWM11_TZ_ISR                  
0     00008ab1  EPWM12_ISR                     
0     00008abb  EPWM12_TZ_ISR                  
0     00008ac5  EPWM1_ISR                      
0     00008acf  EPWM1_TZ_ISR                   
0     00008ad9  EPWM2_ISR                      
0     00008ae3  EPWM2_TZ_ISR                   
0     00008aed  EPWM3_ISR                      
0     00008af7  EPWM3_TZ_ISR                   
0     00008b01  EPWM4_ISR                      
0     00008b0b  EPWM4_TZ_ISR                   
0     00008b15  EPWM5_ISR                      
0     00008b1f  EPWM5_TZ_ISR                   
0     00008b29  EPWM6_ISR                      
0     00008b33  EPWM6_TZ_ISR                   
0     00008b3d  EPWM7_ISR                      
0     00008b47  EPWM7_TZ_ISR                   
0     00008b51  EPWM8_ISR                      
0     00008b5b  EPWM8_TZ_ISR                   
0     00008b65  EPWM9_ISR                      
0     00008b6f  EPWM9_TZ_ISR                   
0     00008b79  EQEP1_ISR                      
0     00008b83  EQEP2_ISR                      
0     00008b8d  EQEP3_ISR                      
0     00008b97  FLSS_ISR                       
0     00008ba1  FSIRXA1_ISR                    
0     00008bab  FSIRXA2_ISR                    
0     00008bb5  FSITXA1_ISR                    
0     00008bbf  FSITXA2_ISR                    
0     00008bc9  I2CA_FIFO_ISR                  
0     00008bd3  I2CA_ISR                       
0     00008bdd  I2CB_FIFO_ISR                  
0     00008be7  I2CB_ISR                       
0     00008bf1  ILLEGAL_ISR                    
0     00008bfb  LINA_0_ISR                     
0     00008c05  LINA_1_ISR                     
0     00008c0f  MCANA_0_ISR                    
0     00008c19  MCANA_1_ISR                    
0     00008c23  MCANA_ECC_ISR                  
0     00008c2d  MCANA_WAKE_ISR                 
0     00008c37  MCANB_0_ISR                    
0     00008c41  MCANB_1_ISR                    
0     00008c4b  MCANB_ECC_ISR                  
0     00008c55  MCANB_WAKE_ISR                 
0     00008c5f  NMI_ISR                        
0     00008c69  NOTUSED_ISR                    
0     00008c73  PIE_RESERVED_ISR               
0     00008c7d  PMBUSA_ISR                     
0     00008c87  RTOS_ISR                       
0     00008c91  SCIA_RX_ISR                    
0     00008c9b  SCIA_TX_ISR                    
0     00008ca5  SCIB_RX_ISR                    
0     00008caf  SCIB_TX_ISR                    
0     00008cb9  SCIC_RX_ISR                    
0     00008cc3  SCIC_TX_ISR                    
0     00008ccd  SPIA_RX_ISR                    
0     00008cd7  SPIA_TX_ISR                    
0     00008ce1  SPIB_RX_ISR                    
0     00008ceb  SPIB_TX_ISR                    
0     00008cf5  SYS_ERR_ISR                    
0     00008cff  TIMER0_ISR                     
0     00008d09  TIMER1_ISR                     
0     00008d13  TIMER2_ISR                     
0     00008d1d  USBA_ISR                       
0     00008d27  USER10_ISR                     
0     00008d31  USER11_ISR                     
0     00008d3b  USER12_ISR                     
0     00008d45  USER1_ISR                      
0     00008d4f  USER2_ISR                      
0     00008d59  USER3_ISR                      
0     00008d63  USER4_ISR                      
0     00008d6d  USER5_ISR                      
0     00008d77  USER6_ISR                      
0     00008d81  USER7_ISR                      
0     00008d8b  USER8_ISR                      
0     00008d95  USER9_ISR                      
0     00008d9f  VCU_ISR                        
0     00008da9  WAKE_ISR                       
0     00008db3  XINT1_ISR                      
0     00008dbd  XINT2_ISR                      
0     00008dc7  XINT3_ISR                      
0     00008dd1  XINT4_ISR                      
0     00008ddb  XINT5_ISR                      
0     00008de5  SysIntOsc1Sel                  
0     00008dee  _register_unlock               
0     00008df2  _register_lock                 
0     00008df6  _nop                           
0     00008df7  __TI_decompress_none           
0     00008e07  SysIntOsc2Sel                  
0     00008e0e  _system_pre_init               
0     00008e10  _system_post_cinit             
0     0000a800  adcAResults                    
0     0000a900  index                          
0     0000a901  bufferFull                     
0     0000a902  adc_out                        
0     0000a904  V_ADC                          
0     0000a940  PieVectTableInit               
0     0000ab00  __TI_enable_exit_profile_output
0     0000ab02  __TI_cleanup_ptr               
0     0000ab04  __TI_dtors_ptr                 
0     0000ab06  _lock                          
0     0000ab08  _unlock                        
1     00000ce0  PieCtrlRegs                    
1     00000d00  PieVectTable                   
1     00001800  AdcaResultRegs                 
1     00004000  EPwm1Regs                      
1     00006a00  AdccRegs                       
1     00006c00  AdcdRegs                       
1     00006e00  AdceRegs                       
1     00007000  WdRegs                         
1     00007400  AdcaRegs                       
1     00007600  AdcbRegs                       
1     00007c00  GpioCtrlRegs                   
1     00007f00  GpioDataRegs                   
1     0005d200  ClkCfgRegs                     
1     0005d300  CpuSysRegs                     
1     0005d700  AnalogSubsysRegs               
1     0005e700  Dcc0Regs                       
1     0005e740  Dcc1Regs                       
abs   00000200  __TI_STACK_SIZE                
abs   ffffffff  __TI_pprof_out_hndl            
abs   ffffffff  __TI_prof_data_size            
abs   ffffffff  __TI_prof_data_start           
n/a   UNDEFED   __c_args__                     

[216 symbols]
