<?xml version="1.0" encoding="ISO-8859-1" ?>
<link_info>
   <banner>TMS320C2000 Linker PC v25.11.0.LTS</banner>
   <copyright>Copyright (c) 1996-2018 Texas Instruments Incorporated</copyright>
   <command_line>C:\ti\ccs2050\ccs\tools\compiler\ti-cgt-c2000_25.11.0.LTS\bin\lnk2000.exe -lC:\\Users\\jptol\\AppData\\Local\\Temp\\{3D4ACC3D-7CCF-4FA7-95DC-384F5519B048}</command_line>
   <link_time>0x69e6b19c</link_time>
   <link_errors>0x0</link_errors>
   <output_file>C:\Users\jptol\GitHub Repos\CoPE Code\jakob_code\CPU1_RAM\jakob_code.out</output_file>
   <entry_point>
      <name>code_start</name>
      <address>0x0</address>
   </entry_point>
   <input_file_list>
      <input_file id="fl-2">
         <path>C:\Users\jptol\GitHub Repos\CoPE Code\jakob_code\CPU1_RAM\.\</path>
         <kind>object</kind>
         <file>dq_controller.obj</file>
         <name>dq_controller.obj</name>
      </input_file>
      <input_file id="fl-3">
         <path>C:\Users\jptol\GitHub Repos\CoPE Code\jakob_code\CPU1_RAM\.\</path>
         <kind>object</kind>
         <file>f28p55x_adc.obj</file>
         <name>f28p55x_adc.obj</name>
      </input_file>
      <input_file id="fl-4">
         <path>C:\Users\jptol\GitHub Repos\CoPE Code\jakob_code\CPU1_RAM\.\</path>
         <kind>object</kind>
         <file>f28p55x_codestartbranch.obj</file>
         <name>f28p55x_codestartbranch.obj</name>
      </input_file>
      <input_file id="fl-5">
         <path>C:\Users\jptol\GitHub Repos\CoPE Code\jakob_code\CPU1_RAM\.\</path>
         <kind>object</kind>
         <file>f28p55x_cputimers.obj</file>
         <name>f28p55x_cputimers.obj</name>
      </input_file>
      <input_file id="fl-6">
         <path>C:\Users\jptol\GitHub Repos\CoPE Code\jakob_code\CPU1_RAM\.\</path>
         <kind>object</kind>
         <file>f28p55x_defaultisr.obj</file>
         <name>f28p55x_defaultisr.obj</name>
      </input_file>
      <input_file id="fl-7">
         <path>C:\Users\jptol\GitHub Repos\CoPE Code\jakob_code\CPU1_RAM\.\</path>
         <kind>object</kind>
         <file>f28p55x_dma.obj</file>
         <name>f28p55x_dma.obj</name>
      </input_file>
      <input_file id="fl-8">
         <path>C:\Users\jptol\GitHub Repos\CoPE Code\jakob_code\CPU1_RAM\.\</path>
         <kind>object</kind>
         <file>f28p55x_epwm.obj</file>
         <name>f28p55x_epwm.obj</name>
      </input_file>
      <input_file id="fl-9">
         <path>C:\Users\jptol\GitHub Repos\CoPE Code\jakob_code\CPU1_RAM\.\</path>
         <kind>object</kind>
         <file>f28p55x_globalvariabledefs.obj</file>
         <name>f28p55x_globalvariabledefs.obj</name>
      </input_file>
      <input_file id="fl-a">
         <path>C:\Users\jptol\GitHub Repos\CoPE Code\jakob_code\CPU1_RAM\.\</path>
         <kind>object</kind>
         <file>f28p55x_gpio.obj</file>
         <name>f28p55x_gpio.obj</name>
      </input_file>
      <input_file id="fl-b">
         <path>C:\Users\jptol\GitHub Repos\CoPE Code\jakob_code\CPU1_RAM\.\</path>
         <kind>object</kind>
         <file>f28p55x_piectrl.obj</file>
         <name>f28p55x_piectrl.obj</name>
      </input_file>
      <input_file id="fl-c">
         <path>C:\Users\jptol\GitHub Repos\CoPE Code\jakob_code\CPU1_RAM\.\</path>
         <kind>object</kind>
         <file>f28p55x_pievect.obj</file>
         <name>f28p55x_pievect.obj</name>
      </input_file>
      <input_file id="fl-d">
         <path>C:\Users\jptol\GitHub Repos\CoPE Code\jakob_code\CPU1_RAM\.\</path>
         <kind>object</kind>
         <file>f28p55x_sysctrl.obj</file>
         <name>f28p55x_sysctrl.obj</name>
      </input_file>
      <input_file id="fl-e">
         <path>C:\Users\jptol\GitHub Repos\CoPE Code\jakob_code\CPU1_RAM\.\</path>
         <kind>object</kind>
         <file>f28p55x_tempsensorconv.obj</file>
         <name>f28p55x_tempsensorconv.obj</name>
      </input_file>
      <input_file id="fl-f">
         <path>C:\Users\jptol\GitHub Repos\CoPE Code\jakob_code\CPU1_RAM\.\</path>
         <kind>object</kind>
         <file>f28p55x_usdelay.obj</file>
         <name>f28p55x_usdelay.obj</name>
      </input_file>
      <input_file id="fl-10">
         <path>C:\Users\jptol\GitHub Repos\CoPE Code\jakob_code\CPU1_RAM\.\</path>
         <kind>object</kind>
         <file>hall_estimator.obj</file>
         <name>hall_estimator.obj</name>
      </input_file>
      <input_file id="fl-11">
         <path>C:\Users\jptol\GitHub Repos\CoPE Code\jakob_code\CPU1_RAM\.\</path>
         <kind>object</kind>
         <file>main.obj</file>
         <name>main.obj</name>
      </input_file>
      <input_file id="fl-12">
         <path>C:\Users\jptol\GitHub Repos\CoPE Code\jakob_code\CPU1_RAM\.\</path>
         <kind>object</kind>
         <file>pi_controller.obj</file>
         <name>pi_controller.obj</name>
      </input_file>
      <input_file id="fl-17">
         <path>C:\Users\jptol\GitHub Repos\CoPE Code\jakob_code\CPU1_RAM\</path>
         <kind>object</kind>
         <file>&lt;internal&gt;</file>
         <name>&lt;internal&gt;</name>
      </input_file>
      <input_file id="fl-23">
         <path>C:\ti\ccs2050\ccs\tools\compiler\ti-cgt-c2000_25.11.0.LTS\lib\</path>
         <kind>archive</kind>
         <file>rts2800_fpu32_eabi.lib</file>
         <name>boot28.asm.obj</name>
      </input_file>
      <input_file id="fl-24">
         <path>C:\ti\ccs2050\ccs\tools\compiler\ti-cgt-c2000_25.11.0.LTS\lib\</path>
         <kind>archive</kind>
         <file>rts2800_fpu32_eabi.lib</file>
         <name>ll_cmp28.asm.obj</name>
      </input_file>
      <input_file id="fl-25">
         <path>C:\ti\ccs2050\ccs\tools\compiler\ti-cgt-c2000_25.11.0.LTS\lib\</path>
         <kind>archive</kind>
         <file>rts2800_fpu32_eabi.lib</file>
         <name>l_div28.asm.obj</name>
      </input_file>
      <input_file id="fl-26">
         <path>C:\ti\ccs2050\ccs\tools\compiler\ti-cgt-c2000_25.11.0.LTS\lib\</path>
         <kind>archive</kind>
         <file>rts2800_fpu32_eabi.lib</file>
         <name>pre_init.c.obj</name>
      </input_file>
      <input_file id="fl-27">
         <path>C:\ti\ccs2050\ccs\tools\compiler\ti-cgt-c2000_25.11.0.LTS\lib\</path>
         <kind>archive</kind>
         <file>rts2800_fpu32_eabi.lib</file>
         <name>autoinit.c.obj</name>
      </input_file>
      <input_file id="fl-28">
         <path>C:\ti\ccs2050\ccs\tools\compiler\ti-cgt-c2000_25.11.0.LTS\lib\</path>
         <kind>archive</kind>
         <file>rts2800_fpu32_eabi.lib</file>
         <name>copy_zero_init.c.obj</name>
      </input_file>
      <input_file id="fl-29">
         <path>C:\ti\ccs2050\ccs\tools\compiler\ti-cgt-c2000_25.11.0.LTS\lib\</path>
         <kind>archive</kind>
         <file>rts2800_fpu32_eabi.lib</file>
         <name>copy_decompress_none.c.obj</name>
      </input_file>
      <input_file id="fl-2a">
         <path>C:\ti\ccs2050\ccs\tools\compiler\ti-cgt-c2000_25.11.0.LTS\lib\</path>
         <kind>archive</kind>
         <file>rts2800_fpu32_eabi.lib</file>
         <name>copy_decompress_lzss.c.obj</name>
      </input_file>
      <input_file id="fl-2b">
         <path>C:\ti\ccs2050\ccs\tools\compiler\ti-cgt-c2000_25.11.0.LTS\lib\</path>
         <kind>archive</kind>
         <file>rts2800_fpu32_eabi.lib</file>
         <name>exit.c.obj</name>
      </input_file>
      <input_file id="fl-2c">
         <path>C:\ti\ccs2050\ccs\tools\compiler\ti-cgt-c2000_25.11.0.LTS\lib\</path>
         <kind>archive</kind>
         <file>rts2800_fpu32_eabi.lib</file>
         <name>_lock.c.obj</name>
      </input_file>
      <input_file id="fl-2d">
         <path>C:\ti\ccs2050\ccs\tools\compiler\ti-cgt-c2000_25.11.0.LTS\lib\</path>
         <kind>archive</kind>
         <file>rts2800_fpu32_eabi.lib</file>
         <name>args_main.c.obj</name>
      </input_file>
      <input_file id="fl-2e">
         <path>C:\ti\ccs2050\ccs\tools\compiler\ti-cgt-c2000_25.11.0.LTS\lib\</path>
         <kind>archive</kind>
         <file>rts2800_fpu32_eabi.lib</file>
         <name>memset.c.obj</name>
      </input_file>
      <input_file id="fl-2f">
         <path>C:\ti\ccs2050\ccs\tools\compiler\ti-cgt-c2000_25.11.0.LTS\lib\</path>
         <kind>archive</kind>
         <file>rts2800_fpu32_eabi.lib</file>
         <name>cpy_tbl.c.obj</name>
      </input_file>
      <input_file id="fl-30">
         <path>C:\ti\ccs2050\ccs\tools\compiler\ti-cgt-c2000_25.11.0.LTS\lib\</path>
         <kind>archive</kind>
         <file>rts2800_fpu32_eabi.lib</file>
         <name>memcpy.c.obj</name>
      </input_file>
      <input_file id="fl-31">
         <path>C:\ti\ccs2050\ccs\tools\compiler\ti-cgt-c2000_25.11.0.LTS\lib\</path>
         <kind>archive</kind>
         <file>rts2800_fpu32_eabi.lib</file>
         <name>startup.c.obj</name>
      </input_file>
   </input_file_list>
   <object_component_list>
      <object_component id="oc-a8">
         <name>codestart</name>
         <load_address>0x0</load_address>
         <readonly>true</readonly>
         <executable>true</executable>
         <run_address>0x0</run_address>
         <size>0x2</size>
         <alignment>0x1</alignment>
         <input_file_ref idref="fl-4"/>
      </object_component>
      <object_component id="oc-51c">
         <name>.text:dq_update</name>
         <load_address>0x8000</load_address>
         <readonly>true</readonly>
         <executable>true</executable>
         <run_address>0x8000</run_address>
         <size>0x24e</size>
         <alignment>0x1</alignment>
         <input_file_ref idref="fl-2"/>
      </object_component>
      <object_component id="oc-3e6">
         <name>.text:adcA1ISR</name>
         <load_address>0x824e</load_address>
         <readonly>true</readonly>
         <executable>true</executable>
         <run_address>0x824e</run_address>
         <size>0x236</size>
         <alignment>0x1</alignment>
         <input_file_ref idref="fl-11"/>
      </object_component>
      <object_component id="oc-576">
         <name>.text:SetVREF</name>
         <load_address>0x8484</load_address>
         <readonly>true</readonly>
         <executable>true</executable>
         <run_address>0x8484</run_address>
         <size>0x13b</size>
         <alignment>0x1</alignment>
         <input_file_ref idref="fl-3"/>
      </object_component>
      <object_component id="oc-3da">
         <name>.text:adcB1ISR</name>
         <load_address>0x85bf</load_address>
         <readonly>true</readonly>
         <executable>true</executable>
         <run_address>0x85bf</run_address>
         <size>0x117</size>
         <alignment>0x1</alignment>
         <input_file_ref idref="fl-11"/>
      </object_component>
      <object_component id="oc-4d0">
         <name>.text:initEPWM</name>
         <load_address>0x86d6</load_address>
         <readonly>true</readonly>
         <executable>true</executable>
         <run_address>0x86d6</run_address>
         <size>0x102</size>
         <alignment>0x1</alignment>
         <input_file_ref idref="fl-11"/>
      </object_component>
      <object_component id="oc-4c4">
         <name>.text:InitPieVectTable</name>
         <load_address>0x87d8</load_address>
         <readonly>true</readonly>
         <executable>true</executable>
         <run_address>0x87d8</run_address>
         <size>0x25</size>
         <alignment>0x1</alignment>
         <input_file_ref idref="fl-c"/>
      </object_component>
      <object_component id="oc-5b9">
         <name>.text</name>
         <load_address>0x87fd</load_address>
         <readonly>true</readonly>
         <executable>true</executable>
         <run_address>0x87fd</run_address>
         <size>0x2</size>
         <alignment>0x1</alignment>
         <input_file_ref idref="fl-26"/>
      </object_component>
      <object_component id="oc-68b">
         <name>.text</name>
         <load_address>0x87ff</load_address>
         <readonly>true</readonly>
         <executable>true</executable>
         <run_address>0x87ff</run_address>
         <size>0x1</size>
         <alignment>0x1</alignment>
         <input_file_ref idref="fl-31"/>
      </object_component>
      <object_component id="oc-4dc">
         <name>.text:routeGPIOs</name>
         <load_address>0x8800</load_address>
         <readonly>true</readonly>
         <executable>true</executable>
         <run_address>0x8800</run_address>
         <size>0xfa</size>
         <alignment>0x1</alignment>
         <input_file_ref idref="fl-11"/>
      </object_component>
      <object_component id="oc-560">
         <name>.text:InitSysPll</name>
         <load_address>0x88fa</load_address>
         <readonly>true</readonly>
         <executable>true</executable>
         <run_address>0x88fa</run_address>
         <size>0xe6</size>
         <alignment>0x1</alignment>
         <input_file_ref idref="fl-d"/>
      </object_component>
      <object_component id="oc-50f">
         <name>.text:hall_update</name>
         <load_address>0x89e0</load_address>
         <readonly>true</readonly>
         <executable>true</executable>
         <run_address>0x89e0</run_address>
         <size>0xe1</size>
         <alignment>0x1</alignment>
         <input_file_ref idref="fl-10"/>
      </object_component>
      <object_component id="oc-4d6">
         <name>.text:initADCSOC</name>
         <load_address>0x8ac1</load_address>
         <readonly>true</readonly>
         <executable>true</executable>
         <run_address>0x8ac1</run_address>
         <size>0xc1</size>
         <alignment>0x1</alignment>
         <input_file_ref idref="fl-11"/>
      </object_component>
      <object_component id="oc-5f2">
         <name>.text:IsPLLValid</name>
         <load_address>0x8b82</load_address>
         <readonly>true</readonly>
         <executable>true</executable>
         <run_address>0x8b82</run_address>
         <size>0xa7</size>
         <alignment>0x1</alignment>
         <input_file_ref idref="fl-d"/>
      </object_component>
      <object_component id="oc-4ac">
         <name>.text:pi_update</name>
         <load_address>0x8c29</load_address>
         <readonly>true</readonly>
         <executable>true</executable>
         <run_address>0x8c29</run_address>
         <size>0x9b</size>
         <alignment>0x1</alignment>
         <input_file_ref idref="fl-12"/>
      </object_component>
      <object_component id="oc-566">
         <name>.text:InitPeripheralClocks</name>
         <load_address>0x8cc4</load_address>
         <readonly>true</readonly>
         <executable>true</executable>
         <run_address>0x8cc4</run_address>
         <size>0x7b</size>
         <alignment>0x1</alignment>
         <input_file_ref idref="fl-d"/>
      </object_component>
      <object_component id="oc-678">
         <name>.text:ComputeCntrSeedValue</name>
         <load_address>0x8d3f</load_address>
         <readonly>true</readonly>
         <executable>true</executable>
         <run_address>0x8d3f</run_address>
         <size>0x79</size>
         <alignment>0x1</alignment>
         <input_file_ref idref="fl-d"/>
      </object_component>
      <object_component id="oc-3db">
         <name>.text:main</name>
         <load_address>0x8db8</load_address>
         <readonly>true</readonly>
         <executable>true</executable>
         <run_address>0x8db8</run_address>
         <size>0x5f</size>
         <alignment>0x1</alignment>
         <input_file_ref idref="fl-11"/>
      </object_component>
      <object_component id="oc-4b8">
         <name>.text:InitGpio</name>
         <load_address>0x8e17</load_address>
         <readonly>true</readonly>
         <executable>true</executable>
         <run_address>0x8e17</run_address>
         <size>0x43</size>
         <alignment>0x1</alignment>
         <input_file_ref idref="fl-a"/>
      </object_component>
      <object_component id="oc-4f4">
         <name>.text:dq_init</name>
         <load_address>0x8e5a</load_address>
         <readonly>true</readonly>
         <executable>true</executable>
         <run_address>0x8e5a</run_address>
         <size>0x36</size>
         <alignment>0x1</alignment>
         <input_file_ref idref="fl-2"/>
      </object_component>
      <object_component id="oc-9b">
         <name>.text:decompress:lzss</name>
         <load_address>0x8e90</load_address>
         <readonly>true</readonly>
         <executable>true</executable>
         <run_address>0x8e90</run_address>
         <size>0x2e</size>
         <alignment>0x1</alignment>
         <input_file_ref idref="fl-2a"/>
      </object_component>
      <object_component id="oc-62a">
         <name>.text:__TI_auto_init_nobinit_nopinit</name>
         <load_address>0x8ebe</load_address>
         <readonly>true</readonly>
         <executable>true</executable>
         <run_address>0x8ebe</run_address>
         <size>0x2b</size>
         <alignment>0x1</alignment>
         <input_file_ref idref="fl-27"/>
      </object_component>
      <object_component id="oc-4ca">
         <name>.text:initADC</name>
         <load_address>0x8ee9</load_address>
         <readonly>true</readonly>
         <executable>true</executable>
         <run_address>0x8ee9</run_address>
         <size>0x29</size>
         <alignment>0x1</alignment>
         <input_file_ref idref="fl-11"/>
      </object_component>
      <object_component id="oc-5c6">
         <name>.text</name>
         <load_address>0x8f12</load_address>
         <readonly>true</readonly>
         <executable>true</executable>
         <run_address>0x8f12</run_address>
         <size>0x29</size>
         <alignment>0x1</alignment>
         <input_file_ref idref="fl-2b"/>
      </object_component>
      <object_component id="oc-4e8">
         <name>.text:hall_init</name>
         <load_address>0x8f3b</load_address>
         <readonly>true</readonly>
         <executable>true</executable>
         <run_address>0x8f3b</run_address>
         <size>0x25</size>
         <alignment>0x1</alignment>
         <input_file_ref idref="fl-10"/>
      </object_component>
      <object_component id="oc-4ee">
         <name>.text:pi_init</name>
         <load_address>0x8f60</load_address>
         <readonly>true</readonly>
         <executable>true</executable>
         <run_address>0x8f60</run_address>
         <size>0x22</size>
         <alignment>0x1</alignment>
         <input_file_ref idref="fl-12"/>
      </object_component>
      <object_component id="oc-5e6">
         <name>.text:SysXtalOscSel</name>
         <load_address>0x8f82</load_address>
         <readonly>true</readonly>
         <executable>true</executable>
         <run_address>0x8f82</run_address>
         <size>0x20</size>
         <alignment>0x1</alignment>
         <input_file_ref idref="fl-d"/>
      </object_component>
      <object_component id="oc-3ef">
         <name>.text</name>
         <load_address>0x8fa2</load_address>
         <readonly>true</readonly>
         <executable>true</executable>
         <run_address>0x8fa2</run_address>
         <size>0x20</size>
         <alignment>0x1</alignment>
         <input_file_ref idref="fl-30"/>
      </object_component>
      <object_component id="oc-4be">
         <name>.text:InitPieCtrl</name>
         <load_address>0x8fc2</load_address>
         <readonly>true</readonly>
         <executable>true</executable>
         <run_address>0x8fc2</run_address>
         <size>0x1f</size>
         <alignment>0x1</alignment>
         <input_file_ref idref="fl-b"/>
      </object_component>
      <object_component id="oc-66a">
         <name>.text:PollX1Counter</name>
         <load_address>0x8fe1</load_address>
         <readonly>true</readonly>
         <executable>true</executable>
         <run_address>0x8fe1</run_address>
         <size>0x1b</size>
         <alignment>0x1</alignment>
         <input_file_ref idref="fl-d"/>
      </object_component>
      <object_component id="oc-4e2">
         <name>.text:initDAC</name>
         <load_address>0x9000</load_address>
         <readonly>true</readonly>
         <executable>true</executable>
         <run_address>0x9000</run_address>
         <size>0x19</size>
         <alignment>0x1</alignment>
         <input_file_ref idref="fl-11"/>
      </object_component>
      <object_component id="oc-53b">
         <name>.text</name>
         <load_address>0x9019</load_address>
         <readonly>true</readonly>
         <executable>true</executable>
         <run_address>0x9019</run_address>
         <size>0x17</size>
         <alignment>0x1</alignment>
         <input_file_ref idref="fl-23"/>
      </object_component>
      <object_component id="oc-4b2">
         <name>.text:InitSysCtrl</name>
         <load_address>0x9030</load_address>
         <readonly>true</readonly>
         <executable>true</executable>
         <run_address>0x9030</run_address>
         <size>0x15</size>
         <alignment>0x1</alignment>
         <input_file_ref idref="fl-d"/>
      </object_component>
      <object_component id="oc-5ec">
         <name>.text:SysXtalOscSESel</name>
         <load_address>0x9045</load_address>
         <readonly>true</readonly>
         <executable>true</executable>
         <run_address>0x9045</run_address>
         <size>0x15</size>
         <alignment>0x1</alignment>
         <input_file_ref idref="fl-d"/>
      </object_component>
      <object_component id="oc-5c0">
         <name>.text</name>
         <load_address>0x905a</load_address>
         <readonly>true</readonly>
         <executable>true</executable>
         <run_address>0x905a</run_address>
         <size>0x12</size>
         <alignment>0x1</alignment>
         <input_file_ref idref="fl-2d"/>
      </object_component>
      <object_component id="oc-55a">
         <name>.text:DisableDog</name>
         <load_address>0x906c</load_address>
         <readonly>true</readonly>
         <executable>true</executable>
         <run_address>0x906c</run_address>
         <size>0xd</size>
         <alignment>0x1</alignment>
         <input_file_ref idref="fl-d"/>
      </object_component>
      <object_component id="oc-3ce">
         <name>.text:EMPTY_ISR</name>
         <load_address>0x9079</load_address>
         <readonly>true</readonly>
         <executable>true</executable>
         <run_address>0x9079</run_address>
         <size>0xd</size>
         <alignment>0x1</alignment>
         <input_file_ref idref="fl-6"/>
      </object_component>
      <object_component id="oc-3f7">
         <name>.text:decompress:ZI:__TI_zero_init_nomemset</name>
         <load_address>0x9086</load_address>
         <readonly>true</readonly>
         <executable>true</executable>
         <run_address>0x9086</run_address>
         <size>0xd</size>
         <alignment>0x1</alignment>
         <input_file_ref idref="fl-28"/>
      </object_component>
      <object_component id="oc-515">
         <name>.text:__relaxed_cosf</name>
         <load_address>0x9093</load_address>
         <readonly>true</readonly>
         <executable>true</executable>
         <run_address>0x9093</run_address>
         <size>0xb</size>
         <alignment>0x1</alignment>
         <input_file_ref idref="fl-2"/>
      </object_component>
      <object_component id="oc-522">
         <name>.text:__relaxed_sinf</name>
         <load_address>0x909e</load_address>
         <readonly>true</readonly>
         <executable>true</executable>
         <run_address>0x909e</run_address>
         <size>0xb</size>
         <alignment>0x1</alignment>
         <input_file_ref idref="fl-2"/>
      </object_component>
      <object_component id="oc-122">
         <name>.text:ADCA1_ISR</name>
         <load_address>0x90a9</load_address>
         <readonly>true</readonly>
         <executable>true</executable>
         <run_address>0x90a9</run_address>
         <size>0xa</size>
         <alignment>0x1</alignment>
         <input_file_ref idref="fl-6"/>
      </object_component>
      <object_component id="oc-278">
         <name>.text:ADCA2_ISR</name>
         <load_address>0x90b3</load_address>
         <readonly>true</readonly>
         <executable>true</executable>
         <run_address>0x90b3</run_address>
         <size>0xa</size>
         <alignment>0x1</alignment>
         <input_file_ref idref="fl-6"/>
      </object_component>
      <object_component id="oc-27e">
         <name>.text:ADCA3_ISR</name>
         <load_address>0x90bd</load_address>
         <readonly>true</readonly>
         <executable>true</executable>
         <run_address>0x90bd</run_address>
         <size>0xa</size>
         <alignment>0x1</alignment>
         <input_file_ref idref="fl-6"/>
      </object_component>
      <object_component id="oc-284">
         <name>.text:ADCA4_ISR</name>
         <load_address>0x90c7</load_address>
         <readonly>true</readonly>
         <executable>true</executable>
         <run_address>0x90c7</run_address>
         <size>0xa</size>
         <alignment>0x1</alignment>
         <input_file_ref idref="fl-6"/>
      </object_component>
      <object_component id="oc-272">
         <name>.text:ADCA_EVT_ISR</name>
         <load_address>0x90d1</load_address>
         <readonly>true</readonly>
         <executable>true</executable>
         <run_address>0x90d1</run_address>
         <size>0xa</size>
         <alignment>0x1</alignment>
         <input_file_ref idref="fl-6"/>
      </object_component>
      <object_component id="oc-128">
         <name>.text:ADCB1_ISR</name>
         <load_address>0x90db</load_address>
         <readonly>true</readonly>
         <executable>true</executable>
         <run_address>0x90db</run_address>
         <size>0xa</size>
         <alignment>0x1</alignment>
         <input_file_ref idref="fl-6"/>
      </object_component>
      <object_component id="oc-290">
         <name>.text:ADCB2_ISR</name>
         <load_address>0x90e5</load_address>
         <readonly>true</readonly>
         <executable>true</executable>
         <run_address>0x90e5</run_address>
         <size>0xa</size>
         <alignment>0x1</alignment>
         <input_file_ref idref="fl-6"/>
      </object_component>
      <object_component id="oc-296">
         <name>.text:ADCB3_ISR</name>
         <load_address>0x90ef</load_address>
         <readonly>true</readonly>
         <executable>true</executable>
         <run_address>0x90ef</run_address>
         <size>0xa</size>
         <alignment>0x1</alignment>
         <input_file_ref idref="fl-6"/>
      </object_component>
      <object_component id="oc-29c">
         <name>.text:ADCB4_ISR</name>
         <load_address>0x90f9</load_address>
         <readonly>true</readonly>
         <executable>true</executable>
         <run_address>0x90f9</run_address>
         <size>0xa</size>
         <alignment>0x1</alignment>
         <input_file_ref idref="fl-6"/>
      </object_component>
      <object_component id="oc-28a">
         <name>.text:ADCB_EVT_ISR</name>
         <load_address>0x9103</load_address>
         <readonly>true</readonly>
         <executable>true</executable>
         <run_address>0x9103</run_address>
         <size>0xa</size>
         <alignment>0x1</alignment>
         <input_file_ref idref="fl-6"/>
      </object_component>
      <object_component id="oc-12e">
         <name>.text:ADCC1_ISR</name>
         <load_address>0x910d</load_address>
         <readonly>true</readonly>
         <executable>true</executable>
         <run_address>0x910d</run_address>
         <size>0xa</size>
         <alignment>0x1</alignment>
         <input_file_ref idref="fl-6"/>
      </object_component>
      <object_component id="oc-380">
         <name>.text:ADCC2_ISR</name>
         <load_address>0x9117</load_address>
         <readonly>true</readonly>
         <executable>true</executable>
         <run_address>0x9117</run_address>
         <size>0xa</size>
         <alignment>0x1</alignment>
         <input_file_ref idref="fl-6"/>
      </object_component>
      <object_component id="oc-386">
         <name>.text:ADCC3_ISR</name>
         <load_address>0x9121</load_address>
         <readonly>true</readonly>
         <executable>true</executable>
         <run_address>0x9121</run_address>
         <size>0xa</size>
         <alignment>0x1</alignment>
         <input_file_ref idref="fl-6"/>
      </object_component>
      <object_component id="oc-38c">
         <name>.text:ADCC4_ISR</name>
         <load_address>0x912b</load_address>
         <readonly>true</readonly>
         <executable>true</executable>
         <run_address>0x912b</run_address>
         <size>0xa</size>
         <alignment>0x1</alignment>
         <input_file_ref idref="fl-6"/>
      </object_component>
      <object_component id="oc-37a">
         <name>.text:ADCC_EVT_ISR</name>
         <load_address>0x9135</load_address>
         <readonly>true</readonly>
         <executable>true</executable>
         <run_address>0x9135</run_address>
         <size>0xa</size>
         <alignment>0x1</alignment>
         <input_file_ref idref="fl-6"/>
      </object_component>
      <object_component id="oc-2fc">
         <name>.text:ADCD1_ISR</name>
         <load_address>0x913f</load_address>
         <readonly>true</readonly>
         <executable>true</executable>
         <run_address>0x913f</run_address>
         <size>0xa</size>
         <alignment>0x1</alignment>
         <input_file_ref idref="fl-6"/>
      </object_component>
      <object_component id="oc-398">
         <name>.text:ADCD2_ISR</name>
         <load_address>0x9149</load_address>
         <readonly>true</readonly>
         <executable>true</executable>
         <run_address>0x9149</run_address>
         <size>0xa</size>
         <alignment>0x1</alignment>
         <input_file_ref idref="fl-6"/>
      </object_component>
      <object_component id="oc-39e">
         <name>.text:ADCD3_ISR</name>
         <load_address>0x9153</load_address>
         <readonly>true</readonly>
         <executable>true</executable>
         <run_address>0x9153</run_address>
         <size>0xa</size>
         <alignment>0x1</alignment>
         <input_file_ref idref="fl-6"/>
      </object_component>
      <object_component id="oc-3a4">
         <name>.text:ADCD4_ISR</name>
         <load_address>0x915d</load_address>
         <readonly>true</readonly>
         <executable>true</executable>
         <run_address>0x915d</run_address>
         <size>0xa</size>
         <alignment>0x1</alignment>
         <input_file_ref idref="fl-6"/>
      </object_component>
      <object_component id="oc-392">
         <name>.text:ADCD_EVT_ISR</name>
         <load_address>0x9167</load_address>
         <readonly>true</readonly>
         <executable>true</executable>
         <run_address>0x9167</run_address>
         <size>0xa</size>
         <alignment>0x1</alignment>
         <input_file_ref idref="fl-6"/>
      </object_component>
      <object_component id="oc-302">
         <name>.text:ADCE1_ISR</name>
         <load_address>0x9171</load_address>
         <readonly>true</readonly>
         <executable>true</executable>
         <run_address>0x9171</run_address>
         <size>0xa</size>
         <alignment>0x1</alignment>
         <input_file_ref idref="fl-6"/>
      </object_component>
      <object_component id="oc-3b0">
         <name>.text:ADCE2_ISR</name>
         <load_address>0x917b</load_address>
         <readonly>true</readonly>
         <executable>true</executable>
         <run_address>0x917b</run_address>
         <size>0xa</size>
         <alignment>0x1</alignment>
         <input_file_ref idref="fl-6"/>
      </object_component>
      <object_component id="oc-3b6">
         <name>.text:ADCE3_ISR</name>
         <load_address>0x9185</load_address>
         <readonly>true</readonly>
         <executable>true</executable>
         <run_address>0x9185</run_address>
         <size>0xa</size>
         <alignment>0x1</alignment>
         <input_file_ref idref="fl-6"/>
      </object_component>
      <object_component id="oc-3bc">
         <name>.text:ADCE4_ISR</name>
         <load_address>0x918f</load_address>
         <readonly>true</readonly>
         <executable>true</executable>
         <run_address>0x918f</run_address>
         <size>0xa</size>
         <alignment>0x1</alignment>
         <input_file_ref idref="fl-6"/>
      </object_component>
      <object_component id="oc-3aa">
         <name>.text:ADCE_EVT_ISR</name>
         <load_address>0x9199</load_address>
         <readonly>true</readonly>
         <executable>true</executable>
         <run_address>0x9199</run_address>
         <size>0xa</size>
         <alignment>0x1</alignment>
         <input_file_ref idref="fl-6"/>
      </object_component>
      <object_component id="oc-3c2">
         <name>.text:AES_SINTREQUEST_ISR</name>
         <load_address>0x91a3</load_address>
         <readonly>true</readonly>
         <executable>true</executable>
         <run_address>0x91a3</run_address>
         <size>0xa</size>
         <alignment>0x1</alignment>
         <input_file_ref idref="fl-6"/>
      </object_component>
      <object_component id="oc-2a2">
         <name>.text:CLA1_1_ISR</name>
         <load_address>0x91ad</load_address>
         <readonly>true</readonly>
         <executable>true</executable>
         <run_address>0x91ad</run_address>
         <size>0xa</size>
         <alignment>0x1</alignment>
         <input_file_ref idref="fl-6"/>
      </object_component>
      <object_component id="oc-2a8">
         <name>.text:CLA1_2_ISR</name>
         <load_address>0x91b7</load_address>
         <readonly>true</readonly>
         <executable>true</executable>
         <run_address>0x91b7</run_address>
         <size>0xa</size>
         <alignment>0x1</alignment>
         <input_file_ref idref="fl-6"/>
      </object_component>
      <object_component id="oc-2ae">
         <name>.text:CLA1_3_ISR</name>
         <load_address>0x91c1</load_address>
         <readonly>true</readonly>
         <executable>true</executable>
         <run_address>0x91c1</run_address>
         <size>0xa</size>
         <alignment>0x1</alignment>
         <input_file_ref idref="fl-6"/>
      </object_component>
      <object_component id="oc-2b4">
         <name>.text:CLA1_4_ISR</name>
         <load_address>0x91cb</load_address>
         <readonly>true</readonly>
         <executable>true</executable>
         <run_address>0x91cb</run_address>
         <size>0xa</size>
         <alignment>0x1</alignment>
         <input_file_ref idref="fl-6"/>
      </object_component>
      <object_component id="oc-2ba">
         <name>.text:CLA1_5_ISR</name>
         <load_address>0x91d5</load_address>
         <readonly>true</readonly>
         <executable>true</executable>
         <run_address>0x91d5</run_address>
         <size>0xa</size>
         <alignment>0x1</alignment>
         <input_file_ref idref="fl-6"/>
      </object_component>
      <object_component id="oc-2c0">
         <name>.text:CLA1_6_ISR</name>
         <load_address>0x91df</load_address>
         <readonly>true</readonly>
         <executable>true</executable>
         <run_address>0x91df</run_address>
         <size>0xa</size>
         <alignment>0x1</alignment>
         <input_file_ref idref="fl-6"/>
      </object_component>
      <object_component id="oc-2c6">
         <name>.text:CLA1_7_ISR</name>
         <load_address>0x91e9</load_address>
         <readonly>true</readonly>
         <executable>true</executable>
         <run_address>0x91e9</run_address>
         <size>0xa</size>
         <alignment>0x1</alignment>
         <input_file_ref idref="fl-6"/>
      </object_component>
      <object_component id="oc-2cc">
         <name>.text:CLA1_8_ISR</name>
         <load_address>0x91f3</load_address>
         <readonly>true</readonly>
         <executable>true</executable>
         <run_address>0x91f3</run_address>
         <size>0xa</size>
         <alignment>0x1</alignment>
         <input_file_ref idref="fl-6"/>
      </object_component>
      <object_component id="oc-1d0">
         <name>.text:CLB1_ISR</name>
         <load_address>0x91fd</load_address>
         <readonly>true</readonly>
         <executable>true</executable>
         <run_address>0x91fd</run_address>
         <size>0xa</size>
         <alignment>0x1</alignment>
         <input_file_ref idref="fl-6"/>
      </object_component>
      <object_component id="oc-1d6">
         <name>.text:CLB2_ISR</name>
         <load_address>0x9207</load_address>
         <readonly>true</readonly>
         <executable>true</executable>
         <run_address>0x9207</run_address>
         <size>0xa</size>
         <alignment>0x1</alignment>
         <input_file_ref idref="fl-6"/>
      </object_component>
      <object_component id="oc-bc">
         <name>.text:DATALOG_ISR</name>
         <load_address>0x9211</load_address>
         <readonly>true</readonly>
         <executable>true</executable>
         <run_address>0x9211</run_address>
         <size>0xa</size>
         <alignment>0x1</alignment>
         <input_file_ref idref="fl-6"/>
      </object_component>
      <object_component id="oc-1f4">
         <name>.text:DCC0_ISR</name>
         <load_address>0x921b</load_address>
         <readonly>true</readonly>
         <executable>true</executable>
         <run_address>0x921b</run_address>
         <size>0xa</size>
         <alignment>0x1</alignment>
         <input_file_ref idref="fl-6"/>
      </object_component>
      <object_component id="oc-1fa">
         <name>.text:DCC1_ISR</name>
         <load_address>0x9225</load_address>
         <readonly>true</readonly>
         <executable>true</executable>
         <run_address>0x9225</run_address>
         <size>0xa</size>
         <alignment>0x1</alignment>
         <input_file_ref idref="fl-6"/>
      </object_component>
      <object_component id="oc-200">
         <name>.text:DMA_CH1_ISR</name>
         <load_address>0x922f</load_address>
         <readonly>true</readonly>
         <executable>true</executable>
         <run_address>0x922f</run_address>
         <size>0xa</size>
         <alignment>0x1</alignment>
         <input_file_ref idref="fl-6"/>
      </object_component>
      <object_component id="oc-206">
         <name>.text:DMA_CH2_ISR</name>
         <load_address>0x9239</load_address>
         <readonly>true</readonly>
         <executable>true</executable>
         <run_address>0x9239</run_address>
         <size>0xa</size>
         <alignment>0x1</alignment>
         <input_file_ref idref="fl-6"/>
      </object_component>
      <object_component id="oc-20c">
         <name>.text:DMA_CH3_ISR</name>
         <load_address>0x9243</load_address>
         <readonly>true</readonly>
         <executable>true</executable>
         <run_address>0x9243</run_address>
         <size>0xa</size>
         <alignment>0x1</alignment>
         <input_file_ref idref="fl-6"/>
      </object_component>
      <object_component id="oc-212">
         <name>.text:DMA_CH4_ISR</name>
         <load_address>0x924d</load_address>
         <readonly>true</readonly>
         <executable>true</executable>
         <run_address>0x924d</run_address>
         <size>0xa</size>
         <alignment>0x1</alignment>
         <input_file_ref idref="fl-6"/>
      </object_component>
      <object_component id="oc-218">
         <name>.text:DMA_CH5_ISR</name>
         <load_address>0x9257</load_address>
         <readonly>true</readonly>
         <executable>true</executable>
         <run_address>0x9257</run_address>
         <size>0xa</size>
         <alignment>0x1</alignment>
         <input_file_ref idref="fl-6"/>
      </object_component>
      <object_component id="oc-21e">
         <name>.text:DMA_CH6_ISR</name>
         <load_address>0x9261</load_address>
         <readonly>true</readonly>
         <executable>true</executable>
         <run_address>0x9261</run_address>
         <size>0xa</size>
         <alignment>0x1</alignment>
         <input_file_ref idref="fl-6"/>
      </object_component>
      <object_component id="oc-1b2">
         <name>.text:ECAP1_ISR</name>
         <load_address>0x926b</load_address>
         <readonly>true</readonly>
         <executable>true</executable>
         <run_address>0x926b</run_address>
         <size>0xa</size>
         <alignment>0x1</alignment>
         <input_file_ref idref="fl-6"/>
      </object_component>
      <object_component id="oc-1b8">
         <name>.text:ECAP2_ISR</name>
         <load_address>0x9275</load_address>
         <readonly>true</readonly>
         <executable>true</executable>
         <run_address>0x9275</run_address>
         <size>0xa</size>
         <alignment>0x1</alignment>
         <input_file_ref idref="fl-6"/>
      </object_component>
      <object_component id="oc-c8">
         <name>.text:EMU_ISR</name>
         <load_address>0x927f</load_address>
         <readonly>true</readonly>
         <executable>true</executable>
         <run_address>0x927f</run_address>
         <size>0xa</size>
         <alignment>0x1</alignment>
         <input_file_ref idref="fl-6"/>
      </object_component>
      <object_component id="oc-326">
         <name>.text:EPWM10_ISR</name>
         <load_address>0x9289</load_address>
         <readonly>true</readonly>
         <executable>true</executable>
         <run_address>0x9289</run_address>
         <size>0xa</size>
         <alignment>0x1</alignment>
         <input_file_ref idref="fl-6"/>
      </object_component>
      <object_component id="oc-30e">
         <name>.text:EPWM10_TZ_ISR</name>
         <load_address>0x9293</load_address>
         <readonly>true</readonly>
         <executable>true</executable>
         <run_address>0x9293</run_address>
         <size>0xa</size>
         <alignment>0x1</alignment>
         <input_file_ref idref="fl-6"/>
      </object_component>
      <object_component id="oc-32c">
         <name>.text:EPWM11_ISR</name>
         <load_address>0x929d</load_address>
         <readonly>true</readonly>
         <executable>true</executable>
         <run_address>0x929d</run_address>
         <size>0xa</size>
         <alignment>0x1</alignment>
         <input_file_ref idref="fl-6"/>
      </object_component>
      <object_component id="oc-314">
         <name>.text:EPWM11_TZ_ISR</name>
         <load_address>0x92a7</load_address>
         <readonly>true</readonly>
         <executable>true</executable>
         <run_address>0x92a7</run_address>
         <size>0xa</size>
         <alignment>0x1</alignment>
         <input_file_ref idref="fl-6"/>
      </object_component>
      <object_component id="oc-332">
         <name>.text:EPWM12_ISR</name>
         <load_address>0x92b1</load_address>
         <readonly>true</readonly>
         <executable>true</executable>
         <run_address>0x92b1</run_address>
         <size>0xa</size>
         <alignment>0x1</alignment>
         <input_file_ref idref="fl-6"/>
      </object_component>
      <object_component id="oc-31a">
         <name>.text:EPWM12_TZ_ISR</name>
         <load_address>0x92bb</load_address>
         <readonly>true</readonly>
         <executable>true</executable>
         <run_address>0x92bb</run_address>
         <size>0xa</size>
         <alignment>0x1</alignment>
         <input_file_ref idref="fl-6"/>
      </object_component>
      <object_component id="oc-182">
         <name>.text:EPWM1_ISR</name>
         <load_address>0x92c5</load_address>
         <readonly>true</readonly>
         <executable>true</executable>
         <run_address>0x92c5</run_address>
         <size>0xa</size>
         <alignment>0x1</alignment>
         <input_file_ref idref="fl-6"/>
      </object_component>
      <object_component id="oc-152">
         <name>.text:EPWM1_TZ_ISR</name>
         <load_address>0x92cf</load_address>
         <readonly>true</readonly>
         <executable>true</executable>
         <run_address>0x92cf</run_address>
         <size>0xa</size>
         <alignment>0x1</alignment>
         <input_file_ref idref="fl-6"/>
      </object_component>
      <object_component id="oc-188">
         <name>.text:EPWM2_ISR</name>
         <load_address>0x92d9</load_address>
         <readonly>true</readonly>
         <executable>true</executable>
         <run_address>0x92d9</run_address>
         <size>0xa</size>
         <alignment>0x1</alignment>
         <input_file_ref idref="fl-6"/>
      </object_component>
      <object_component id="oc-158">
         <name>.text:EPWM2_TZ_ISR</name>
         <load_address>0x92e3</load_address>
         <readonly>true</readonly>
         <executable>true</executable>
         <run_address>0x92e3</run_address>
         <size>0xa</size>
         <alignment>0x1</alignment>
         <input_file_ref idref="fl-6"/>
      </object_component>
      <object_component id="oc-18e">
         <name>.text:EPWM3_ISR</name>
         <load_address>0x92ed</load_address>
         <readonly>true</readonly>
         <executable>true</executable>
         <run_address>0x92ed</run_address>
         <size>0xa</size>
         <alignment>0x1</alignment>
         <input_file_ref idref="fl-6"/>
      </object_component>
      <object_component id="oc-15e">
         <name>.text:EPWM3_TZ_ISR</name>
         <load_address>0x92f7</load_address>
         <readonly>true</readonly>
         <executable>true</executable>
         <run_address>0x92f7</run_address>
         <size>0xa</size>
         <alignment>0x1</alignment>
         <input_file_ref idref="fl-6"/>
      </object_component>
      <object_component id="oc-194">
         <name>.text:EPWM4_ISR</name>
         <load_address>0x9301</load_address>
         <readonly>true</readonly>
         <executable>true</executable>
         <run_address>0x9301</run_address>
         <size>0xa</size>
         <alignment>0x1</alignment>
         <input_file_ref idref="fl-6"/>
      </object_component>
      <object_component id="oc-164">
         <name>.text:EPWM4_TZ_ISR</name>
         <load_address>0x930b</load_address>
         <readonly>true</readonly>
         <executable>true</executable>
         <run_address>0x930b</run_address>
         <size>0xa</size>
         <alignment>0x1</alignment>
         <input_file_ref idref="fl-6"/>
      </object_component>
      <object_component id="oc-19a">
         <name>.text:EPWM5_ISR</name>
         <load_address>0x9315</load_address>
         <readonly>true</readonly>
         <executable>true</executable>
         <run_address>0x9315</run_address>
         <size>0xa</size>
         <alignment>0x1</alignment>
         <input_file_ref idref="fl-6"/>
      </object_component>
      <object_component id="oc-16a">
         <name>.text:EPWM5_TZ_ISR</name>
         <load_address>0x931f</load_address>
         <readonly>true</readonly>
         <executable>true</executable>
         <run_address>0x931f</run_address>
         <size>0xa</size>
         <alignment>0x1</alignment>
         <input_file_ref idref="fl-6"/>
      </object_component>
      <object_component id="oc-1a0">
         <name>.text:EPWM6_ISR</name>
         <load_address>0x9329</load_address>
         <readonly>true</readonly>
         <executable>true</executable>
         <run_address>0x9329</run_address>
         <size>0xa</size>
         <alignment>0x1</alignment>
         <input_file_ref idref="fl-6"/>
      </object_component>
      <object_component id="oc-170">
         <name>.text:EPWM6_TZ_ISR</name>
         <load_address>0x9333</load_address>
         <readonly>true</readonly>
         <executable>true</executable>
         <run_address>0x9333</run_address>
         <size>0xa</size>
         <alignment>0x1</alignment>
         <input_file_ref idref="fl-6"/>
      </object_component>
      <object_component id="oc-1a6">
         <name>.text:EPWM7_ISR</name>
         <load_address>0x933d</load_address>
         <readonly>true</readonly>
         <executable>true</executable>
         <run_address>0x933d</run_address>
         <size>0xa</size>
         <alignment>0x1</alignment>
         <input_file_ref idref="fl-6"/>
      </object_component>
      <object_component id="oc-176">
         <name>.text:EPWM7_TZ_ISR</name>
         <load_address>0x9347</load_address>
         <readonly>true</readonly>
         <executable>true</executable>
         <run_address>0x9347</run_address>
         <size>0xa</size>
         <alignment>0x1</alignment>
         <input_file_ref idref="fl-6"/>
      </object_component>
      <object_component id="oc-1ac">
         <name>.text:EPWM8_ISR</name>
         <load_address>0x9351</load_address>
         <readonly>true</readonly>
         <executable>true</executable>
         <run_address>0x9351</run_address>
         <size>0xa</size>
         <alignment>0x1</alignment>
         <input_file_ref idref="fl-6"/>
      </object_component>
      <object_component id="oc-17c">
         <name>.text:EPWM8_TZ_ISR</name>
         <load_address>0x935b</load_address>
         <readonly>true</readonly>
         <executable>true</executable>
         <run_address>0x935b</run_address>
         <size>0xa</size>
         <alignment>0x1</alignment>
         <input_file_ref idref="fl-6"/>
      </object_component>
      <object_component id="oc-320">
         <name>.text:EPWM9_ISR</name>
         <load_address>0x9365</load_address>
         <readonly>true</readonly>
         <executable>true</executable>
         <run_address>0x9365</run_address>
         <size>0xa</size>
         <alignment>0x1</alignment>
         <input_file_ref idref="fl-6"/>
      </object_component>
      <object_component id="oc-308">
         <name>.text:EPWM9_TZ_ISR</name>
         <load_address>0x936f</load_address>
         <readonly>true</readonly>
         <executable>true</executable>
         <run_address>0x936f</run_address>
         <size>0xa</size>
         <alignment>0x1</alignment>
         <input_file_ref idref="fl-6"/>
      </object_component>
      <object_component id="oc-1be">
         <name>.text:EQEP1_ISR</name>
         <load_address>0x9379</load_address>
         <readonly>true</readonly>
         <executable>true</executable>
         <run_address>0x9379</run_address>
         <size>0xa</size>
         <alignment>0x1</alignment>
         <input_file_ref idref="fl-6"/>
      </object_component>
      <object_component id="oc-1c4">
         <name>.text:EQEP2_ISR</name>
         <load_address>0x9383</load_address>
         <readonly>true</readonly>
         <executable>true</executable>
         <run_address>0x9383</run_address>
         <size>0xa</size>
         <alignment>0x1</alignment>
         <input_file_ref idref="fl-6"/>
      </object_component>
      <object_component id="oc-1ca">
         <name>.text:EQEP3_ISR</name>
         <load_address>0x938d</load_address>
         <readonly>true</readonly>
         <executable>true</executable>
         <run_address>0x938d</run_address>
         <size>0xa</size>
         <alignment>0x1</alignment>
         <input_file_ref idref="fl-6"/>
      </object_component>
      <object_component id="oc-2e4">
         <name>.text:FLSS_ISR</name>
         <load_address>0x9397</load_address>
         <readonly>true</readonly>
         <executable>true</executable>
         <run_address>0x9397</run_address>
         <size>0xa</size>
         <alignment>0x1</alignment>
         <input_file_ref idref="fl-6"/>
      </object_component>
      <object_component id="oc-344">
         <name>.text:FSIRXA1_ISR</name>
         <load_address>0x93a1</load_address>
         <readonly>true</readonly>
         <executable>true</executable>
         <run_address>0x93a1</run_address>
         <size>0xa</size>
         <alignment>0x1</alignment>
         <input_file_ref idref="fl-6"/>
      </object_component>
      <object_component id="oc-34a">
         <name>.text:FSIRXA2_ISR</name>
         <load_address>0x93ab</load_address>
         <readonly>true</readonly>
         <executable>true</executable>
         <run_address>0x93ab</run_address>
         <size>0xa</size>
         <alignment>0x1</alignment>
         <input_file_ref idref="fl-6"/>
      </object_component>
      <object_component id="oc-338">
         <name>.text:FSITXA1_ISR</name>
         <load_address>0x93b5</load_address>
         <readonly>true</readonly>
         <executable>true</executable>
         <run_address>0x93b5</run_address>
         <size>0xa</size>
         <alignment>0x1</alignment>
         <input_file_ref idref="fl-6"/>
      </object_component>
      <object_component id="oc-33e">
         <name>.text:FSITXA2_ISR</name>
         <load_address>0x93bf</load_address>
         <readonly>true</readonly>
         <executable>true</executable>
         <run_address>0x93bf</run_address>
         <size>0xa</size>
         <alignment>0x1</alignment>
         <input_file_ref idref="fl-6"/>
      </object_component>
      <object_component id="oc-230">
         <name>.text:I2CA_FIFO_ISR</name>
         <load_address>0x93c9</load_address>
         <readonly>true</readonly>
         <executable>true</executable>
         <run_address>0x93c9</run_address>
         <size>0xa</size>
         <alignment>0x1</alignment>
         <input_file_ref idref="fl-6"/>
      </object_component>
      <object_component id="oc-22a">
         <name>.text:I2CA_ISR</name>
         <load_address>0x93d3</load_address>
         <readonly>true</readonly>
         <executable>true</executable>
         <run_address>0x93d3</run_address>
         <size>0xa</size>
         <alignment>0x1</alignment>
         <input_file_ref idref="fl-6"/>
      </object_component>
      <object_component id="oc-23c">
         <name>.text:I2CB_FIFO_ISR</name>
         <load_address>0x93dd</load_address>
         <readonly>true</readonly>
         <executable>true</executable>
         <run_address>0x93dd</run_address>
         <size>0xa</size>
         <alignment>0x1</alignment>
         <input_file_ref idref="fl-6"/>
      </object_component>
      <object_component id="oc-236">
         <name>.text:I2CB_ISR</name>
         <load_address>0x93e7</load_address>
         <readonly>true</readonly>
         <executable>true</executable>
         <run_address>0x93e7</run_address>
         <size>0xa</size>
         <alignment>0x1</alignment>
         <input_file_ref idref="fl-6"/>
      </object_component>
      <object_component id="oc-d4">
         <name>.text:ILLEGAL_ISR</name>
         <load_address>0x93f1</load_address>
         <readonly>true</readonly>
         <executable>true</executable>
         <run_address>0x93f1</run_address>
         <size>0xa</size>
         <alignment>0x1</alignment>
         <input_file_ref idref="fl-6"/>
      </object_component>
      <object_component id="oc-350">
         <name>.text:LINA_0_ISR</name>
         <load_address>0x93fb</load_address>
         <readonly>true</readonly>
         <executable>true</executable>
         <run_address>0x93fb</run_address>
         <size>0xa</size>
         <alignment>0x1</alignment>
         <input_file_ref idref="fl-6"/>
      </object_component>
      <object_component id="oc-356">
         <name>.text:LINA_1_ISR</name>
         <load_address>0x9405</load_address>
         <readonly>true</readonly>
         <executable>true</executable>
         <run_address>0x9405</run_address>
         <size>0xa</size>
         <alignment>0x1</alignment>
         <input_file_ref idref="fl-6"/>
      </object_component>
      <object_component id="oc-266">
         <name>.text:MCANA_0_ISR</name>
         <load_address>0x940f</load_address>
         <readonly>true</readonly>
         <executable>true</executable>
         <run_address>0x940f</run_address>
         <size>0xa</size>
         <alignment>0x1</alignment>
         <input_file_ref idref="fl-6"/>
      </object_component>
      <object_component id="oc-26c">
         <name>.text:MCANA_1_ISR</name>
         <load_address>0x9419</load_address>
         <readonly>true</readonly>
         <executable>true</executable>
         <run_address>0x9419</run_address>
         <size>0xa</size>
         <alignment>0x1</alignment>
         <input_file_ref idref="fl-6"/>
      </object_component>
      <object_component id="oc-2f6">
         <name>.text:MCANA_ECC_ISR</name>
         <load_address>0x9423</load_address>
         <readonly>true</readonly>
         <executable>true</executable>
         <run_address>0x9423</run_address>
         <size>0xa</size>
         <alignment>0x1</alignment>
         <input_file_ref idref="fl-6"/>
      </object_component>
      <object_component id="oc-2f0">
         <name>.text:MCANA_WAKE_ISR</name>
         <load_address>0x942d</load_address>
         <readonly>true</readonly>
         <executable>true</executable>
         <run_address>0x942d</run_address>
         <size>0xa</size>
         <alignment>0x1</alignment>
         <input_file_ref idref="fl-6"/>
      </object_component>
      <object_component id="oc-35c">
         <name>.text:MCANB_0_ISR</name>
         <load_address>0x9437</load_address>
         <readonly>true</readonly>
         <executable>true</executable>
         <run_address>0x9437</run_address>
         <size>0xa</size>
         <alignment>0x1</alignment>
         <input_file_ref idref="fl-6"/>
      </object_component>
      <object_component id="oc-362">
         <name>.text:MCANB_1_ISR</name>
         <load_address>0x9441</load_address>
         <readonly>true</readonly>
         <executable>true</executable>
         <run_address>0x9441</run_address>
         <size>0xa</size>
         <alignment>0x1</alignment>
         <input_file_ref idref="fl-6"/>
      </object_component>
      <object_component id="oc-36e">
         <name>.text:MCANB_ECC_ISR</name>
         <load_address>0x944b</load_address>
         <readonly>true</readonly>
         <executable>true</executable>
         <run_address>0x944b</run_address>
         <size>0xa</size>
         <alignment>0x1</alignment>
         <input_file_ref idref="fl-6"/>
      </object_component>
      <object_component id="oc-368">
         <name>.text:MCANB_WAKE_ISR</name>
         <load_address>0x9455</load_address>
         <readonly>true</readonly>
         <executable>true</executable>
         <run_address>0x9455</run_address>
         <size>0xa</size>
         <alignment>0x1</alignment>
         <input_file_ref idref="fl-6"/>
      </object_component>
      <object_component id="oc-ce">
         <name>.text:NMI_ISR</name>
         <load_address>0x945f</load_address>
         <readonly>true</readonly>
         <executable>true</executable>
         <run_address>0x945f</run_address>
         <size>0xa</size>
         <alignment>0x1</alignment>
         <input_file_ref idref="fl-6"/>
      </object_component>
      <object_component id="oc-3d4">
         <name>.text:NOTUSED_ISR</name>
         <load_address>0x9469</load_address>
         <readonly>true</readonly>
         <executable>true</executable>
         <run_address>0x9469</run_address>
         <size>0xa</size>
         <alignment>0x1</alignment>
         <input_file_ref idref="fl-6"/>
      </object_component>
      <object_component id="oc-3c8">
         <name>.text:PIE_RESERVED_ISR</name>
         <load_address>0x9473</load_address>
         <readonly>true</readonly>
         <executable>true</executable>
         <run_address>0x9473</run_address>
         <size>0xa</size>
         <alignment>0x1</alignment>
         <input_file_ref idref="fl-6"/>
      </object_component>
      <object_component id="oc-224">
         <name>.text:PMBUSA_ISR</name>
         <load_address>0x947d</load_address>
         <readonly>true</readonly>
         <executable>true</executable>
         <run_address>0x947d</run_address>
         <size>0xa</size>
         <alignment>0x1</alignment>
         <input_file_ref idref="fl-6"/>
      </object_component>
      <object_component id="oc-c2">
         <name>.text:RTOS_ISR</name>
         <load_address>0x9487</load_address>
         <readonly>true</readonly>
         <executable>true</executable>
         <run_address>0x9487</run_address>
         <size>0xa</size>
         <alignment>0x1</alignment>
         <input_file_ref idref="fl-6"/>
      </object_component>
      <object_component id="oc-24e">
         <name>.text:SCIA_RX_ISR</name>
         <load_address>0x9491</load_address>
         <readonly>true</readonly>
         <executable>true</executable>
         <run_address>0x9491</run_address>
         <size>0xa</size>
         <alignment>0x1</alignment>
         <input_file_ref idref="fl-6"/>
      </object_component>
      <object_component id="oc-254">
         <name>.text:SCIA_TX_ISR</name>
         <load_address>0x949b</load_address>
         <readonly>true</readonly>
         <executable>true</executable>
         <run_address>0x949b</run_address>
         <size>0xa</size>
         <alignment>0x1</alignment>
         <input_file_ref idref="fl-6"/>
      </object_component>
      <object_component id="oc-25a">
         <name>.text:SCIB_RX_ISR</name>
         <load_address>0x94a5</load_address>
         <readonly>true</readonly>
         <executable>true</executable>
         <run_address>0x94a5</run_address>
         <size>0xa</size>
         <alignment>0x1</alignment>
         <input_file_ref idref="fl-6"/>
      </object_component>
      <object_component id="oc-260">
         <name>.text:SCIB_TX_ISR</name>
         <load_address>0x94af</load_address>
         <readonly>true</readonly>
         <executable>true</executable>
         <run_address>0x94af</run_address>
         <size>0xa</size>
         <alignment>0x1</alignment>
         <input_file_ref idref="fl-6"/>
      </object_component>
      <object_component id="oc-242">
         <name>.text:SCIC_RX_ISR</name>
         <load_address>0x94b9</load_address>
         <readonly>true</readonly>
         <executable>true</executable>
         <run_address>0x94b9</run_address>
         <size>0xa</size>
         <alignment>0x1</alignment>
         <input_file_ref idref="fl-6"/>
      </object_component>
      <object_component id="oc-248">
         <name>.text:SCIC_TX_ISR</name>
         <load_address>0x94c3</load_address>
         <readonly>true</readonly>
         <executable>true</executable>
         <run_address>0x94c3</run_address>
         <size>0xa</size>
         <alignment>0x1</alignment>
         <input_file_ref idref="fl-6"/>
      </object_component>
      <object_component id="oc-1dc">
         <name>.text:SPIA_RX_ISR</name>
         <load_address>0x94cd</load_address>
         <readonly>true</readonly>
         <executable>true</executable>
         <run_address>0x94cd</run_address>
         <size>0xa</size>
         <alignment>0x1</alignment>
         <input_file_ref idref="fl-6"/>
      </object_component>
      <object_component id="oc-1e2">
         <name>.text:SPIA_TX_ISR</name>
         <load_address>0x94d7</load_address>
         <readonly>true</readonly>
         <executable>true</executable>
         <run_address>0x94d7</run_address>
         <size>0xa</size>
         <alignment>0x1</alignment>
         <input_file_ref idref="fl-6"/>
      </object_component>
      <object_component id="oc-1e8">
         <name>.text:SPIB_RX_ISR</name>
         <load_address>0x94e1</load_address>
         <readonly>true</readonly>
         <executable>true</executable>
         <run_address>0x94e1</run_address>
         <size>0xa</size>
         <alignment>0x1</alignment>
         <input_file_ref idref="fl-6"/>
      </object_component>
      <object_component id="oc-1ee">
         <name>.text:SPIB_TX_ISR</name>
         <load_address>0x94eb</load_address>
         <readonly>true</readonly>
         <executable>true</executable>
         <run_address>0x94eb</run_address>
         <size>0xa</size>
         <alignment>0x1</alignment>
         <input_file_ref idref="fl-6"/>
      </object_component>
      <object_component id="oc-140">
         <name>.text:SYS_ERR_ISR</name>
         <load_address>0x94f5</load_address>
         <readonly>true</readonly>
         <executable>true</executable>
         <run_address>0x94f5</run_address>
         <size>0xa</size>
         <alignment>0x1</alignment>
         <input_file_ref idref="fl-6"/>
      </object_component>
      <object_component id="oc-146">
         <name>.text:TIMER0_ISR</name>
         <load_address>0x94ff</load_address>
         <readonly>true</readonly>
         <executable>true</executable>
         <run_address>0x94ff</run_address>
         <size>0xa</size>
         <alignment>0x1</alignment>
         <input_file_ref idref="fl-6"/>
      </object_component>
      <object_component id="oc-ad">
         <name>.text:TIMER1_ISR</name>
         <load_address>0x9509</load_address>
         <readonly>true</readonly>
         <executable>true</executable>
         <run_address>0x9509</run_address>
         <size>0xa</size>
         <alignment>0x1</alignment>
         <input_file_ref idref="fl-6"/>
      </object_component>
      <object_component id="oc-b6">
         <name>.text:TIMER2_ISR</name>
         <load_address>0x9513</load_address>
         <readonly>true</readonly>
         <executable>true</executable>
         <run_address>0x9513</run_address>
         <size>0xa</size>
         <alignment>0x1</alignment>
         <input_file_ref idref="fl-6"/>
      </object_component>
      <object_component id="oc-374">
         <name>.text:USBA_ISR</name>
         <load_address>0x951d</load_address>
         <readonly>true</readonly>
         <executable>true</executable>
         <run_address>0x951d</run_address>
         <size>0xa</size>
         <alignment>0x1</alignment>
         <input_file_ref idref="fl-6"/>
      </object_component>
      <object_component id="oc-110">
         <name>.text:USER10_ISR</name>
         <load_address>0x9527</load_address>
         <readonly>true</readonly>
         <executable>true</executable>
         <run_address>0x9527</run_address>
         <size>0xa</size>
         <alignment>0x1</alignment>
         <input_file_ref idref="fl-6"/>
      </object_component>
      <object_component id="oc-116">
         <name>.text:USER11_ISR</name>
         <load_address>0x9531</load_address>
         <readonly>true</readonly>
         <executable>true</executable>
         <run_address>0x9531</run_address>
         <size>0xa</size>
         <alignment>0x1</alignment>
         <input_file_ref idref="fl-6"/>
      </object_component>
      <object_component id="oc-11c">
         <name>.text:USER12_ISR</name>
         <load_address>0x953b</load_address>
         <readonly>true</readonly>
         <executable>true</executable>
         <run_address>0x953b</run_address>
         <size>0xa</size>
         <alignment>0x1</alignment>
         <input_file_ref idref="fl-6"/>
      </object_component>
      <object_component id="oc-da">
         <name>.text:USER1_ISR</name>
         <load_address>0x9545</load_address>
         <readonly>true</readonly>
         <executable>true</executable>
         <run_address>0x9545</run_address>
         <size>0xa</size>
         <alignment>0x1</alignment>
         <input_file_ref idref="fl-6"/>
      </object_component>
      <object_component id="oc-e0">
         <name>.text:USER2_ISR</name>
         <load_address>0x954f</load_address>
         <readonly>true</readonly>
         <executable>true</executable>
         <run_address>0x954f</run_address>
         <size>0xa</size>
         <alignment>0x1</alignment>
         <input_file_ref idref="fl-6"/>
      </object_component>
      <object_component id="oc-e6">
         <name>.text:USER3_ISR</name>
         <load_address>0x9559</load_address>
         <readonly>true</readonly>
         <executable>true</executable>
         <run_address>0x9559</run_address>
         <size>0xa</size>
         <alignment>0x1</alignment>
         <input_file_ref idref="fl-6"/>
      </object_component>
      <object_component id="oc-ec">
         <name>.text:USER4_ISR</name>
         <load_address>0x9563</load_address>
         <readonly>true</readonly>
         <executable>true</executable>
         <run_address>0x9563</run_address>
         <size>0xa</size>
         <alignment>0x1</alignment>
         <input_file_ref idref="fl-6"/>
      </object_component>
      <object_component id="oc-f2">
         <name>.text:USER5_ISR</name>
         <load_address>0x956d</load_address>
         <readonly>true</readonly>
         <executable>true</executable>
         <run_address>0x956d</run_address>
         <size>0xa</size>
         <alignment>0x1</alignment>
         <input_file_ref idref="fl-6"/>
      </object_component>
      <object_component id="oc-f8">
         <name>.text:USER6_ISR</name>
         <load_address>0x9577</load_address>
         <readonly>true</readonly>
         <executable>true</executable>
         <run_address>0x9577</run_address>
         <size>0xa</size>
         <alignment>0x1</alignment>
         <input_file_ref idref="fl-6"/>
      </object_component>
      <object_component id="oc-fe">
         <name>.text:USER7_ISR</name>
         <load_address>0x9581</load_address>
         <readonly>true</readonly>
         <executable>true</executable>
         <run_address>0x9581</run_address>
         <size>0xa</size>
         <alignment>0x1</alignment>
         <input_file_ref idref="fl-6"/>
      </object_component>
      <object_component id="oc-104">
         <name>.text:USER8_ISR</name>
         <load_address>0x958b</load_address>
         <readonly>true</readonly>
         <executable>true</executable>
         <run_address>0x958b</run_address>
         <size>0xa</size>
         <alignment>0x1</alignment>
         <input_file_ref idref="fl-6"/>
      </object_component>
      <object_component id="oc-10a">
         <name>.text:USER9_ISR</name>
         <load_address>0x9595</load_address>
         <readonly>true</readonly>
         <executable>true</executable>
         <run_address>0x9595</run_address>
         <size>0xa</size>
         <alignment>0x1</alignment>
         <input_file_ref idref="fl-6"/>
      </object_component>
      <object_component id="oc-2ea">
         <name>.text:VCU_ISR</name>
         <load_address>0x959f</load_address>
         <readonly>true</readonly>
         <executable>true</executable>
         <run_address>0x959f</run_address>
         <size>0xa</size>
         <alignment>0x1</alignment>
         <input_file_ref idref="fl-6"/>
      </object_component>
      <object_component id="oc-14c">
         <name>.text:WAKE_ISR</name>
         <load_address>0x95a9</load_address>
         <readonly>true</readonly>
         <executable>true</executable>
         <run_address>0x95a9</run_address>
         <size>0xa</size>
         <alignment>0x1</alignment>
         <input_file_ref idref="fl-6"/>
      </object_component>
      <object_component id="oc-134">
         <name>.text:XINT1_ISR</name>
         <load_address>0x95b3</load_address>
         <readonly>true</readonly>
         <executable>true</executable>
         <run_address>0x95b3</run_address>
         <size>0xa</size>
         <alignment>0x1</alignment>
         <input_file_ref idref="fl-6"/>
      </object_component>
      <object_component id="oc-13a">
         <name>.text:XINT2_ISR</name>
         <load_address>0x95bd</load_address>
         <readonly>true</readonly>
         <executable>true</executable>
         <run_address>0x95bd</run_address>
         <size>0xa</size>
         <alignment>0x1</alignment>
         <input_file_ref idref="fl-6"/>
      </object_component>
      <object_component id="oc-2d2">
         <name>.text:XINT3_ISR</name>
         <load_address>0x95c7</load_address>
         <readonly>true</readonly>
         <executable>true</executable>
         <run_address>0x95c7</run_address>
         <size>0xa</size>
         <alignment>0x1</alignment>
         <input_file_ref idref="fl-6"/>
      </object_component>
      <object_component id="oc-2d8">
         <name>.text:XINT4_ISR</name>
         <load_address>0x95d1</load_address>
         <readonly>true</readonly>
         <executable>true</executable>
         <run_address>0x95d1</run_address>
         <size>0xa</size>
         <alignment>0x1</alignment>
         <input_file_ref idref="fl-6"/>
      </object_component>
      <object_component id="oc-2de">
         <name>.text:XINT5_ISR</name>
         <load_address>0x95db</load_address>
         <readonly>true</readonly>
         <executable>true</executable>
         <run_address>0x95db</run_address>
         <size>0xa</size>
         <alignment>0x1</alignment>
         <input_file_ref idref="fl-6"/>
      </object_component>
      <object_component id="oc-5da">
         <name>.text:SysIntOsc1Sel</name>
         <load_address>0x95e5</load_address>
         <readonly>true</readonly>
         <executable>true</executable>
         <run_address>0x95e5</run_address>
         <size>0x9</size>
         <alignment>0x1</alignment>
         <input_file_ref idref="fl-d"/>
      </object_component>
      <object_component id="oc-6a5">
         <name>.text</name>
         <load_address>0x95ee</load_address>
         <readonly>true</readonly>
         <executable>true</executable>
         <run_address>0x95ee</run_address>
         <size>0x9</size>
         <alignment>0x1</alignment>
         <input_file_ref idref="fl-2c"/>
      </object_component>
      <object_component id="oc-a1">
         <name>.text:decompress:none</name>
         <load_address>0x95f7</load_address>
         <readonly>true</readonly>
         <executable>true</executable>
         <run_address>0x95f7</run_address>
         <size>0x8</size>
         <alignment>0x1</alignment>
         <input_file_ref idref="fl-29"/>
      </object_component>
      <object_component id="oc-403">
         <name>.text</name>
         <load_address>0x95ff</load_address>
         <readonly>true</readonly>
         <executable>true</executable>
         <run_address>0x95ff</run_address>
         <size>0x8</size>
         <alignment>0x1</alignment>
         <input_file_ref idref="fl-4"/>
      </object_component>
      <object_component id="oc-5e0">
         <name>.text:SysIntOsc2Sel</name>
         <load_address>0x9607</load_address>
         <readonly>true</readonly>
         <executable>true</executable>
         <run_address>0x9607</run_address>
         <size>0x7</size>
         <alignment>0x1</alignment>
         <input_file_ref idref="fl-d"/>
      </object_component>
      <object_component id="oc-77c">
         <name>.cinit..data.load</name>
         <load_address>0x12c</load_address>
         <readonly>true</readonly>
         <run_address>0x12c</run_address>
         <size>0x11</size>
         <alignment>0x1</alignment>
      </object_component>
      <object_component id="oc-779">
         <name>__TI_handler_table</name>
         <load_address>0x13e</load_address>
         <readonly>true</readonly>
         <run_address>0x13e</run_address>
         <size>0x6</size>
         <alignment>0x2</alignment>
      </object_component>
      <object_component id="oc-77b">
         <name>.cinit..bss.load</name>
         <load_address>0x144</load_address>
         <readonly>true</readonly>
         <run_address>0x144</run_address>
         <size>0x4</size>
         <alignment>0x2</alignment>
      </object_component>
      <object_component id="oc-77d">
         <name>.cinit.PieVectTableFile.load</name>
         <load_address>0x148</load_address>
         <readonly>true</readonly>
         <run_address>0x148</run_address>
         <size>0x4</size>
         <alignment>0x2</alignment>
      </object_component>
      <object_component id="oc-77a">
         <name>__TI_cinit_table</name>
         <load_address>0x14c</load_address>
         <readonly>true</readonly>
         <run_address>0x14c</run_address>
         <size>0xc</size>
         <alignment>0x2</alignment>
      </object_component>
      <object_component id="oc-3ec">
         <name>.stack</name>
         <uninitialized>true</uninitialized>
         <readwrite>true</readwrite>
         <run_address>0x400</run_address>
         <size>0x0</size>
         <alignment>0x1</alignment>
         <input_file_ref idref="fl-23"/>
      </object_component>
      <object_component id="oc-77e">
         <name>.stack</name>
         <uninitialized>true</uninitialized>
         <readwrite>true</readwrite>
         <run_address>0x400</run_address>
         <size>0x0</size>
         <alignment>0x2</alignment>
      </object_component>
      <object_component id="oc-49d">
         <name>.bss</name>
         <uninitialized>true</uninitialized>
         <readwrite>true</readwrite>
         <run_address>0xa800</run_address>
         <size>0x60</size>
         <alignment>0x2</alignment>
         <input_file_ref idref="fl-11"/>
      </object_component>
      <object_component id="oc-b3">
         <name>.const</name>
         <load_address>0xa880</load_address>
         <readonly>true</readonly>
         <run_address>0xa880</run_address>
         <size>0x1c0</size>
         <alignment>0x2</alignment>
         <input_file_ref idref="fl-c"/>
      </object_component>
      <object_component id="oc-4a3">
         <name>.data</name>
         <load_address>0xaa40</load_address>
         <readwrite>true</readwrite>
         <run_address>0xaa40</run_address>
         <size>0x1a</size>
         <alignment>0x2</alignment>
         <input_file_ref idref="fl-11"/>
      </object_component>
      <object_component id="oc-65c">
         <name>.data</name>
         <load_address>0xaa5a</load_address>
         <readwrite>true</readwrite>
         <run_address>0xaa5a</run_address>
         <size>0x6</size>
         <alignment>0x2</alignment>
         <input_file_ref idref="fl-2b"/>
      </object_component>
      <object_component id="oc-65f">
         <name>.data:_lock</name>
         <load_address>0xaa60</load_address>
         <readwrite>true</readwrite>
         <run_address>0xaa60</run_address>
         <size>0x2</size>
         <alignment>0x2</alignment>
         <input_file_ref idref="fl-2c"/>
      </object_component>
      <object_component id="oc-6be">
         <name>.data:_unlock</name>
         <load_address>0xaa62</load_address>
         <readwrite>true</readwrite>
         <run_address>0xaa62</run_address>
         <size>0x2</size>
         <alignment>0x2</alignment>
         <input_file_ref idref="fl-2c"/>
      </object_component>
      <object_component id="oc-57c">
         <name>.TI.ramfunc</name>
         <load_address>0x128</load_address>
         <readonly>true</readonly>
         <executable>true</executable>
         <run_address>0x128</run_address>
         <size>0x4</size>
         <alignment>0x1</alignment>
         <input_file_ref idref="fl-f"/>
      </object_component>
      <object_component id="oc-4fa">
         <name>PieVectTableFile</name>
         <uninitialized>true</uninitialized>
         <readwrite>true</readwrite>
         <run_address>0xd00</run_address>
         <size>0x1c0</size>
         <alignment>0x2</alignment>
         <input_file_ref idref="fl-9"/>
      </object_component>
      <object_component id="oc-605">
         <name>AdccRegsFile</name>
         <uninitialized>true</uninitialized>
         <readwrite>true</readwrite>
         <run_address>0x6a00</run_address>
         <size>0x14a</size>
         <alignment>0x2</alignment>
         <input_file_ref idref="fl-9"/>
      </object_component>
      <object_component id="oc-608">
         <name>AdcdRegsFile</name>
         <uninitialized>true</uninitialized>
         <readwrite>true</readwrite>
         <run_address>0x6c00</run_address>
         <size>0x14a</size>
         <alignment>0x2</alignment>
         <input_file_ref idref="fl-9"/>
      </object_component>
      <object_component id="oc-60b">
         <name>AdceRegsFile</name>
         <uninitialized>true</uninitialized>
         <readwrite>true</readwrite>
         <run_address>0x6e00</run_address>
         <size>0x14a</size>
         <alignment>0x2</alignment>
[...]
         <value>0x940f</value>
         <object_component_ref idref="oc-266"/>
      </symbol>
      <symbol id="sm-5af">
         <name>AES_SINTREQUEST_ISR</name>
         <value>0x91a3</value>
         <object_component_ref idref="oc-3c2"/>
      </symbol>
      <symbol id="sm-5b0">
         <name>PIE_RESERVED_ISR</name>
         <value>0x9473</value>
         <object_component_ref idref="oc-3c8"/>
      </symbol>
      <symbol id="sm-5b1">
         <name>SCIB_RX_ISR</name>
         <value>0x94a5</value>
         <object_component_ref idref="oc-25a"/>
      </symbol>
      <symbol id="sm-5b2">
         <name>SCIB_TX_ISR</name>
         <value>0x94af</value>
         <object_component_ref idref="oc-260"/>
      </symbol>
      <symbol id="sm-5b3">
         <name>I2CB_ISR</name>
         <value>0x93e7</value>
         <object_component_ref idref="oc-236"/>
      </symbol>
      <symbol id="sm-5b4">
         <name>FSIRXA2_ISR</name>
         <value>0x93ab</value>
         <object_component_ref idref="oc-34a"/>
      </symbol>
      <symbol id="sm-5b5">
         <name>EPWM12_TZ_ISR</name>
         <value>0x92bb</value>
         <object_component_ref idref="oc-31a"/>
      </symbol>
      <symbol id="sm-5b6">
         <name>ILLEGAL_ISR</name>
         <value>0x93f1</value>
         <object_component_ref idref="oc-d4"/>
      </symbol>
      <symbol id="sm-5b7">
         <name>EPWM3_ISR</name>
         <value>0x92ed</value>
         <object_component_ref idref="oc-18e"/>
      </symbol>
      <symbol id="sm-5b8">
         <name>TIMER0_ISR</name>
         <value>0x94ff</value>
         <object_component_ref idref="oc-146"/>
      </symbol>
      <symbol id="sm-5b9">
         <name>EPWM10_ISR</name>
         <value>0x9289</value>
         <object_component_ref idref="oc-326"/>
      </symbol>
      <symbol id="sm-5ba">
         <name>USER3_ISR</name>
         <value>0x9559</value>
         <object_component_ref idref="oc-e6"/>
      </symbol>
      <symbol id="sm-5bb">
         <name>MCANA_1_ISR</name>
         <value>0x9419</value>
         <object_component_ref idref="oc-26c"/>
      </symbol>
      <symbol id="sm-64a">
         <name>AdcbRegs</name>
         <value>0x7600</value>
         <object_component_ref idref="oc-497"/>
      </symbol>
      <symbol id="sm-64b">
         <name>EPwm3Regs</name>
         <value>0x4200</value>
         <object_component_ref idref="oc-509"/>
      </symbol>
      <symbol id="sm-64c">
         <name>AdccRegs</name>
         <value>0x6a00</value>
         <object_component_ref idref="oc-605"/>
      </symbol>
      <symbol id="sm-64d">
         <name>ClkCfgRegs</name>
         <value>0x5d200</value>
         <object_component_ref idref="oc-5d7"/>
      </symbol>
      <symbol id="sm-64e">
         <name>AdcdRegs</name>
         <value>0x6c00</value>
         <object_component_ref idref="oc-608"/>
      </symbol>
      <symbol id="sm-64f">
         <name>AdceRegs</name>
         <value>0x6e00</value>
         <object_component_ref idref="oc-60b"/>
      </symbol>
      <symbol id="sm-650">
         <name>PieVectTable</name>
         <value>0xd00</value>
         <object_component_ref idref="oc-4fa"/>
      </symbol>
      <symbol id="sm-651">
         <name>GpioCtrlRegs</name>
         <value>0x7c00</value>
         <object_component_ref idref="oc-56e"/>
      </symbol>
      <symbol id="sm-652">
         <name>Dcc0Regs</name>
         <value>0x5e700</value>
         <object_component_ref idref="oc-672"/>
      </symbol>
      <symbol id="sm-653">
         <name>CpuSysRegs</name>
         <value>0x5d300</value>
         <object_component_ref idref="oc-597"/>
      </symbol>
      <symbol id="sm-654">
         <name>Dcc1Regs</name>
         <value>0x5e740</value>
         <object_component_ref idref="oc-675"/>
      </symbol>
      <symbol id="sm-655">
         <name>EPwm8Regs</name>
         <value>0x4700</value>
         <object_component_ref idref="oc-503"/>
      </symbol>
      <symbol id="sm-656">
         <name>OutputXbarRegs</name>
         <value>0x7a80</value>
         <object_component_ref idref="oc-58a"/>
      </symbol>
      <symbol id="sm-657">
         <name>Clb1LogicCtrlRegs</name>
         <value>0x3100</value>
         <object_component_ref idref="oc-58d"/>
      </symbol>
      <symbol id="sm-658">
         <name>EPwm7Regs</name>
         <value>0x4600</value>
         <object_component_ref idref="oc-4a6"/>
      </symbol>
      <symbol id="sm-659">
         <name>AdcaResultRegs</name>
         <value>0x1800</value>
         <object_component_ref idref="oc-4a0"/>
      </symbol>
      <symbol id="sm-65a">
         <name>PieCtrlRegs</name>
         <value>0xce0</value>
         <object_component_ref idref="oc-4a9"/>
      </symbol>
      <symbol id="sm-65b">
         <name>WdRegs</name>
         <value>0x7000</value>
         <object_component_ref idref="oc-5d3"/>
      </symbol>
      <symbol id="sm-65c">
         <name>AdcbResultRegs</name>
         <value>0x1880</value>
         <object_component_ref idref="oc-49a"/>
      </symbol>
      <symbol id="sm-65d">
         <name>Clb1LogicCfgRegs</name>
         <value>0x3000</value>
         <object_component_ref idref="oc-590"/>
      </symbol>
      <symbol id="sm-65e">
         <name>GpioDataRegs</name>
         <value>0x7f00</value>
         <object_component_ref idref="oc-494"/>
      </symbol>
      <symbol id="sm-65f">
         <name>InputXbarRegs</name>
         <value>0x7900</value>
         <object_component_ref idref="oc-587"/>
      </symbol>
      <symbol id="sm-660">
         <name>ClbOutputXbarRegs</name>
         <value>0x7bc0</value>
         <object_component_ref idref="oc-593"/>
      </symbol>
      <symbol id="sm-661">
         <name>EPwm1Regs</name>
         <value>0x4000</value>
         <object_component_ref idref="oc-506"/>
      </symbol>
      <symbol id="sm-662">
         <name>AnalogSubsysRegs</name>
         <value>0x5d700</value>
         <object_component_ref idref="oc-583"/>
      </symbol>
      <symbol id="sm-663">
         <name>DacaRegs</name>
         <value>0x5c00</value>
         <object_component_ref idref="oc-50c"/>
      </symbol>
      <symbol id="sm-664">
         <name>AdcaRegs</name>
         <value>0x7400</value>
         <object_component_ref idref="oc-500"/>
      </symbol>
      <symbol id="sm-676">
         <name>InitGpio</name>
         <value>0x8e17</value>
         <object_component_ref idref="oc-4b8"/>
      </symbol>
      <symbol id="sm-683">
         <name>InitPieCtrl</name>
         <value>0x8fc2</value>
         <object_component_ref idref="oc-4be"/>
      </symbol>
      <symbol id="sm-697">
         <name>InitPieVectTable</name>
         <value>0x87d8</value>
         <object_component_ref idref="oc-4c4"/>
      </symbol>
      <symbol id="sm-698">
         <name>PieVectTableInit</name>
         <value>0xa880</value>
         <object_component_ref idref="oc-b3"/>
      </symbol>
      <symbol id="sm-715">
         <name>ComputeCntrSeedValue</name>
         <value>0x8d3f</value>
         <object_component_ref idref="oc-678"/>
      </symbol>
      <symbol id="sm-716">
         <name>IsPLLValid</name>
         <value>0x8b82</value>
         <object_component_ref idref="oc-5f2"/>
      </symbol>
      <symbol id="sm-717">
         <name>InitPeripheralClocks</name>
         <value>0x8cc4</value>
         <object_component_ref idref="oc-566"/>
      </symbol>
      <symbol id="sm-718">
         <name>SysIntOsc1Sel</name>
         <value>0x95e5</value>
         <object_component_ref idref="oc-5da"/>
      </symbol>
      <symbol id="sm-719">
         <name>SysXtalOscSel</name>
         <value>0x8f82</value>
         <object_component_ref idref="oc-5e6"/>
      </symbol>
      <symbol id="sm-71a">
         <name>SysXtalOscSESel</name>
         <value>0x9045</value>
         <object_component_ref idref="oc-5ec"/>
      </symbol>
      <symbol id="sm-71b">
         <name>InitSysCtrl</name>
         <value>0x9030</value>
         <object_component_ref idref="oc-4b2"/>
      </symbol>
      <symbol id="sm-71c">
         <name>DisableDog</name>
         <value>0x906c</value>
         <object_component_ref idref="oc-55a"/>
      </symbol>
      <symbol id="sm-71d">
         <name>InitSysPll</name>
         <value>0x88fa</value>
         <object_component_ref idref="oc-560"/>
      </symbol>
      <symbol id="sm-71e">
         <name>SysIntOsc2Sel</name>
         <value>0x9607</value>
         <object_component_ref idref="oc-5e0"/>
      </symbol>
      <symbol id="sm-727">
         <name>F28x_usDelay</name>
         <value>0x128</value>
         <object_component_ref idref="oc-57c"/>
      </symbol>
      <symbol id="sm-744">
         <name>hall_init</name>
         <value>0x8f3b</value>
         <object_component_ref idref="oc-4e8"/>
      </symbol>
      <symbol id="sm-745">
         <name>hall_update</name>
         <value>0x89e0</value>
         <object_component_ref idref="oc-50f"/>
      </symbol>
      <symbol id="sm-7a1">
         <name>initDAC</name>
         <value>0x9000</value>
         <object_component_ref idref="oc-4e2"/>
      </symbol>
      <symbol id="sm-7a2">
         <name>Vin</name>
         <value>0xa804</value>
         <object_component_ref idref="oc-49d"/>
      </symbol>
      <symbol id="sm-7a3">
         <name>motor_recon</name>
         <value>0xaa58</value>
         <object_component_ref idref="oc-4a3"/>
      </symbol>
      <symbol id="sm-7a4">
         <name>d_c_fixed</name>
         <value>0xaa48</value>
         <object_component_ref idref="oc-4a3"/>
      </symbol>
      <symbol id="sm-7a5">
         <name>adcA1ISR</name>
         <value>0x824e</value>
         <object_component_ref idref="oc-3e6"/>
      </symbol>
      <symbol id="sm-7a6">
         <name>Vq</name>
         <value>0xa830</value>
         <object_component_ref idref="oc-49d"/>
      </symbol>
      <symbol id="sm-7a7">
         <name>Vd</name>
         <value>0xa82e</value>
         <object_component_ref idref="oc-49d"/>
      </symbol>
      <symbol id="sm-7a8">
         <name>inv_mode</name>
         <value>0xaa41</value>
         <object_component_ref idref="oc-4a3"/>
      </symbol>
      <symbol id="sm-7a9">
         <name>adcB1ISR</name>
         <value>0x85bf</value>
         <object_component_ref idref="oc-3da"/>
      </symbol>
      <symbol id="sm-7aa">
         <name>dacBits</name>
         <value>0xaa42</value>
         <object_component_ref idref="oc-4a3"/>
      </symbol>
      <symbol id="sm-7ab">
         <name>d_b_fixed</name>
         <value>0xaa46</value>
         <object_component_ref idref="oc-4a3"/>
      </symbol>
      <symbol id="sm-7ac">
         <name>boost_mode</name>
         <value>0xaa40</value>
         <object_component_ref idref="oc-4a3"/>
      </symbol>
      <symbol id="sm-7ad">
         <name>routeGPIOs</name>
         <value>0x8800</value>
         <object_component_ref idref="oc-4dc"/>
      </symbol>
      <symbol id="sm-7ae">
         <name>HallC</name>
         <value>0xa802</value>
         <object_component_ref idref="oc-49d"/>
      </symbol>
      <symbol id="sm-7af">
         <name>HallB</name>
         <value>0xa801</value>
         <object_component_ref idref="oc-49d"/>
      </symbol>
      <symbol id="sm-7b0">
         <name>HallA</name>
         <value>0xa800</value>
         <object_component_ref idref="oc-49d"/>
      </symbol>
      <symbol id="sm-7b1">
         <name>angle_out</name>
         <value>0xa824</value>
         <object_component_ref idref="oc-49d"/>
      </symbol>
      <symbol id="sm-7b2">
         <name>d_c</name>
         <value>0xa81c</value>
         <object_component_ref idref="oc-49d"/>
      </symbol>
      <symbol id="sm-7b3">
         <name>d_b</name>
         <value>0xa81a</value>
         <object_component_ref idref="oc-49d"/>
      </symbol>
      <symbol id="sm-7b4">
         <name>d_a</name>
         <value>0xa818</value>
         <object_component_ref idref="oc-49d"/>
      </symbol>
      <symbol id="sm-7b5">
         <name>initADCSOC</name>
         <value>0x8ac1</value>
         <object_component_ref idref="oc-4d6"/>
      </symbol>
      <symbol id="sm-7b6">
         <name>d_a_fixed</name>
         <value>0xaa44</value>
         <object_component_ref idref="oc-4a3"/>
      </symbol>
      <symbol id="sm-7b7">
         <name>sector_out</name>
         <value>0xa820</value>
         <object_component_ref idref="oc-49d"/>
      </symbol>
      <symbol id="sm-7b8">
         <name>Vout</name>
         <value>0xa806</value>
         <object_component_ref idref="oc-49d"/>
      </symbol>
      <symbol id="sm-7b9">
         <name>Iq</name>
         <value>0xa82c</value>
         <object_component_ref idref="oc-49d"/>
      </symbol>
      <symbol id="sm-7ba">
         <name>Id</name>
         <value>0xa82a</value>
         <object_component_ref idref="oc-49d"/>
      </symbol>
      <symbol id="sm-7bb">
         <name>Ic</name>
         <value>0xa80e</value>
         <object_component_ref idref="oc-49d"/>
      </symbol>
      <symbol id="sm-7bc">
         <name>Ib</name>
         <value>0xa80c</value>
         <object_component_ref idref="oc-49d"/>
      </symbol>
      <symbol id="sm-7bd">
         <name>Ia</name>
         <value>0xa80a</value>
         <object_component_ref idref="oc-49d"/>
      </symbol>
      <symbol id="sm-7be">
         <name>IL</name>
         <value>0xa808</value>
         <object_component_ref idref="oc-49d"/>
      </symbol>
      <symbol id="sm-7bf">
         <name>main</name>
         <value>0x8db8</value>
         <object_component_ref idref="oc-3db"/>
      </symbol>
      <symbol id="sm-7c0">
         <name>omega_out</name>
         <value>0xa822</value>
         <object_component_ref idref="oc-49d"/>
      </symbol>
      <symbol id="sm-7c1">
         <name>iq_ref</name>
         <value>0xa828</value>
         <object_component_ref idref="oc-49d"/>
      </symbol>
      <symbol id="sm-7c2">
         <name>v_ac</name>
         <value>0xaa56</value>
         <object_component_ref idref="oc-4a3"/>
      </symbol>
      <symbol id="sm-7c3">
         <name>d_boost</name>
         <value>0xa81e</value>
         <object_component_ref idref="oc-49d"/>
      </symbol>
      <symbol id="sm-7c4">
         <name>throttle</name>
         <value>0xa810</value>
         <object_component_ref idref="oc-49d"/>
      </symbol>
      <symbol id="sm-7c5">
         <name>d_boost_fixed</name>
         <value>0xaa4a</value>
         <object_component_ref idref="oc-4a3"/>
      </symbol>
      <symbol id="sm-7c6">
         <name>initEPWM</name>
         <value>0x86d6</value>
         <object_component_ref idref="oc-4d0"/>
      </symbol>
      <symbol id="sm-7c7">
         <name>initADC</name>
         <value>0x8ee9</value>
         <object_component_ref idref="oc-4ca"/>
      </symbol>
      <symbol id="sm-7c8">
         <name>IL_ref</name>
         <value>0xaa4c</value>
         <object_component_ref idref="oc-4a3"/>
      </symbol>
      <symbol id="sm-7c9">
         <name>omega_fixed</name>
         <value>0xaa54</value>
         <object_component_ref idref="oc-4a3"/>
      </symbol>
      <symbol id="sm-7ca">
         <name>theta_fixed</name>
         <value>0xaa52</value>
         <object_component_ref idref="oc-4a3"/>
      </symbol>
      <symbol id="sm-7cb">
         <name>id_ref</name>
         <value>0xa826</value>
         <object_component_ref idref="oc-49d"/>
      </symbol>
      <symbol id="sm-7cc">
         <name>error_IL</name>
         <value>0xaa50</value>
         <object_component_ref idref="oc-4a3"/>
      </symbol>
      <symbol id="sm-7cd">
         <name>m_c</name>
         <value>0xa816</value>
         <object_component_ref idref="oc-49d"/>
      </symbol>
      <symbol id="sm-7ce">
         <name>m_b</name>
         <value>0xa814</value>
         <object_component_ref idref="oc-49d"/>
      </symbol>
      <symbol id="sm-7cf">
         <name>m_a</name>
         <value>0xa812</value>
         <object_component_ref idref="oc-49d"/>
      </symbol>
      <symbol id="sm-7d0">
         <name>pi_IL_out</name>
         <value>0xaa4e</value>
         <object_component_ref idref="oc-4a3"/>
      </symbol>
      <symbol id="sm-7ea">
         <name>pi_update</name>
         <value>0x8c29</value>
         <object_component_ref idref="oc-4ac"/>
      </symbol>
      <symbol id="sm-7eb">
         <name>pi_init</name>
         <value>0x8f60</value>
         <object_component_ref idref="oc-4ee"/>
      </symbol>
      <symbol id="sm-7f5">
         <name>_c_int00</name>
         <value>0x9019</value>
         <object_component_ref idref="oc-53b"/>
      </symbol>
      <symbol id="sm-7f6">
         <name>__stack</name>
         <value>0x400</value>
         <object_component_ref idref="oc-3ec"/>
      </symbol>
      <symbol id="sm-805">
         <name>_system_pre_init</name>
         <value>0x87fd</value>
         <object_component_ref idref="oc-5b9"/>
      </symbol>
      <symbol id="sm-814">
         <name>__TI_auto_init_nobinit_nopinit</name>
         <value>0x8ebe</value>
         <object_component_ref idref="oc-62a"/>
      </symbol>
      <symbol id="sm-823">
         <name>__TI_zero_init_nomemset</name>
         <value>0x9086</value>
         <object_component_ref idref="oc-3f7"/>
      </symbol>
      <symbol id="sm-830">
         <name>__TI_decompress_none</name>
         <value>0x95f7</value>
         <object_component_ref idref="oc-a1"/>
      </symbol>
      <symbol id="sm-844">
         <name>__TI_decompress_lzss</name>
         <value>0x8e90</value>
         <object_component_ref idref="oc-9b"/>
      </symbol>
      <symbol id="sm-85a">
         <name>C$$EXIT</name>
         <value>0x8f12</value>
         <object_component_ref idref="oc-5c6"/>
      </symbol>
      <symbol id="sm-85b">
         <name>abort</name>
         <value>0x8f12</value>
         <object_component_ref idref="oc-5c6"/>
      </symbol>
      <symbol id="sm-85c">
         <name>exit</name>
         <value>0x8f14</value>
         <object_component_ref idref="oc-5c6"/>
      </symbol>
      <symbol id="sm-85d">
         <name>__TI_dtors_ptr</name>
         <value>0xaa5e</value>
         <object_component_ref idref="oc-65c"/>
      </symbol>
      <symbol id="sm-85e">
         <name>__TI_cleanup_ptr</name>
         <value>0xaa5c</value>
         <object_component_ref idref="oc-65c"/>
      </symbol>
      <symbol id="sm-85f">
         <name>__TI_enable_exit_profile_output</name>
         <value>0xaa5a</value>
         <object_component_ref idref="oc-65c"/>
      </symbol>
      <symbol id="sm-876">
         <name>_nop</name>
         <value>0x95f6</value>
         <object_component_ref idref="oc-6a5"/>
      </symbol>
      <symbol id="sm-877">
         <name>_lock</name>
         <value>0xaa60</value>
         <object_component_ref idref="oc-65f"/>
      </symbol>
      <symbol id="sm-878">
         <name>_unlock</name>
         <value>0xaa62</value>
         <object_component_ref idref="oc-6be"/>
      </symbol>
      <symbol id="sm-879">
         <name>_register_lock</name>
         <value>0x95f2</value>
         <object_component_ref idref="oc-6a5"/>
      </symbol>
      <symbol id="sm-87a">
         <name>_register_unlock</name>
         <value>0x95ee</value>
         <object_component_ref idref="oc-6a5"/>
      </symbol>
      <symbol id="sm-889">
         <name>_args_main</name>
         <value>0x905a</value>
         <object_component_ref idref="oc-5c0"/>
      </symbol>
      <symbol id="sm-89d">
         <name>memcpy</name>
         <value>0x8fa2</value>
         <object_component_ref idref="oc-3ef"/>
      </symbol>
      <symbol id="sm-8aa">
         <name>_system_post_cinit</name>
         <value>0x87ff</value>
         <object_component_ref idref="oc-68b"/>
      </symbol>
   </symbol_table>
   <title>Link successful</title>
</link_info>
