******************************************************************************
             TMS320C2000 Linker PC v25.11.0                    
******************************************************************************
>> Linked Mon Apr 20 18:07:08 2026

OUTPUT FILE NAME:   <jakob_code.out>
ENTRY POINT SYMBOL: "code_start"  address: 00000000


MEMORY CONFIGURATION

         name            origin    length      used     unused   attr    fill
----------------------  --------  ---------  --------  --------  ----  --------
PAGE 0:
  BEGIN                 00000000   00000002  00000002  00000000  RWIX
  BOOT_RSVD             00000002   00000126  00000000  00000126  RWIX
  RAMM0                 00000128   000002d8  00000030  000002a8  RWIX
  RAMM1                 00000400   00000400  00000200  00000200  RWIX
  CLATOCPURAM           00001480   00000080  00000000  00000080  RWIX
  CPUTOCLARAM           00001500   00000080  00000000  00000080  RWIX
  CLATODMARAM           00001680   00000080  00000000  00000080  RWIX
  DMATOCLARAM           00001700   00000080  00000000  00000080  RWIX
  RAMLS0                00008000   00000800  00000800  00000000  RWIX
  RAMLS1                00008800   00000800  000007fc  00000004  RWIX
  RAMLS2                00009000   00000800  0000060e  000001f2  RWIX
  RAMLS3                00009800   00000800  00000000  00000800  RWIX
  RAMLS4                0000a000   00000800  00000000  00000800  RWIX
  RAMLS5                0000a800   00000800  00000244  000005bc  RWIX
  RAMLS6                0000b000   00000800  00000000  00000800  RWIX
  RAMLS7                0000b800   00000800  00000000  00000800  RWIX
  RAMGS0                0000c000   00002000  00000000  00002000  RWIX
  RAMGS1                0000e000   00002000  00000000  00002000  RWIX
  RAMGS2                00010000   00002000  00000000  00002000  RWIX
  RAMGS3                00012000   00002000  00000000  00002000  RWIX
  RAMLS8                00014000   00002000  00000000  00002000  RWIX
  RAMLS9                00016000   00002000  00000000  00002000  RWIX
  FLASH_BANK0           00080000   00020000  00000000  00020000  RWIX
  FLASH_BANK1           000a0000   00020000  00000000  00020000  RWIX
  FLASH_BANK2           000c0000   00020000  00000000  00020000  RWIX
  FLASH_BANK3           000e0000   00020000  00000000  00020000  RWIX
  FLASH_BANK4           00100000   00008000  00000000  00008000  RWIX
  RESET                 003fffc0   00000002  00000000  00000002  RWIX

PAGE 1:
  CPUTIMER0             00000c00   00000008  00000000  00000008  RWIX
  CPUTIMER1             00000c08   00000008  00000000  00000008  RWIX
  CPUTIMER2             00000c10   00000008  00000000  00000008  RWIX
  PIECTRL               00000ce0   0000001a  0000001a  00000000  RWIX
  PIEVECTTABLE          00000d00   00000200  000001c0  00000040  RWIX
  DMA                   00001000   00000200  00000000  00000200  RWIX
  CLA1                  00001400   00000080  00000000  00000080  RWIX
  ADCARESULT            00001800   00000058  00000058  00000000  RWIX
  ADCBRESULT            00001880   00000058  00000058  00000000  RWIX
  ADCCRESULT            00001900   00000058  00000000  00000058  RWIX
  ADCDRESULT            00001980   00000058  00000000  00000058  RWIX
  ADCERESULT            00001a00   00000058  00000000  00000058  RWIX
  CLB1LOGICCFG          00003000   00000052  00000052  00000000  RWIX
  CLB1LOGICCTRL         00003100   00000040  00000040  00000000  RWIX
  CLB1DATAEXCH          00003180   00000080  00000000  00000080  RWIX
  CLB2LOGICCFG          00003400   00000052  00000000  00000052  RWIX
  CLB2LOGICCTRL         00003500   00000040  00000000  00000040  RWIX
  CLB2DATAEXCH          00003580   00000080  00000000  00000080  RWIX
  EPWM1                 00004000   00000100  00000100  00000000  RWIX
  EPWM2                 00004100   00000100  00000000  00000100  RWIX
  EPWM3                 00004200   00000100  00000100  00000000  RWIX
  EPWM4                 00004300   00000100  00000000  00000100  RWIX
  EPWM5                 00004400   00000100  00000000  00000100  RWIX
  EPWM6                 00004500   00000100  00000000  00000100  RWIX
  EPWM7                 00004600   00000100  00000100  00000000  RWIX
  EPWM8                 00004700   00000100  00000100  00000000  RWIX
  EPWM9                 00004800   00000100  00000000  00000100  RWIX
  EPWM10                00004900   00000100  00000000  00000100  RWIX
  EPWM11                00004a00   00000100  00000000  00000100  RWIX
  EPWM12                00004b00   00000100  00000000  00000100  RWIX
  EQEP1                 00005100   00000040  00000000  00000040  RWIX
  EQEP2                 00005140   00000040  00000000  00000040  RWIX
  EQEP3                 00005180   00000040  00000000  00000040  RWIX
  ECAP1                 00005200   00000020  00000000  00000020  RWIX
  ECAP2                 00005240   00000020  00000000  00000020  RWIX
  CMPSS1                00005500   00000040  00000000  00000040  RWIX
  CMPSS2                00005540   00000040  00000000  00000040  RWIX
  CMPSS3                00005580   00000040  00000000  00000040  RWIX
  CMPSS4                000055c0   00000040  00000000  00000040  RWIX
  PGA1                  00005b00   00000008  00000000  00000008  RWIX
  PGA2                  00005b10   00000008  00000000  00000008  RWIX
  PGA3                  00005b20   00000008  00000000  00000008  RWIX
  DACA                  00005c00   00000008  00000007  00000001  RWIX
  SPIA                  00006100   00000010  00000000  00000010  RWIX
  SPIB                  00006110   00000010  00000000  00000010  RWIX
  PMBUSA                00006400   00000020  00000000  00000020  RWIX
  FSITXA                00006600   00000050  00000000  00000050  RWIX
  FSIRXA                00006680   00000050  00000000  00000050  RWIX
  LINA                  00006800   000000ec  00000000  000000ec  RWIX
  ADCC                  00006a00   00000160  0000014a  00000016  RWIX
  ADCD                  00006c00   00000160  0000014a  00000016  RWIX
  ADCE                  00006e00   00000160  0000014a  00000016  RWIX
  WD                    00007000   0000002c  0000002b  00000001  RWIX
  NMIINTRUPT            00007060   00000010  00000000  00000010  RWIX
  XINT                  00007070   0000000c  00000000  0000000c  RWIX
  SCIA                  00007200   00000010  00000000  00000010  RWIX
  SCIB                  00007210   00000010  00000000  00000010  RWIX
  SCIC                  00007220   00000010  00000000  00000010  RWIX
  I2CA                  00007300   00000022  00000000  00000022  RWIX
  I2CB                  00007340   00000022  00000000  00000022  RWIX
  ADCA                  00007400   00000160  0000014a  00000016  RWIX
  ADCB                  00007600   00000160  0000014a  00000016  RWIX
  INPUTXBAR             00007900   00000020  00000020  00000000  RWIX
  XBAR                  00007920   00000020  00000000  00000020  RWIX
  SYNCSOC               00007940   00000006  00000000  00000006  RWIX
  CLBINPUTXBAR          00007960   00000020  00000000  00000020  RWIX
  DMACLASRCSEL          00007980   0000001a  00000000  0000001a  RWIX
  EPWMXBAR              00007a00   00000040  00000000  00000040  RWIX
  CLBXBAR               00007a40   00000040  00000000  00000040  RWIX
  OUTPUTXBAR            00007a80   00000040  00000040  00000000  RWIX
  CLBOUTPUTXBAR         00007bc0   00000040  00000040  00000000  RWIX
  GPIOCTRL              00007c00   00000200  00000200  00000000  RWIX
  GPIODATA              00007f00   00000040  00000040  00000000  RWIX
  GPIODATAREAD          00007f80   00000010  00000000  00000010  RWIX
  LFU                   00007fe0   00000020  00000000  00000020  RWIX
  AESA                  00042000   0000004c  00000000  0000004c  RWIX
  AESASS                00042c00   00000080  00000000  00000080  RWIX
  MCANASS               00059400   0000002c  00000000  0000002c  RWIX
  MCANA                 00059600   00000100  00000000  00000100  RWIX
  MCANAERROR            00059800   00000210  00000000  00000210  RWIX
  MCANBSS               0005b400   0000002c  00000000  0000002c  RWIX
  MCANB                 0005b600   00000100  00000000  00000100  RWIX
  MCANBERROR            0005b800   00000210  00000000  00000210  RWIX
  DEVCFG                0005d000   000001fa  00000000  000001fa  RWIX
  CLKCFG                0005d200   000000fe  0000003e  000000c0  RWIX
  CPUSYS                0005d300   00000100  000000b0  00000050  RWIX
  SYSSTATUS             0005d400   00000040  00000000  00000040  RWIX
  PERIPHAC              0005d500   00000200  00000000  00000200  RWIX
  ANALOGSUBSYS          0005d700   0000013c  0000013a  00000002  RWIX
  DCC0                  0005e700   00000038  0000002c  0000000c  RWIX
  DCC1                  0005e740   00000038  0000002c  0000000c  RWIX
  ERADGLOBAL            0005e800   00000014  00000000  00000014  RWIX
  ERADHWBP1             0005e900   00000008  00000000  00000008  RWIX
  ERADHWBP2             0005e908   00000008  00000000  00000008  RWIX
  ERADHWBP3             0005e910   00000008  00000000  00000008  RWIX
  ERADHWBP4             0005e918   00000008  00000000  00000008  RWIX
  ERADHWBP5             0005e920   00000008  00000000  00000008  RWIX
  ERADHWBP6             0005e928   00000008  00000000  00000008  RWIX
  ERADHWBP7             0005e930   00000008  00000000  00000008  RWIX
  ERADHWBP8             0005e938   00000008  00000000  00000008  RWIX
  ERADCOUNTER1          0005e980   00000010  00000000  00000010  RWIX
  ERADCOUNTER2          0005e990   00000010  00000000  00000010  RWIX
  ERADCOUNTER3          0005e9a0   00000010  00000000  00000010  RWIX
  ERADCOUNTER4          0005e9b0   00000010  00000000  00000010  RWIX
  ERADCRCGLOBAL         0005ea00   00000010  00000000  00000010  RWIX
  ERADCRC1              0005ea10   00000010  00000000  00000010  RWIX
  ERADCRC2              0005ea20   00000010  00000000  00000010  RWIX
  ERADCRC3              0005ea30   00000010  00000000  00000010  RWIX
  ERADCRC4              0005ea40   00000010  00000000  00000010  RWIX
  ERADCRC5              0005ea50   00000010  00000000  00000010  RWIX
  ERADCRC6              0005ea60   00000010  00000000  00000010  RWIX
  ERADCRC7              0005ea70   00000010  00000000  00000010  RWIX
  ERADCRC8              0005ea80   00000010  00000000  00000010  RWIX
  ERADPCTRACE           0005ead0   0000000a  00000000  0000000a  RWIX
  EPG1                  0005ec00   00000052  00000000  00000052  RWIX
  EPG1MUX               0005ecd0   00000010  00000000  00000010  RWIX
  DCSMZ1                0005f000   00000040  00000000  00000040  RWIX
  DCSMZ2                0005f080   0000003e  00000000  0000003e  RWIX
  DCSMCOMMON            0005f0c0   00000040  00000000  00000040  RWIX
  MEMCFG                0005f400   000000c0  00000000  000000c0  RWIX
  ACCESSPROTECTION      0005f500   0000003e  00000000  0000003e  RWIX
  MEMORYERROR           0005f540   00000040  00000000  00000040  RWIX
  TESTERROR             0005f590   00000010  00000000  00000010  RWIX
  FLASH0CTRL            0005f800   00000182  00000000  00000182  RWIX
  FLASH0ECC             0005fb00   00000028  00000000  00000028  RWIX
  ERADPCTRACEBUFFER     0005fe00   00000800  00000000  00000800  RWIX
  UID                   00072168   00000010  00000000  00000010  RWIX
  DCSMZ1OTP             00078000   00000020  00000000  00000020  RWIX
  DCSMZ2OTP             00078200   00000020  00000000  00000020  RWIX


SECTION ALLOCATION MAP

 output                                  attributes/
section   page    origin      length       input sections
--------  ----  ----------  ----------   ----------------
codestart 
*          0    00000000    00000002     
                  00000000    00000002     f28p55x_codestartbranch.obj (codestart)

.cinit     0    0000012c    0000002c     
                  0000012c    00000011     (.cinit..data.load) [load image, compression = lzss]
                  0000013d    00000001     --HOLE-- [fill = 0]
                  0000013e    00000006     (__TI_handler_table)
                  00000144    00000004     (.cinit..bss.load) [load image, compression = zero_init]
                  00000148    00000004     (.cinit.PieVectTableFile.load) [load image, compression = zero_init]
                  0000014c    0000000c     (__TI_cinit_table)

.reset     0    003fffc0    00000000     DSECT

.stack     0    00000400    00000200     UNINITIALIZED
                  00000400    00000200     --HOLE--

.bss       0    0000a800    00000060     UNINITIALIZED
                  0000a800    00000060     main.obj (.bss)

.init_array 
*          0    00000128    00000000     UNINITIALIZED

.const     0    0000a880    000001c0     
                  0000a880    000001c0     f28p55x_pievect.obj (.const)

.data      0    0000aa40    00000024     UNINITIALIZED
                  0000aa40    0000001a     main.obj (.data)
                  0000aa5a    00000006     rts2800_fpu32_eabi.lib : exit.c.obj (.data)
                  0000aa60    00000002                            : _lock.c.obj (.data:_lock)
                  0000aa62    00000002                            : _lock.c.obj (.data:_unlock)

.TI.ramfunc 
*          0    00000128    00000004     
                  00000128    00000004     f28p55x_usdelay.obj (.TI.ramfunc)

PieVectTableFile 
*          1    00000d00    000001c0     UNINITIALIZED
                  00000d00    000001c0     f28p55x_globalvariabledefs.obj (PieVectTableFile)

EmuKeyVar 
*          1    00000d00    00000000     UNINITIALIZED

EmuBModeVar 
*          1    00000d00    00000000     UNINITIALIZED

EmuBootPinsVar 
*          1    00000d00    00000000     UNINITIALIZED

FlashCallbackVar 
*          1    00000d00    00000000     UNINITIALIZED

FlashScalingVar 
*          1    00000d00    00000000     UNINITIALIZED

AdcaResultRegsFile 
*          1    00001800    00000058     UNINITIALIZED
                  00001800    00000058     f28p55x_globalvariabledefs.obj (AdcaResultRegsFile)

AdcbResultRegsFile 
*          1    00001880    00000058     UNINITIALIZED
                  00001880    00000058     f28p55x_globalvariabledefs.obj (AdcbResultRegsFile)

DacaRegsFile 
*          1    00005c00    00000007     UNINITIALIZED
                  00005c00    00000007     f28p55x_globalvariabledefs.obj (DacaRegsFile)

AdccRegsFile 
*          1    00006a00    0000014a     UNINITIALIZED
                  00006a00    0000014a     f28p55x_globalvariabledefs.obj (AdccRegsFile)

AdcdRegsFile 
*          1    00006c00    0000014a     UNINITIALIZED
                  00006c00    0000014a     f28p55x_globalvariabledefs.obj (AdcdRegsFile)

AdceRegsFile 
*          1    00006e00    0000014a     UNINITIALIZED
                  00006e00    0000014a     f28p55x_globalvariabledefs.obj (AdceRegsFile)

AdcaRegsFile 
*          1    00007400    0000014a     UNINITIALIZED
                  00007400    0000014a     f28p55x_globalvariabledefs.obj (AdcaRegsFile)

AdcbRegsFile 
*          1    00007600    0000014a     UNINITIALIZED
                  00007600    0000014a     f28p55x_globalvariabledefs.obj (AdcbRegsFile)

AnalogSubsysRegsFile 
*          1    0005d700    0000013a     UNINITIALIZED
                  0005d700    0000013a     f28p55x_globalvariabledefs.obj (AnalogSubsysRegsFile)

Clb1LogicCfgRegsFile 
*          1    00003000    00000052     UNINITIALIZED
                  00003000    00000052     f28p55x_globalvariabledefs.obj (Clb1LogicCfgRegsFile)

Clb1LogicCtrlRegsFile 
*          1    00003100    00000040     UNINITIALIZED
                  00003100    00000040     f28p55x_globalvariabledefs.obj (Clb1LogicCtrlRegsFile)

ClkCfgRegsFile 
*          1    0005d200    0000003e     UNINITIALIZED
                  0005d200    0000003e     f28p55x_globalvariabledefs.obj (ClkCfgRegsFile)

CpuSysRegsFile 
*          1    0005d300    000000b0     UNINITIALIZED
                  0005d300    000000b0     f28p55x_globalvariabledefs.obj (CpuSysRegsFile)

Dcc0RegsFile 
*          1    0005e700    0000002c     UNINITIALIZED
                  0005e700    0000002c     f28p55x_globalvariabledefs.obj (Dcc0RegsFile)

Dcc1RegsFile 
*          1    0005e740    0000002c     UNINITIALIZED
                  0005e740    0000002c     f28p55x_globalvariabledefs.obj (Dcc1RegsFile)

EPwm1RegsFile 
*          1    00004000    00000100     UNINITIALIZED
                  00004000    00000100     f28p55x_globalvariabledefs.obj (EPwm1RegsFile)

EPwm3RegsFile 
*          1    00004200    00000100     UNINITIALIZED
                  00004200    00000100     f28p55x_globalvariabledefs.obj (EPwm3RegsFile)

EPwm7RegsFile 
*          1    00004600    00000100     UNINITIALIZED
                  00004600    00000100     f28p55x_globalvariabledefs.obj (EPwm7RegsFile)

EPwm8RegsFile 
*          1    00004700    00000100     UNINITIALIZED
                  00004700    00000100     f28p55x_globalvariabledefs.obj (EPwm8RegsFile)

GpioCtrlRegsFile 
*          1    00007c00    00000200     UNINITIALIZED
                  00007c00    00000200     f28p55x_globalvariabledefs.obj (GpioCtrlRegsFile)

GpioDataRegsFile 
*          1    00007f00    00000040     UNINITIALIZED
                  00007f00    00000040     f28p55x_globalvariabledefs.obj (GpioDataRegsFile)

InputXbarRegsFile 
*          1    00007900    00000020     UNINITIALIZED
                  00007900    00000020     f28p55x_globalvariabledefs.obj (InputXbarRegsFile)

OutputXbarRegsFile 
*          1    00007a80    00000040     UNINITIALIZED
                  00007a80    00000040     f28p55x_globalvariabledefs.obj (OutputXbarRegsFile)

ClbOutputXbarRegsFile 
*          1    00007bc0    00000040     UNINITIALIZED
                  00007bc0    00000040     f28p55x_globalvariabledefs.obj (ClbOutputXbarRegsFile)

PieCtrlRegsFile 
*          1    00000ce0    0000001a     UNINITIALIZED
                  00000ce0    0000001a     f28p55x_globalvariabledefs.obj (PieCtrlRegsFile)

WdRegsFile 
*          1    00007000    0000002b     UNINITIALIZED
                  00007000    0000002b     f28p55x_globalvariabledefs.obj (WdRegsFile)

.text.1    0    00008000    00000800     
                  00008000    0000024e     dq_controller.obj (.text:dq_update)
                  0000824e    00000236     main.obj (.text:adcA1ISR)
                  00008484    0000013b     f28p55x_adc.obj (.text:SetVREF)
                  000085bf    00000117     main.obj (.text:adcB1ISR)
                  000086d6    00000102     main.obj (.text:initEPWM)
                  000087d8    00000025     f28p55x_pievect.obj (.text:InitPieVectTable)
                  000087fd    00000002     rts2800_fpu32_eabi.lib : pre_init.c.obj (.text)
                  000087ff    00000001                            : startup.c.obj (.text)

.text.2    0    00008800    000007fc     
                  00008800    000000fa     main.obj (.text:routeGPIOs)
                  000088fa    000000e6     f28p55x_sysctrl.obj (.text:InitSysPll)
                  000089e0    000000e1     hall_estimator.obj (.text:hall_update)
                  00008ac1    000000c1     main.obj (.text:initADCSOC)
                  00008b82    000000a7     f28p55x_sysctrl.obj (.text:IsPLLValid)
                  00008c29    0000009b     pi_controller.obj (.text:pi_update)
                  00008cc4    0000007b     f28p55x_sysctrl.obj (.text:InitPeripheralClocks)
                  00008d3f    00000079     f28p55x_sysctrl.obj (.text:ComputeCntrSeedValue)
                  00008db8    0000005f     main.obj (.text:main)
                  00008e17    00000043     f28p55x_gpio.obj (.text:InitGpio)
                  00008e5a    00000036     dq_controller.obj (.text:dq_init)
                  00008e90    0000002e     rts2800_fpu32_eabi.lib : copy_decompress_lzss.c.obj (.text:decompress:lzss)
                  00008ebe    0000002b                            : autoinit.c.obj (.text:__TI_auto_init_nobinit_nopinit)
                  00008ee9    00000029     main.obj (.text:initADC)
                  00008f12    00000029     rts2800_fpu32_eabi.lib : exit.c.obj (.text)
                  00008f3b    00000025     hall_estimator.obj (.text:hall_init)
                  00008f60    00000022     pi_controller.obj (.text:pi_init)
                  00008f82    00000020     f28p55x_sysctrl.obj (.text:SysXtalOscSel)
                  00008fa2    00000020     rts2800_fpu32_eabi.lib : memcpy.c.obj (.text)
                  00008fc2    0000001f     f28p55x_piectrl.obj (.text:InitPieCtrl)
                  00008fe1    0000001b     f28p55x_sysctrl.obj (.text:PollX1Counter)

.text.3    0    00009000    0000060e     
                  00009000    00000019     main.obj (.text:initDAC)
                  00009019    00000017     rts2800_fpu32_eabi.lib : boot28.asm.obj (.text)
                  00009030    00000015     f28p55x_sysctrl.obj (.text:InitSysCtrl)
                  00009045    00000015     f28p55x_sysctrl.obj (.text:SysXtalOscSESel)
                  0000905a    00000012     rts2800_fpu32_eabi.lib : args_main.c.obj (.text)
                  0000906c    0000000d     f28p55x_sysctrl.obj (.text:DisableDog)
                  00009079    0000000d     f28p55x_defaultisr.obj (.text:EMPTY_ISR)
                  00009086    0000000d     rts2800_fpu32_eabi.lib : copy_zero_init.c.obj (.text:decompress:ZI:__TI_zero_init_nomemset)
                  00009093    0000000b     dq_controller.obj (.text:__relaxed_cosf)
                  0000909e    0000000b     dq_controller.obj (.text:__relaxed_sinf)
                  000090a9    0000000a     f28p55x_defaultisr.obj (.text:ADCA1_ISR)
                  000090b3    0000000a     f28p55x_defaultisr.obj (.text:ADCA2_ISR)
                  000090bd    0000000a     f28p55x_defaultisr.obj (.text:ADCA3_ISR)
                  000090c7    0000000a     f28p55x_defaultisr.obj (.text:ADCA4_ISR)
                  000090d1    0000000a     f28p55x_defaultisr.obj (.text:ADCA_EVT_ISR)
                  000090db    0000000a     f28p55x_defaultisr.obj (.text:ADCB1_ISR)
                  000090e5    0000000a     f28p55x_defaultisr.obj (.text:ADCB2_ISR)
                  000090ef    0000000a     f28p55x_defaultisr.obj (.text:ADCB3_ISR)
                  000090f9    0000000a     f28p55x_defaultisr.obj (.text:ADCB4_ISR)
                  00009103    0000000a     f28p55x_defaultisr.obj (.text:ADCB_EVT_ISR)
                  0000910d    0000000a     f28p55x_defaultisr.obj (.text:ADCC1_ISR)
                  00009117    0000000a     f28p55x_defaultisr.obj (.text:ADCC2_ISR)
                  00009121    0000000a     f28p55x_defaultisr.obj (.text:ADCC3_ISR)
                  0000912b    0000000a     f28p55x_defaultisr.obj (.text:ADCC4_ISR)
                  00009135    0000000a     f28p55x_defaultisr.obj (.text:ADCC_EVT_ISR)
                  0000913f    0000000a     f28p55x_defaultisr.obj (.text:ADCD1_ISR)
                  00009149    0000000a     f28p55x_defaultisr.obj (.text:ADCD2_ISR)
                  00009153    0000000a     f28p55x_defaultisr.obj (.text:ADCD3_ISR)
                  0000915d    0000000a     f28p55x_defaultisr.obj (.text:ADCD4_ISR)
                  00009167    0000000a     f28p55x_defaultisr.obj (.text:ADCD_EVT_ISR)
                  00009171    0000000a     f28p55x_defaultisr.obj (.text:ADCE1_ISR)
                  0000917b    0000000a     f28p55x_defaultisr.obj (.text:ADCE2_ISR)
                  00009185    0000000a     f28p55x_defaultisr.obj (.text:ADCE3_ISR)
                  0000918f    0000000a     f28p55x_defaultisr.obj (.text:ADCE4_ISR)
                  00009199    0000000a     f28p55x_defaultisr.obj (.text:ADCE_EVT_ISR)
                  000091a3    0000000a     f28p55x_defaultisr.obj (.text:AES_SINTREQUEST_ISR)
                  000091ad    0000000a     f28p55x_defaultisr.obj (.text:CLA1_1_ISR)
                  000091b7    0000000a     f28p55x_defaultisr.obj (.text:CLA1_2_ISR)
                  000091c1    0000000a     f28p55x_defaultisr.obj (.text:CLA1_3_ISR)
                  000091cb    0000000a     f28p55x_defaultisr.obj (.text:CLA1_4_ISR)
                  000091d5    0000000a     f28p55x_defaultisr.obj (.text:CLA1_5_ISR)
                  000091df    0000000a     f28p55x_defaultisr.obj (.text:CLA1_6_ISR)
                  000091e9    0000000a     f28p55x_defaultisr.obj (.text:CLA1_7_ISR)
                  000091f3    0000000a     f28p55x_defaultisr.obj (.text:CLA1_8_ISR)
                  000091fd    0000000a     f28p55x_defaultisr.obj (.text:CLB1_ISR)
                  00009207    0000000a     f28p55x_defaultisr.obj (.text:CLB2_ISR)
                  00009211    0000000a     f28p55x_defaultisr.obj (.text:DATALOG_ISR)
                  0000921b    0000000a     f28p55x_defaultisr.obj (.text:DCC0_ISR)
                  00009225    0000000a     f28p55x_defaultisr.obj (.text:DCC1_ISR)
                  0000922f    0000000a     f28p55x_defaultisr.obj (.text:DMA_CH1_ISR)
                  00009239    0000000a     f28p55x_defaultisr.obj (.text:DMA_CH2_ISR)
                  00009243    0000000a     f28p55x_defaultisr.obj (.text:DMA_CH3_ISR)
                  0000924d    0000000a     f28p55x_defaultisr.obj (.text:DMA_CH4_ISR)
                  00009257    0000000a     f28p55x_defaultisr.obj (.text:DMA_CH5_ISR)
                  00009261    0000000a     f28p55x_defaultisr.obj (.text:DMA_CH6_ISR)
                  0000926b    0000000a     f28p55x_defaultisr.obj (.text:ECAP1_ISR)
                  00009275    0000000a     f28p55x_defaultisr.obj (.text:ECAP2_ISR)
                  0000927f    0000000a     f28p55x_defaultisr.obj (.text:EMU_ISR)
                  00009289    0000000a     f28p55x_defaultisr.obj (.text:EPWM10_ISR)
                  00009293    0000000a     f28p55x_defaultisr.obj (.text:EPWM10_TZ_ISR)
                  0000929d    0000000a     f28p55x_defaultisr.obj (.text:EPWM11_ISR)
                  000092a7    0000000a     f28p55x_defaultisr.obj (.text:EPWM11_TZ_ISR)
                  000092b1    0000000a     f28p55x_defaultisr.obj (.text:EPWM12_ISR)
                  000092bb    0000000a     f28p55x_defaultisr.obj (.text:EPWM12_TZ_ISR)
                  000092c5    0000000a     f28p55x_defaultisr.obj (.text:EPWM1_ISR)
                  000092cf    0000000a     f28p55x_defaultisr.obj (.text:EPWM1_TZ_ISR)
                  000092d9    0000000a     f28p55x_defaultisr.obj (.text:EPWM2_ISR)
                  000092e3    0000000a     f28p55x_defaultisr.obj (.text:EPWM2_TZ_ISR)
                  000092ed    0000000a     f28p55x_defaultisr.obj (.text:EPWM3_ISR)
                  000092f7    0000000a     f28p55x_defaultisr.obj (.text:EPWM3_TZ_ISR)
                  00009301    0000000a     f28p55x_defaultisr.obj (.text:EPWM4_ISR)
                  0000930b    0000000a     f28p55x_defaultisr.obj (.text:EPWM4_TZ_ISR)
                  00009315    0000000a     f28p55x_defaultisr.obj (.text:EPWM5_ISR)
                  0000931f    0000000a     f28p55x_defaultisr.obj (.text:EPWM5_TZ_ISR)
                  00009329    0000000a     f28p55x_defaultisr.obj (.text:EPWM6_ISR)
                  00009333    0000000a     f28p55x_defaultisr.obj (.text:EPWM6_TZ_ISR)
                  0000933d    0000000a     f28p55x_defaultisr.obj (.text:EPWM7_ISR)
                  00009347    0000000a     f28p55x_defaultisr.obj (.text:EPWM7_TZ_ISR)
                  00009351    0000000a     f28p55x_defaultisr.obj (.text:EPWM8_ISR)
                  0000935b    0000000a     f28p55x_defaultisr.obj (.text:EPWM8_TZ_ISR)
                  00009365    0000000a     f28p55x_defaultisr.obj (.text:EPWM9_ISR)
                  0000936f    0000000a     f28p55x_defaultisr.obj (.text:EPWM9_TZ_ISR)
                  00009379    0000000a     f28p55x_defaultisr.obj (.text:EQEP1_ISR)
                  00009383    0000000a     f28p55x_defaultisr.obj (.text:EQEP2_ISR)
                  0000938d    0000000a     f28p55x_defaultisr.obj (.text:EQEP3_ISR)
                  00009397    0000000a     f28p55x_defaultisr.obj (.text:FLSS_ISR)
                  000093a1    0000000a     f28p55x_defaultisr.obj (.text:FSIRXA1_ISR)
                  000093ab    0000000a     f28p55x_defaultisr.obj (.text:FSIRXA2_ISR)
                  000093b5    0000000a     f28p55x_defaultisr.obj (.text:FSITXA1_ISR)
                  000093bf    0000000a     f28p55x_defaultisr.obj (.text:FSITXA2_ISR)
                  000093c9    0000000a     f28p55x_defaultisr.obj (.text:I2CA_FIFO_ISR)
                  000093d3    0000000a     f28p55x_defaultisr.obj (.text:I2CA_ISR)
                  000093dd    0000000a     f28p55x_defaultisr.obj (.text:I2CB_FIFO_ISR)
                  000093e7    0000000a     f28p55x_defaultisr.obj (.text:I2CB_ISR)
                  000093f1    0000000a     f28p55x_defaultisr.obj (.text:ILLEGAL_ISR)
                  000093fb    0000000a     f28p55x_defaultisr.obj (.text:LINA_0_ISR)
                  00009405    0000000a     f28p55x_defaultisr.obj (.text:LINA_1_ISR)
                  0000940f    0000000a     f28p55x_defaultisr.obj (.text:MCANA_0_ISR)
                  00009419    0000000a     f28p55x_defaultisr.obj (.text:MCANA_1_ISR)
                  00009423    0000000a     f28p55x_defaultisr.obj (.text:MCANA_ECC_ISR)
                  0000942d    0000000a     f28p55x_defaultisr.obj (.text:MCANA_WAKE_ISR)
                  00009437    0000000a     f28p55x_defaultisr.obj (.text:MCANB_0_ISR)
                  00009441    0000000a     f28p55x_defaultisr.obj (.text:MCANB_1_ISR)
                  0000944b    0000000a     f28p55x_defaultisr.obj (.text:MCANB_ECC_ISR)
                  00009455    0000000a     f28p55x_defaultisr.obj (.text:MCANB_WAKE_ISR)
                  0000945f    0000000a     f28p55x_defaultisr.obj (.text:NMI_ISR)
                  00009469    0000000a     f28p55x_defaultisr.obj (.text:NOTUSED_ISR)
                  00009473    0000000a     f28p55x_defaultisr.obj (.text:PIE_RESERVED_ISR)
                  0000947d    0000000a     f28p55x_defaultisr.obj (.text:PMBUSA_ISR)
                  00009487    0000000a     f28p55x_defaultisr.obj (.text:RTOS_ISR)
                  00009491    0000000a     f28p55x_defaultisr.obj (.text:SCIA_RX_ISR)
                  0000949b    0000000a     f28p55x_defaultisr.obj (.text:SCIA_TX_ISR)
                  000094a5    0000000a     f28p55x_defaultisr.obj (.text:SCIB_RX_ISR)
                  000094af    0000000a     f28p55x_defaultisr.obj (.text:SCIB_TX_ISR)
                  000094b9    0000000a     f28p55x_defaultisr.obj (.text:SCIC_RX_ISR)
                  000094c3    0000000a     f28p55x_defaultisr.obj (.text:SCIC_TX_ISR)
                  000094cd    0000000a     f28p55x_defaultisr.obj (.text:SPIA_RX_ISR)
                  000094d7    0000000a     f28p55x_defaultisr.obj (.text:SPIA_TX_ISR)
                  000094e1    0000000a     f28p55x_defaultisr.obj (.text:SPIB_RX_ISR)
                  000094eb    0000000a     f28p55x_defaultisr.obj (.text:SPIB_TX_ISR)
                  000094f5    0000000a     f28p55x_defaultisr.obj (.text:SYS_ERR_ISR)
                  000094ff    0000000a     f28p55x_defaultisr.obj (.text:TIMER0_ISR)
                  00009509    0000000a     f28p55x_defaultisr.obj (.text:TIMER1_ISR)
                  00009513    0000000a     f28p55x_defaultisr.obj (.text:TIMER2_ISR)
                  0000951d    0000000a     f28p55x_defaultisr.obj (.text:USBA_ISR)
                  00009527    0000000a     f28p55x_defaultisr.obj (.text:USER10_ISR)
                  00009531    0000000a     f28p55x_defaultisr.obj (.text:USER11_ISR)
                  0000953b    0000000a     f28p55x_defaultisr.obj (.text:USER12_ISR)
                  00009545    0000000a     f28p55x_defaultisr.obj (.text:USER1_ISR)
                  0000954f    0000000a     f28p55x_defaultisr.obj (.text:USER2_ISR)
                  00009559    0000000a     f28p55x_defaultisr.obj (.text:USER3_ISR)
                  00009563    0000000a     f28p55x_defaultisr.obj (.text:USER4_ISR)
                  0000956d    0000000a     f28p55x_defaultisr.obj (.text:USER5_ISR)
                  00009577    0000000a     f28p55x_defaultisr.obj (.text:USER6_ISR)
                  00009581    0000000a     f28p55x_defaultisr.obj (.text:USER7_ISR)
                  0000958b    0000000a     f28p55x_defaultisr.obj (.text:USER8_ISR)
                  00009595    0000000a     f28p55x_defaultisr.obj (.text:USER9_ISR)
                  0000959f    0000000a     f28p55x_defaultisr.obj (.text:VCU_ISR)
                  000095a9    0000000a     f28p55x_defaultisr.obj (.text:WAKE_ISR)
                  000095b3    0000000a     f28p55x_defaultisr.obj (.text:XINT1_ISR)
                  000095bd    0000000a     f28p55x_defaultisr.obj (.text:XINT2_ISR)
                  000095c7    0000000a     f28p55x_defaultisr.obj (.text:XINT3_ISR)
                  000095d1    0000000a     f28p55x_defaultisr.obj (.text:XINT4_ISR)
                  000095db    0000000a     f28p55x_defaultisr.obj (.text:XINT5_ISR)
                  000095e5    00000009     f28p55x_sysctrl.obj (.text:SysIntOsc1Sel)
                  000095ee    00000009     rts2800_fpu32_eabi.lib : _lock.c.obj (.text)
                  000095f7    00000008                            : copy_decompress_none.c.obj (.text:decompress:none)
                  000095ff    00000008     f28p55x_codestartbranch.obj (.text)
                  00009607    00000007     f28p55x_sysctrl.obj (.text:SysIntOsc2Sel)

MODULE SUMMARY

       Module                           code   ro data   rw data
       ------                           ----   -------   -------
    .\
       f28p55x_globalvariabledefs.obj   0      0         4896   
       main.obj                         1707   0         122    
       f28p55x_defaultisr.obj           1353   0         0      
       f28p55x_sysctrl.obj              771    0         0      
       dq_controller.obj                666    0         0      
       f28p55x_pievect.obj              37     448       0      
       f28p55x_adc.obj                  315    0         0      
       hall_estimator.obj               262    0         0      
       pi_controller.obj                189    0         0      
       f28p55x_gpio.obj                 67     0         0      
       f28p55x_piectrl.obj              31     0         0      
       f28p55x_codestartbranch.obj      10     0         0      
       f28p55x_usdelay.obj              4      0         0      
    +--+--------------------------------+------+---------+---------+
       Total:                           5412   448       5018   
                                                                
    C:\ti\ccs2050\ccs\tools\compiler\ti-cgt-c2000_25.11.0.LTS\lib\rts2800_fpu32_eabi.lib
       exit.c.obj                       41     0         6      
       copy_decompress_lzss.c.obj       46     0         0      
       autoinit.c.obj                   43     0         0      
       memcpy.c.obj                     32     0         0      
       boot28.asm.obj                   23     0         0      
       args_main.c.obj                  18     0         0      
       _lock.c.obj                      9      0         4      
       copy_zero_init.c.obj             13     0         0      
       copy_decompress_none.c.obj       8      0         0      
       pre_init.c.obj                   2      0         0      
       startup.c.obj                    1      0         0      
    +--+--------------------------------+------+---------+---------+
       Total:                           236    0         10     
                                                                
       Stack:                           0      0         512    
       Linker Generated:                0      43        0      
    +--+--------------------------------+------+---------+---------+
       Grand Total:                     5648   491       5540   


LINKER GENERATED COPY TABLES

__TI_cinit_table @ 0000014c records: 3, size/record: 4, table size: 12
	.data: load addr=0000012c, load size=00000011 bytes, run addr=0000aa40, run size=00000024 bytes, compression=lzss
	.bss: load addr=00000144, load size=00000004 bytes, run addr=0000a800, run size=00000060 bytes, compression=zero_init
	PieVectTableFile: load addr=00000148, load size=00000004 bytes, run addr=00000d00, run size=000001c0 bytes, compression=zero_init


LINKER GENERATED HANDLER TABLE

__TI_handler_table @ 0000013e records: 3, size/record: 2, table size: 6
	index: 0, handler: __TI_zero_init
	index: 1, handler: __TI_decompress_lzss
	index: 2, handler: __TI_decompress_none


GLOBAL DATA SYMBOLS: SORTED BY DATA PAGE

address     data page           name
--------    ----------------    ----
00000400      10 (00000400)     __stack

00000ce0      33 (00000cc0)     PieCtrlRegs

00000d00      34 (00000d00)     PieVectTable

00001800      60 (00001800)     AdcaResultRegs

00001880      62 (00001880)     AdcbResultRegs

00003000      c0 (00003000)     Clb1LogicCfgRegs

00003100      c4 (00003100)     Clb1LogicCtrlRegs

00004000     100 (00004000)     EPwm1Regs

00004200     108 (00004200)     EPwm3Regs

00004600     118 (00004600)     EPwm7Regs

00004700     11c (00004700)     EPwm8Regs

00005c00     170 (00005c00)     DacaRegs

00006a00     1a8 (00006a00)     AdccRegs

00006c00     1b0 (00006c00)     AdcdRegs

00006e00     1b8 (00006e00)     AdceRegs

00007000     1c0 (00007000)     WdRegs

00007400     1d0 (00007400)     AdcaRegs

00007600     1d8 (00007600)     AdcbRegs

00007900     1e4 (00007900)     InputXbarRegs

00007a80     1ea (00007a80)     OutputXbarRegs

00007bc0     1ef (00007bc0)     ClbOutputXbarRegs

00007c00     1f0 (00007c00)     GpioCtrlRegs

00007f00     1fc (00007f00)     GpioDataRegs

0000a800     2a0 (0000a800)     HallA
0000a801     2a0 (0000a800)     HallB
0000a802     2a0 (0000a800)     HallC
0000a804     2a0 (0000a800)     Vin
0000a806     2a0 (0000a800)     Vout
0000a808     2a0 (0000a800)     IL
0000a80a     2a0 (0000a800)     Ia
0000a80c     2a0 (0000a800)     Ib
0000a80e     2a0 (0000a800)     Ic
0000a810     2a0 (0000a800)     throttle
0000a812     2a0 (0000a800)     m_a
0000a814     2a0 (0000a800)     m_b
0000a816     2a0 (0000a800)     m_c
0000a818     2a0 (0000a800)     d_a
0000a81a     2a0 (0000a800)     d_b
0000a81c     2a0 (0000a800)     d_c
0000a81e     2a0 (0000a800)     d_boost
0000a820     2a0 (0000a800)     sector_out
0000a822     2a0 (0000a800)     omega_out
0000a824     2a0 (0000a800)     angle_out
0000a826     2a0 (0000a800)     id_ref
0000a828     2a0 (0000a800)     iq_ref
0000a82a     2a0 (0000a800)     Id
0000a82c     2a0 (0000a800)     Iq
0000a82e     2a0 (0000a800)     Vd
0000a830     2a0 (0000a800)     Vq

0000a880     2a2 (0000a880)     PieVectTableInit

0000aa40     2a9 (0000aa40)     boost_mode
0000aa41     2a9 (0000aa40)     inv_mode
0000aa42     2a9 (0000aa40)     dacBits
0000aa44     2a9 (0000aa40)     d_a_fixed
0000aa46     2a9 (0000aa40)     d_b_fixed
0000aa48     2a9 (0000aa40)     d_c_fixed
0000aa4a     2a9 (0000aa40)     d_boost_fixed
0000aa4c     2a9 (0000aa40)     IL_ref
0000aa4e     2a9 (0000aa40)     pi_IL_out
0000aa50     2a9 (0000aa40)     error_IL
0000aa52     2a9 (0000aa40)     theta_fixed
0000aa54     2a9 (0000aa40)     omega_fixed
0000aa56     2a9 (0000aa40)     v_ac
0000aa58     2a9 (0000aa40)     motor_recon
0000aa5a     2a9 (0000aa40)     __TI_enable_exit_profile_output
0000aa5c     2a9 (0000aa40)     __TI_cleanup_ptr
0000aa5e     2a9 (0000aa40)     __TI_dtors_ptr
0000aa60     2a9 (0000aa40)     _lock
0000aa62     2a9 (0000aa40)     _unlock

0005d200    1748 (0005d200)     ClkCfgRegs

0005d300    174c (0005d300)     CpuSysRegs

0005d700    175c (0005d700)     AnalogSubsysRegs

0005e700    179c (0005e700)     Dcc0Regs

0005e740    179d (0005e740)     Dcc1Regs


GLOBAL SYMBOLS: SORTED ALPHABETICALLY BY Name 

page  address   name                           
----  -------   ----                           
0     000090a9  ADCA1_ISR                      
0     000090b3  ADCA2_ISR                      
0     000090bd  ADCA3_ISR                      
0     000090c7  ADCA4_ISR                      
0     000090d1  ADCA_EVT_ISR                   
0     000090db  ADCB1_ISR                      
0     000090e5  ADCB2_ISR                      
0     000090ef  ADCB3_ISR                      
0     000090f9  ADCB4_ISR                      
0     00009103  ADCB_EVT_ISR                   
0     0000910d  ADCC1_ISR                      
0     00009117  ADCC2_ISR                      
0     00009121  ADCC3_ISR                      
0     0000912b  ADCC4_ISR                      
0     00009135  ADCC_EVT_ISR                   
0     0000913f  ADCD1_ISR                      
0     00009149  ADCD2_ISR                      
0     00009153  ADCD3_ISR                      
0     0000915d  ADCD4_ISR                      
0     00009167  ADCD_EVT_ISR                   
0     00009171  ADCE1_ISR                      
0     0000917b  ADCE2_ISR                      
0     00009185  ADCE3_ISR                      
0     0000918f  ADCE4_ISR                      
0     00009199  ADCE_EVT_ISR                   
0     000091a3  AES_SINTREQUEST_ISR            
1     00007400  AdcaRegs                       
1     00001800  AdcaResultRegs                 
1     00007600  AdcbRegs                       
1     00001880  AdcbResultRegs                 
1     00006a00  AdccRegs                       
1     00006c00  AdcdRegs                       
1     00006e00  AdceRegs                       
1     0005d700  AnalogSubsysRegs               
0     00008f12  C$$EXIT                        
0     000091ad  CLA1_1_ISR                     
0     000091b7  CLA1_2_ISR                     
0     000091c1  CLA1_3_ISR                     
0     000091cb  CLA1_4_ISR                     
0     000091d5  CLA1_5_ISR                     
0     000091df  CLA1_6_ISR                     
0     000091e9  CLA1_7_ISR                     
0     000091f3  CLA1_8_ISR                     
0     000091fd  CLB1_ISR                       
0     00009207  CLB2_ISR                       
1     00003000  Clb1LogicCfgRegs               
1     00003100  Clb1LogicCtrlRegs              
1     00007bc0  ClbOutputXbarRegs              
1     0005d200  ClkCfgRegs                     
0     00008d3f  ComputeCntrSeedValue           
1     0005d300  CpuSysRegs                     
0     00009211  DATALOG_ISR                    
0     0000921b  DCC0_ISR                       
0     00009225  DCC1_ISR                       
0     0000922f  DMA_CH1_ISR                    
0     00009239  DMA_CH2_ISR                    
0     00009243  DMA_CH3_ISR                    
0     0000924d  DMA_CH4_ISR                    
0     00009257  DMA_CH5_ISR                    
0     00009261  DMA_CH6_ISR                    
1     00005c00  DacaRegs                       
1     0005e700  Dcc0Regs                       
1     0005e740  Dcc1Regs                       
0     0000906c  DisableDog                     
0     0000926b  ECAP1_ISR                      
0     00009275  ECAP2_ISR                      
0     00009079  EMPTY_ISR                      
0     0000927f  EMU_ISR                        
0     00009289  EPWM10_ISR                     
0     00009293  EPWM10_TZ_ISR                  
0     0000929d  EPWM11_ISR                     
0     000092a7  EPWM11_TZ_ISR                  
0     000092b1  EPWM12_ISR                     
0     000092bb  EPWM12_TZ_ISR                  
0     000092c5  EPWM1_ISR                      
0     000092cf  EPWM1_TZ_ISR                   
0     000092d9  EPWM2_ISR                      
0     000092e3  EPWM2_TZ_ISR                   
0     000092ed  EPWM3_ISR                      
0     000092f7  EPWM3_TZ_ISR                   
0     00009301  EPWM4_ISR                      
0     0000930b  EPWM4_TZ_ISR                   
0     00009315  EPWM5_ISR                      
0     0000931f  EPWM5_TZ_ISR                   
0     00009329  EPWM6_ISR                      
0     00009333  EPWM6_TZ_ISR                   
0     0000933d  EPWM7_ISR                      
0     00009347  EPWM7_TZ_ISR                   
0     00009351  EPWM8_ISR                      
0     0000935b  EPWM8_TZ_ISR                   
0     00009365  EPWM9_ISR                      
0     0000936f  EPWM9_TZ_ISR                   
1     00004000  EPwm1Regs                      
1     00004200  EPwm3Regs                      
1     00004600  EPwm7Regs                      
1     00004700  EPwm8Regs                      
0     00009379  EQEP1_ISR                      
0     00009383  EQEP2_ISR                      
0     0000938d  EQEP3_ISR                      
0     00000128  F28x_usDelay                   
0     00009397  FLSS_ISR                       
0     000093a1  FSIRXA1_ISR                    
0     000093ab  FSIRXA2_ISR                    
0     000093b5  FSITXA1_ISR                    
0     000093bf  FSITXA2_ISR                    
1     00007c00  GpioCtrlRegs                   
1     00007f00  GpioDataRegs                   
0     0000a800  HallA                          
0     0000a801  HallB                          
0     0000a802  HallC                          
0     000093c9  I2CA_FIFO_ISR                  
0     000093d3  I2CA_ISR                       
0     000093dd  I2CB_FIFO_ISR                  
0     000093e7  I2CB_ISR                       
0     0000a808  IL                             
0     000093f1  ILLEGAL_ISR                    
0     0000aa4c  IL_ref                         
0     0000a80a  Ia                             
0     0000a80c  Ib                             
0     0000a80e  Ic                             
0     0000a82a  Id                             
0     00008e17  InitGpio                       
0     00008cc4  InitPeripheralClocks           
0     00008fc2  InitPieCtrl                    
0     000087d8  InitPieVectTable               
0     00009030  InitSysCtrl                    
0     000088fa  InitSysPll                     
1     00007900  InputXbarRegs                  
0     0000a82c  Iq                             
0     00008b82  IsPLLValid                     
0     000093fb  LINA_0_ISR                     
0     00009405  LINA_1_ISR                     
0     0000940f  MCANA_0_ISR                    
0     00009419  MCANA_1_ISR                    
0     00009423  MCANA_ECC_ISR                  
0     0000942d  MCANA_WAKE_ISR                 
0     00009437  MCANB_0_ISR                    
0     00009441  MCANB_1_ISR                    
0     0000944b  MCANB_ECC_ISR                  
0     00009455  MCANB_WAKE_ISR                 
0     0000945f  NMI_ISR                        
0     00009469  NOTUSED_ISR                    
1     00007a80  OutputXbarRegs                 
0     00009473  PIE_RESERVED_ISR               
0     0000947d  PMBUSA_ISR                     
1     00000ce0  PieCtrlRegs                    
1     00000d00  PieVectTable                   
0     0000a880  PieVectTableInit               
0     00009487  RTOS_ISR                       
0     00009491  SCIA_RX_ISR                    
0     0000949b  SCIA_TX_ISR                    
0     000094a5  SCIB_RX_ISR                    
0     000094af  SCIB_TX_ISR                    
0     000094b9  SCIC_RX_ISR                    
0     000094c3  SCIC_TX_ISR                    
0     000094cd  SPIA_RX_ISR                    
0     000094d7  SPIA_TX_ISR                    
0     000094e1  SPIB_RX_ISR                    
0     000094eb  SPIB_TX_ISR                    
0     000094f5  SYS_ERR_ISR                    
0     00008484  SetVREF                        
0     000095e5  SysIntOsc1Sel                  
0     00009607  SysIntOsc2Sel                  
0     00009045  SysXtalOscSESel                
0     00008f82  SysXtalOscSel                  
0     000094ff  TIMER0_ISR                     
0     00009509  TIMER1_ISR                     
0     00009513  TIMER2_ISR                     
0     0000951d  USBA_ISR                       
0     00009527  USER10_ISR                     
0     00009531  USER11_ISR                     
0     0000953b  USER12_ISR                     
0     00009545  USER1_ISR                      
0     0000954f  USER2_ISR                      
0     00009559  USER3_ISR                      
0     00009563  USER4_ISR                      
0     0000956d  USER5_ISR                      
0     00009577  USER6_ISR                      
0     00009581  USER7_ISR                      
0     0000958b  USER8_ISR                      
0     00009595  USER9_ISR                      
0     0000959f  VCU_ISR                        
0     0000a82e  Vd                             
0     0000a804  Vin                            
0     0000a806  Vout                           
0     0000a830  Vq                             
0     000095a9  WAKE_ISR                       
1     00007000  WdRegs                         
0     000095b3  XINT1_ISR                      
0     000095bd  XINT2_ISR                      
0     000095c7  XINT3_ISR                      
0     000095d1  XINT4_ISR                      
0     000095db  XINT5_ISR                      
0     0000014c  __TI_CINIT_Base                
0     00000158  __TI_CINIT_Limit               
0     00000158  __TI_CINIT_Warm                
0     0000013e  __TI_Handler_Table_Base        
0     00000144  __TI_Handler_Table_Limit       
0     00000600  __TI_STACK_END                 
abs   00000200  __TI_STACK_SIZE                
0     00008ebe  __TI_auto_init_nobinit_nopinit 
0     0000aa5c  __TI_cleanup_ptr               
0     00008e90  __TI_decompress_lzss           
0     000095f7  __TI_decompress_none           
0     0000aa5e  __TI_dtors_ptr                 
0     0000aa5a  __TI_enable_exit_profile_output
abs   ffffffff  __TI_pprof_out_hndl            
abs   ffffffff  __TI_prof_data_size            
abs   ffffffff  __TI_prof_data_start           
0     00009086  __TI_zero_init_nomemset        
abs   ffffffff  __c_args__                     
0     00009093  __relaxed_cosf                 
0     0000909e  __relaxed_sinf                 
0     00000400  __stack                        
0     0000905a  _args_main                     
0     00009019  _c_int00                       
0     0000aa60  _lock                          
0     000095f6  _nop                           
0     000095f2  _register_lock                 
0     000095ee  _register_unlock               
0     000087ff  _system_post_cinit             
0     000087fd  _system_pre_init               
0     0000aa62  _unlock                        
0     00008f12  abort                          
0     0000824e  adcA1ISR                       
0     000085bf  adcB1ISR                       
0     0000a824  angle_out                      
0     0000aa40  boost_mode                     
0     00000000  code_start                     
0     0000a818  d_a                            
0     0000aa44  d_a_fixed                      
0     0000a81a  d_b                            
0     0000aa46  d_b_fixed                      
0     0000a81e  d_boost                        
0     0000aa4a  d_boost_fixed                  
0     0000a81c  d_c                            
0     0000aa48  d_c_fixed                      
0     0000aa42  dacBits                        
0     00008e5a  dq_init                        
0     00008000  dq_update                      
0     0000aa50  error_IL                       
0     00008f14  exit                           
0     00008f3b  hall_init                      
0     000089e0  hall_update                    
0     0000a826  id_ref                         
0     00008ee9  initADC                        
0     00008ac1  initADCSOC                     
0     00009000  initDAC                        
0     000086d6  initEPWM                       
0     0000aa41  inv_mode                       
0     0000a828  iq_ref                         
0     0000a812  m_a                            
0     0000a814  m_b                            
0     0000a816  m_c                            
0     00008db8  main                           
0     00008fa2  memcpy                         
0     0000aa58  motor_recon                    
0     0000aa54  omega_fixed                    
0     0000a822  omega_out                      
0     0000aa4e  pi_IL_out                      
0     00008f60  pi_init                        
0     00008c29  pi_update                      
0     00008800  routeGPIOs                     
0     0000a820  sector_out                     
0     0000aa52  theta_fixed                    
0     0000a810  throttle                       
0     0000aa56  v_ac                           


GLOBAL SYMBOLS: SORTED BY Symbol Address 

page  address   name                           
----  -------   ----                           
0     00000000  code_start                     
0     00000128  F28x_usDelay                   
0     0000013e  __TI_Handler_Table_Base        
0     00000144  __TI_Handler_Table_Limit       
0     0000014c  __TI_CINIT_Base                
0     00000158  __TI_CINIT_Limit               
0     00000158  __TI_CINIT_Warm                
0     00000400  __stack                        
0     00000600  __TI_STACK_END                 
0     00008000  dq_update                      
0     0000824e  adcA1ISR                       
0     00008484  SetVREF                        
0     000085bf  adcB1ISR                       
0     000086d6  initEPWM                       
0     000087d8  InitPieVectTable               
0     000087fd  _system_pre_init               
0     000087ff  _system_post_cinit             
0     00008800  routeGPIOs                     
0     000088fa  InitSysPll                     
0     000089e0  hall_update                    
0     00008ac1  initADCSOC                     
0     00008b82  IsPLLValid                     
0     00008c29  pi_update                      
0     00008cc4  InitPeripheralClocks           
0     00008d3f  ComputeCntrSeedValue           
0     00008db8  main                           
0     00008e17  InitGpio                       
0     00008e5a  dq_init                        
0     00008e90  __TI_decompress_lzss           
0     00008ebe  __TI_auto_init_nobinit_nopinit 
0     00008ee9  initADC                        
0     00008f12  C$$EXIT                        
0     00008f12  abort                          
0     00008f14  exit                           
0     00008f3b  hall_init                      
0     00008f60  pi_init                        
0     00008f82  SysXtalOscSel                  
0     00008fa2  memcpy                         
0     00008fc2  InitPieCtrl                    
0     00009000  initDAC                        
0     00009019  _c_int00                       
0     00009030  InitSysCtrl                    
0     00009045  SysXtalOscSESel                
0     0000905a  _args_main                     
0     0000906c  DisableDog                     
0     00009079  EMPTY_ISR                      
0     00009086  __TI_zero_init_nomemset        
0     00009093  __relaxed_cosf                 
0     0000909e  __relaxed_sinf                 
0     000090a9  ADCA1_ISR                      
0     000090b3  ADCA2_ISR                      
0     000090bd  ADCA3_ISR                      
0     000090c7  ADCA4_ISR                      
0     000090d1  ADCA_EVT_ISR                   
0     000090db  ADCB1_ISR                      
0     000090e5  ADCB2_ISR                      
0     000090ef  ADCB3_ISR                      
0     000090f9  ADCB4_ISR                      
0     00009103  ADCB_EVT_ISR                   
0     0000910d  ADCC1_ISR                      
0     00009117  ADCC2_ISR                      
0     00009121  ADCC3_ISR                      
0     0000912b  ADCC4_ISR                      
0     00009135  ADCC_EVT_ISR                   
0     0000913f  ADCD1_ISR                      
0     00009149  ADCD2_ISR                      
0     00009153  ADCD3_ISR                      
0     0000915d  ADCD4_ISR                      
0     00009167  ADCD_EVT_ISR                   
0     00009171  ADCE1_ISR                      
0     0000917b  ADCE2_ISR                      
0     00009185  ADCE3_ISR                      
0     0000918f  ADCE4_ISR                      
0     00009199  ADCE_EVT_ISR                   
0     000091a3  AES_SINTREQUEST_ISR            
0     000091ad  CLA1_1_ISR                     
0     000091b7  CLA1_2_ISR                     
0     000091c1  CLA1_3_ISR                     
0     000091cb  CLA1_4_ISR                     
0     000091d5  CLA1_5_ISR                     
0     000091df  CLA1_6_ISR                     
0     000091e9  CLA1_7_ISR                     
0     000091f3  CLA1_8_ISR                     
0     000091fd  CLB1_ISR                       
0     00009207  CLB2_ISR                       
0     00009211  DATALOG_ISR                    
0     0000921b  DCC0_ISR                       
0     00009225  DCC1_ISR                       
0     0000922f  DMA_CH1_ISR                    
0     00009239  DMA_CH2_ISR                    
0     00009243  DMA_CH3_ISR                    
0     0000924d  DMA_CH4_ISR                    
0     00009257  DMA_CH5_ISR                    
0     00009261  DMA_CH6_ISR                    
0     0000926b  ECAP1_ISR                      
0     00009275  ECAP2_ISR                      
0     0000927f  EMU_ISR                        
0     00009289  EPWM10_ISR                     
0     00009293  EPWM10_TZ_ISR                  
0     0000929d  EPWM11_ISR                     
0     000092a7  EPWM11_TZ_ISR                  
0     000092b1  EPWM12_ISR                     
0     000092bb  EPWM12_TZ_ISR                  
0     000092c5  EPWM1_ISR                      
0     000092cf  EPWM1_TZ_ISR                   
0     000092d9  EPWM2_ISR                      
0     000092e3  EPWM2_TZ_ISR                   
0     000092ed  EPWM3_ISR                      
0     000092f7  EPWM3_TZ_ISR                   
0     00009301  EPWM4_ISR                      
0     0000930b  EPWM4_TZ_ISR                   
0     00009315  EPWM5_ISR                      
0     0000931f  EPWM5_TZ_ISR                   
0     00009329  EPWM6_ISR                      
0     00009333  EPWM6_TZ_ISR                   
0     0000933d  EPWM7_ISR                      
0     00009347  EPWM7_TZ_ISR                   
0     00009351  EPWM8_ISR                      
0     0000935b  EPWM8_TZ_ISR                   
0     00009365  EPWM9_ISR                      
0     0000936f  EPWM9_TZ_ISR                   
0     00009379  EQEP1_ISR                      
0     00009383  EQEP2_ISR                      
0     0000938d  EQEP3_ISR                      
0     00009397  FLSS_ISR                       
0     000093a1  FSIRXA1_ISR                    
0     000093ab  FSIRXA2_ISR                    
0     000093b5  FSITXA1_ISR                    
0     000093bf  FSITXA2_ISR                    
0     000093c9  I2CA_FIFO_ISR                  
0     000093d3  I2CA_ISR                       
0     000093dd  I2CB_FIFO_ISR                  
0     000093e7  I2CB_ISR                       
0     000093f1  ILLEGAL_ISR                    
0     000093fb  LINA_0_ISR                     
0     00009405  LINA_1_ISR                     
0     0000940f  MCANA_0_ISR                    
0     00009419  MCANA_1_ISR                    
0     00009423  MCANA_ECC_ISR                  
0     0000942d  MCANA_WAKE_ISR                 
0     00009437  MCANB_0_ISR                    
0     00009441  MCANB_1_ISR                    
0     0000944b  MCANB_ECC_ISR                  
0     00009455  MCANB_WAKE_ISR                 
0     0000945f  NMI_ISR                        
0     00009469  NOTUSED_ISR                    
0     00009473  PIE_RESERVED_ISR               
0     0000947d  PMBUSA_ISR                     
0     00009487  RTOS_ISR                       
0     00009491  SCIA_RX_ISR                    
0     0000949b  SCIA_TX_ISR                    
0     000094a5  SCIB_RX_ISR                    
0     000094af  SCIB_TX_ISR                    
0     000094b9  SCIC_RX_ISR                    
0     000094c3  SCIC_TX_ISR                    
0     000094cd  SPIA_RX_ISR                    
0     000094d7  SPIA_TX_ISR                    
0     000094e1  SPIB_RX_ISR                    
0     000094eb  SPIB_TX_ISR                    
0     000094f5  SYS_ERR_ISR                    
0     000094ff  TIMER0_ISR                     
0     00009509  TIMER1_ISR                     
0     00009513  TIMER2_ISR                     
0     0000951d  USBA_ISR                       
0     00009527  USER10_ISR                     
0     00009531  USER11_ISR                     
0     0000953b  USER12_ISR                     
0     00009545  USER1_ISR                      
0     0000954f  USER2_ISR                      
0     00009559  USER3_ISR                      
0     00009563  USER4_ISR                      
0     0000956d  USER5_ISR                      
0     00009577  USER6_ISR                      
0     00009581  USER7_ISR                      
0     0000958b  USER8_ISR                      
0     00009595  USER9_ISR                      
0     0000959f  VCU_ISR                        
0     000095a9  WAKE_ISR                       
0     000095b3  XINT1_ISR                      
0     000095bd  XINT2_ISR                      
0     000095c7  XINT3_ISR                      
0     000095d1  XINT4_ISR                      
0     000095db  XINT5_ISR                      
0     000095e5  SysIntOsc1Sel                  
0     000095ee  _register_unlock               
0     000095f2  _register_lock                 
0     000095f6  _nop                           
0     000095f7  __TI_decompress_none           
0     00009607  SysIntOsc2Sel                  
0     0000a800  HallA                          
0     0000a801  HallB                          
0     0000a802  HallC                          
0     0000a804  Vin                            
0     0000a806  Vout                           
0     0000a808  IL                             
0     0000a80a  Ia                             
0     0000a80c  Ib                             
0     0000a80e  Ic                             
0     0000a810  throttle                       
0     0000a812  m_a                            
0     0000a814  m_b                            
0     0000a816  m_c                            
0     0000a818  d_a                            
0     0000a81a  d_b                            
0     0000a81c  d_c                            
0     0000a81e  d_boost                        
0     0000a820  sector_out                     
0     0000a822  omega_out                      
0     0000a824  angle_out                      
0     0000a826  id_ref                         
0     0000a828  iq_ref                         
0     0000a82a  Id                             
0     0000a82c  Iq                             
0     0000a82e  Vd                             
0     0000a830  Vq                             
0     0000a880  PieVectTableInit               
0     0000aa40  boost_mode                     
0     0000aa41  inv_mode                       
0     0000aa42  dacBits                        
0     0000aa44  d_a_fixed                      
0     0000aa46  d_b_fixed                      
0     0000aa48  d_c_fixed                      
0     0000aa4a  d_boost_fixed                  
0     0000aa4c  IL_ref                         
0     0000aa4e  pi_IL_out                      
0     0000aa50  error_IL                       
0     0000aa52  theta_fixed                    
0     0000aa54  omega_fixed                    
0     0000aa56  v_ac                           
0     0000aa58  motor_recon                    
0     0000aa5a  __TI_enable_exit_profile_output
0     0000aa5c  __TI_cleanup_ptr               
0     0000aa5e  __TI_dtors_ptr                 
0     0000aa60  _lock                          
0     0000aa62  _unlock                        
1     00000ce0  PieCtrlRegs                    
1     00000d00  PieVectTable                   
1     00001800  AdcaResultRegs                 
1     00001880  AdcbResultRegs                 
1     00003000  Clb1LogicCfgRegs               
1     00003100  Clb1LogicCtrlRegs              
1     00004000  EPwm1Regs                      
1     00004200  EPwm3Regs                      
1     00004600  EPwm7Regs                      
1     00004700  EPwm8Regs                      
1     00005c00  DacaRegs                       
1     00006a00  AdccRegs                       
1     00006c00  AdcdRegs                       
1     00006e00  AdceRegs                       
1     00007000  WdRegs                         
1     00007400  AdcaRegs                       
1     00007600  AdcbRegs                       
1     00007900  InputXbarRegs                  
1     00007a80  OutputXbarRegs                 
1     00007bc0  ClbOutputXbarRegs              
1     00007c00  GpioCtrlRegs                   
1     00007f00  GpioDataRegs                   
1     0005d200  ClkCfgRegs                     
1     0005d300  CpuSysRegs                     
1     0005d700  AnalogSubsysRegs               
1     0005e700  Dcc0Regs                       
1     0005e740  Dcc1Regs                       
abs   00000200  __TI_STACK_SIZE                
abs   ffffffff  __TI_pprof_out_hndl            
abs   ffffffff  __TI_prof_data_size            
abs   ffffffff  __TI_prof_data_start           
abs   ffffffff  __c_args__                     

[267 symbols]
