******************************************************************************
             TMS320C2000 Linker PC v22.6.2                     
******************************************************************************
>> Linked Wed Apr 22 13:51:47 2026

OUTPUT FILE NAME:   <starter_code_v3_hall_currentcontrol_sinepwm.out>
ENTRY POINT SYMBOL: "code_start"  address: 00000000


MEMORY CONFIGURATION

         name            origin    length      used     unused   attr    fill
----------------------  --------  ---------  --------  --------  ----  --------
PAGE 0:
  BEGIN                 00000000   00000002  00000002  00000000  RWIX
  BOOT_RSVD             00000002   00000126  00000000  00000126  RWIX
  RAMM0                 00000128   000002d8  00000030  000002a8  RWIX
  RAMM1                 00000400   00000400  00000200  00000200  RWIX
  CLATOCPURAM           00001480   00000080  00000000  00000080  RWIX
  CPUTOCLARAM           00001500   00000080  00000000  00000080  RWIX
  CLATODMARAM           00001680   00000080  00000000  00000080  RWIX
  DMATOCLARAM           00001700   00000080  00000000  00000080  RWIX
  RAMLS0                00008000   00000800  00000800  00000000  RWIX
  RAMLS1                00008800   00000800  000007fd  00000003  RWIX
  RAMLS2                00009000   00000800  00000321  000004df  RWIX
  RAMLS3                00009800   00000800  00000000  00000800  RWIX
  RAMLS4                0000a000   00000800  00000000  00000800  RWIX
  RAMLS5                0000a800   00000800  00000224  000005dc  RWIX
  RAMLS6                0000b000   00000800  00000000  00000800  RWIX
  RAMLS7                0000b800   00000800  00000000  00000800  RWIX
  RAMGS0                0000c000   00002000  00000000  00002000  RWIX
  RAMGS1                0000e000   00002000  00000000  00002000  RWIX
  RAMGS2                00010000   00002000  00000000  00002000  RWIX
  RAMGS3                00012000   00002000  00000000  00002000  RWIX
  RAMLS8                00014000   00002000  00000000  00002000  RWIX
  RAMLS9                00016000   00002000  00000000  00002000  RWIX
  FLASH_BANK0           00080000   00020000  00000000  00020000  RWIX
  FLASH_BANK1           000a0000   00020000  00000000  00020000  RWIX
  FLASH_BANK2           000c0000   00020000  00000000  00020000  RWIX
  FLASH_BANK3           000e0000   00020000  00000000  00020000  RWIX
  FLASH_BANK4           00100000   00008000  00000000  00008000  RWIX
  RESET                 003fffc0   00000002  00000000  00000002  RWIX

PAGE 1:
  CPUTIMER0             00000c00   00000008  00000000  00000008  RWIX
  CPUTIMER1             00000c08   00000008  00000000  00000008  RWIX
  CPUTIMER2             00000c10   00000008  00000000  00000008  RWIX
  PIECTRL               00000ce0   0000001a  0000001a  00000000  RWIX
  PIEVECTTABLE          00000d00   00000200  000001c0  00000040  RWIX
  DMA                   00001000   00000200  00000000  00000200  RWIX
  CLA1                  00001400   00000080  00000000  00000080  RWIX
  ADCARESULT            00001800   00000058  00000058  00000000  RWIX
  ADCBRESULT            00001880   00000058  00000058  00000000  RWIX
  ADCCRESULT            00001900   00000058  00000000  00000058  RWIX
  ADCDRESULT            00001980   00000058  00000000  00000058  RWIX
  ADCERESULT            00001a00   00000058  00000000  00000058  RWIX
  CLB1LOGICCFG          00003000   00000052  00000052  00000000  RWIX
  CLB1LOGICCTRL         00003100   00000040  00000040  00000000  RWIX
  CLB1DATAEXCH          00003180   00000080  00000000  00000080  RWIX
  CLB2LOGICCFG          00003400   00000052  00000000  00000052  RWIX
  CLB2LOGICCTRL         00003500   00000040  00000000  00000040  RWIX
  CLB2DATAEXCH          00003580   00000080  00000000  00000080  RWIX
  EPWM1                 00004000   00000100  00000100  00000000  RWIX
  EPWM2                 00004100   00000100  00000000  00000100  RWIX
  EPWM3                 00004200   00000100  00000100  00000000  RWIX
  EPWM4                 00004300   00000100  00000000  00000100  RWIX
  EPWM5                 00004400   00000100  00000000  00000100  RWIX
  EPWM6                 00004500   00000100  00000000  00000100  RWIX
  EPWM7                 00004600   00000100  00000100  00000000  RWIX
  EPWM8                 00004700   00000100  00000100  00000000  RWIX
  EPWM9                 00004800   00000100  00000000  00000100  RWIX
  EPWM10                00004900   00000100  00000000  00000100  RWIX
  EPWM11                00004a00   00000100  00000000  00000100  RWIX
  EPWM12                00004b00   00000100  00000000  00000100  RWIX
  EQEP1                 00005100   00000040  00000000  00000040  RWIX
  EQEP2                 00005140   00000040  00000000  00000040  RWIX
  EQEP3                 00005180   00000040  00000000  00000040  RWIX
  ECAP1                 00005200   00000020  00000000  00000020  RWIX
  ECAP2                 00005240   00000020  00000000  00000020  RWIX
  CMPSS1                00005500   00000040  00000000  00000040  RWIX
  CMPSS2                00005540   00000040  00000000  00000040  RWIX
  CMPSS3                00005580   00000040  00000000  00000040  RWIX
  CMPSS4                000055c0   00000040  00000000  00000040  RWIX
  PGA1                  00005b00   00000008  00000000  00000008  RWIX
  PGA2                  00005b10   00000008  00000000  00000008  RWIX
  PGA3                  00005b20   00000008  00000000  00000008  RWIX
  DACA                  00005c00   00000008  00000007  00000001  RWIX
  SPIA                  00006100   00000010  00000000  00000010  RWIX
  SPIB                  00006110   00000010  00000000  00000010  RWIX
  PMBUSA                00006400   00000020  00000000  00000020  RWIX
  FSITXA                00006600   00000050  00000000  00000050  RWIX
  FSIRXA                00006680   00000050  00000000  00000050  RWIX
  LINA                  00006800   000000ec  00000000  000000ec  RWIX
  ADCC                  00006a00   00000160  0000014a  00000016  RWIX
  ADCD                  00006c00   00000160  0000014a  00000016  RWIX
  ADCE                  00006e00   00000160  0000014a  00000016  RWIX
  WD                    00007000   0000002c  0000002b  00000001  RWIX
  NMIINTRUPT            00007060   00000010  00000000  00000010  RWIX
  XINT                  00007070   0000000c  00000000  0000000c  RWIX
  SCIA                  00007200   00000010  00000000  00000010  RWIX
  SCIB                  00007210   00000010  00000000  00000010  RWIX
  SCIC                  00007220   00000010  00000000  00000010  RWIX
  I2CA                  00007300   00000022  00000000  00000022  RWIX
  I2CB                  00007340   00000022  00000000  00000022  RWIX
  ADCA                  00007400   00000160  0000014a  00000016  RWIX
  ADCB                  00007600   00000160  0000014a  00000016  RWIX
  INPUTXBAR             00007900   00000020  00000020  00000000  RWIX
  XBAR                  00007920   00000020  00000000  00000020  RWIX
  SYNCSOC               00007940   00000006  00000000  00000006  RWIX
  CLBINPUTXBAR          00007960   00000020  00000000  00000020  RWIX
  DMACLASRCSEL          00007980   0000001a  00000000  0000001a  RWIX
  EPWMXBAR              00007a00   00000040  00000000  00000040  RWIX
  CLBXBAR               00007a40   00000040  00000000  00000040  RWIX
  OUTPUTXBAR            00007a80   00000040  00000040  00000000  RWIX
  CLBOUTPUTXBAR         00007bc0   00000040  00000040  00000000  RWIX
  GPIOCTRL              00007c00   00000200  00000200  00000000  RWIX
  GPIODATA              00007f00   00000040  00000040  00000000  RWIX
  GPIODATAREAD          00007f80   00000010  00000000  00000010  RWIX
  LFU                   00007fe0   00000020  00000000  00000020  RWIX
  AESA                  00042000   0000004c  00000000  0000004c  RWIX
  AESASS                00042c00   00000080  00000000  00000080  RWIX
  MCANASS               00059400   0000002c  00000000  0000002c  RWIX
  MCANA                 00059600   00000100  00000000  00000100  RWIX
  MCANAERROR            00059800   00000210  00000000  00000210  RWIX
  MCANBSS               0005b400   0000002c  00000000  0000002c  RWIX
  MCANB                 0005b600   00000100  00000000  00000100  RWIX
  MCANBERROR            0005b800   00000210  00000000  00000210  RWIX
  DEVCFG                0005d000   000001fa  00000000  000001fa  RWIX
  CLKCFG                0005d200   000000fe  0000003e  000000c0  RWIX
  CPUSYS                0005d300   00000100  000000b0  00000050  RWIX
  SYSSTATUS             0005d400   00000040  00000000  00000040  RWIX
  PERIPHAC              0005d500   00000200  00000000  00000200  RWIX
  ANALOGSUBSYS          0005d700   0000013c  0000013a  00000002  RWIX
  DCC0                  0005e700   00000038  0000002c  0000000c  RWIX
  DCC1                  0005e740   00000038  0000002c  0000000c  RWIX
  ERADGLOBAL            0005e800   00000014  00000000  00000014  RWIX
  ERADHWBP1             0005e900   00000008  00000000  00000008  RWIX
  ERADHWBP2             0005e908   00000008  00000000  00000008  RWIX
  ERADHWBP3             0005e910   00000008  00000000  00000008  RWIX
  ERADHWBP4             0005e918   00000008  00000000  00000008  RWIX
  ERADHWBP5             0005e920   00000008  00000000  00000008  RWIX
  ERADHWBP6             0005e928   00000008  00000000  00000008  RWIX
  ERADHWBP7             0005e930   00000008  00000000  00000008  RWIX
  ERADHWBP8             0005e938   00000008  00000000  00000008  RWIX
  ERADCOUNTER1          0005e980   00000010  00000000  00000010  RWIX
  ERADCOUNTER2          0005e990   00000010  00000000  00000010  RWIX
  ERADCOUNTER3          0005e9a0   00000010  00000000  00000010  RWIX
  ERADCOUNTER4          0005e9b0   00000010  00000000  00000010  RWIX
  ERADCRCGLOBAL         0005ea00   00000010  00000000  00000010  RWIX
  ERADCRC1              0005ea10   00000010  00000000  00000010  RWIX
  ERADCRC2              0005ea20   00000010  00000000  00000010  RWIX
  ERADCRC3              0005ea30   00000010  00000000  00000010  RWIX
  ERADCRC4              0005ea40   00000010  00000000  00000010  RWIX
  ERADCRC5              0005ea50   00000010  00000000  00000010  RWIX
  ERADCRC6              0005ea60   00000010  00000000  00000010  RWIX
  ERADCRC7              0005ea70   00000010  00000000  00000010  RWIX
  ERADCRC8              0005ea80   00000010  00000000  00000010  RWIX
  ERADPCTRACE           0005ead0   0000000a  00000000  0000000a  RWIX
  EPG1                  0005ec00   00000052  00000000  00000052  RWIX
  EPG1MUX               0005ecd0   00000010  00000000  00000010  RWIX
  DCSMZ1                0005f000   00000040  00000000  00000040  RWIX
  DCSMZ2                0005f080   0000003e  00000000  0000003e  RWIX
  DCSMCOMMON            0005f0c0   00000040  00000000  00000040  RWIX
  MEMCFG                0005f400   000000c0  00000000  000000c0  RWIX
  ACCESSPROTECTION      0005f500   0000003e  00000000  0000003e  RWIX
  MEMORYERROR           0005f540   00000040  00000000  00000040  RWIX
  TESTERROR             0005f590   00000010  00000000  00000010  RWIX
  FLASH0CTRL            0005f800   00000182  00000000  00000182  RWIX
  FLASH0ECC             0005fb00   00000028  00000000  00000028  RWIX
  ERADPCTRACEBUFFER     0005fe00   00000800  00000000  00000800  RWIX
  UID                   00072168   00000010  00000000  00000010  RWIX
  DCSMZ1OTP             00078000   00000020  00000000  00000020  RWIX
  DCSMZ2OTP             00078200   00000020  00000000  00000020  RWIX


SECTION ALLOCATION MAP

 output                                  attributes/
section   page    origin      length       input sections
--------  ----  ----------  ----------   ----------------
codestart 
*          0    00000000    00000002     
                  00000000    00000002     f28p55x_codestartbranch.obj (codestart)

.cinit     0    0000012c    0000002c     
                  0000012c    00000011     (.cinit..data.load) [load image, compression = lzss]
                  0000013d    00000001     --HOLE-- [fill = 0]
                  0000013e    00000006     (__TI_handler_table)
                  00000144    00000004     (.cinit..bss.load) [load image, compression = zero_init]
                  00000148    00000004     (.cinit.PieVectTableFile.load) [load image, compression = zero_init]
                  0000014c    0000000c     (__TI_cinit_table)

.reset     0    003fffc0    00000000     DSECT

.stack     0    00000400    00000200     UNINITIALIZED
                  00000400    00000200     --HOLE--

.bss       0    0000a800    00000040     UNINITIALIZED
                  0000a800    00000040     main.obj (.bss)

.init_array 
*          0    00000128    00000000     UNINITIALIZED

.const     0    0000a840    000001c0     
                  0000a840    000001c0     f28p55x_pievect.obj (.const)

.data      0    0000aa00    00000024     UNINITIALIZED
                  0000aa00    0000001a     main.obj (.data)
                  0000aa1a    00000006     rts2800_fpu32_eabi.lib : exit.c.obj (.data)
                  0000aa20    00000002                            : _lock.c.obj (.data:_lock)
                  0000aa22    00000002                            : _lock.c.obj (.data:_unlock)

.TI.ramfunc 
*          0    00000128    00000004     
                  00000128    00000004     f28p55x_usdelay.obj (.TI.ramfunc)

PieVectTableFile 
*          1    00000d00    000001c0     UNINITIALIZED
                  00000d00    000001c0     f28p55x_globalvariabledefs.obj (PieVectTableFile)

EmuKeyVar 
*          1    00000d00    00000000     UNINITIALIZED

EmuBModeVar 
*          1    00000d00    00000000     UNINITIALIZED

EmuBootPinsVar 
*          1    00000d00    00000000     UNINITIALIZED

FlashCallbackVar 
*          1    00000d00    00000000     UNINITIALIZED

FlashScalingVar 
*          1    00000d00    00000000     UNINITIALIZED

AdcaResultRegsFile 
*          1    00001800    00000058     UNINITIALIZED
                  00001800    00000058     f28p55x_globalvariabledefs.obj (AdcaResultRegsFile)

AdcbResultRegsFile 
*          1    00001880    00000058     UNINITIALIZED
                  00001880    00000058     f28p55x_globalvariabledefs.obj (AdcbResultRegsFile)

DacaRegsFile 
*          1    00005c00    00000007     UNINITIALIZED
                  00005c00    00000007     f28p55x_globalvariabledefs.obj (DacaRegsFile)

AdccRegsFile 
*          1    00006a00    0000014a     UNINITIALIZED
                  00006a00    0000014a     f28p55x_globalvariabledefs.obj (AdccRegsFile)

AdcdRegsFile 
*          1    00006c00    0000014a     UNINITIALIZED
                  00006c00    0000014a     f28p55x_globalvariabledefs.obj (AdcdRegsFile)

AdceRegsFile 
*          1    00006e00    0000014a     UNINITIALIZED
                  00006e00    0000014a     f28p55x_globalvariabledefs.obj (AdceRegsFile)

AdcaRegsFile 
*          1    00007400    0000014a     UNINITIALIZED
                  00007400    0000014a     f28p55x_globalvariabledefs.obj (AdcaRegsFile)

AdcbRegsFile 
*          1    00007600    0000014a     UNINITIALIZED
                  00007600    0000014a     f28p55x_globalvariabledefs.obj (AdcbRegsFile)

AnalogSubsysRegsFile 
*          1    0005d700    0000013a     UNINITIALIZED
                  0005d700    0000013a     f28p55x_globalvariabledefs.obj (AnalogSubsysRegsFile)

Clb1LogicCfgRegsFile 
*          1    00003000    00000052     UNINITIALIZED
                  00003000    00000052     f28p55x_globalvariabledefs.obj (Clb1LogicCfgRegsFile)

Clb1LogicCtrlRegsFile 
*          1    00003100    00000040     UNINITIALIZED
                  00003100    00000040     f28p55x_globalvariabledefs.obj (Clb1LogicCtrlRegsFile)

ClkCfgRegsFile 
*          1    0005d200    0000003e     UNINITIALIZED
                  0005d200    0000003e     f28p55x_globalvariabledefs.obj (ClkCfgRegsFile)

CpuSysRegsFile 
*          1    0005d300    000000b0     UNINITIALIZED
                  0005d300    000000b0     f28p55x_globalvariabledefs.obj (CpuSysRegsFile)

Dcc0RegsFile 
*          1    0005e700    0000002c     UNINITIALIZED
                  0005e700    0000002c     f28p55x_globalvariabledefs.obj (Dcc0RegsFile)

Dcc1RegsFile 
*          1    0005e740    0000002c     UNINITIALIZED
                  0005e740    0000002c     f28p55x_globalvariabledefs.obj (Dcc1RegsFile)

EPwm1RegsFile 
*          1    00004000    00000100     UNINITIALIZED
                  00004000    00000100     f28p55x_globalvariabledefs.obj (EPwm1RegsFile)

EPwm3RegsFile 
*          1    00004200    00000100     UNINITIALIZED
                  00004200    00000100     f28p55x_globalvariabledefs.obj (EPwm3RegsFile)

EPwm7RegsFile 
*          1    00004600    00000100     UNINITIALIZED
                  00004600    00000100     f28p55x_globalvariabledefs.obj (EPwm7RegsFile)

EPwm8RegsFile 
*          1    00004700    00000100     UNINITIALIZED
                  00004700    00000100     f28p55x_globalvariabledefs.obj (EPwm8RegsFile)

GpioCtrlRegsFile 
*          1    00007c00    00000200     UNINITIALIZED
                  00007c00    00000200     f28p55x_globalvariabledefs.obj (GpioCtrlRegsFile)

GpioDataRegsFile 
*          1    00007f00    00000040     UNINITIALIZED
                  00007f00    00000040     f28p55x_globalvariabledefs.obj (GpioDataRegsFile)

InputXbarRegsFile 
*          1    00007900    00000020     UNINITIALIZED
                  00007900    00000020     f28p55x_globalvariabledefs.obj (InputXbarRegsFile)

OutputXbarRegsFile 
*          1    00007a80    00000040     UNINITIALIZED
                  00007a80    00000040     f28p55x_globalvariabledefs.obj (OutputXbarRegsFile)

ClbOutputXbarRegsFile 
*          1    00007bc0    00000040     UNINITIALIZED
                  00007bc0    00000040     f28p55x_globalvariabledefs.obj (ClbOutputXbarRegsFile)

PieCtrlRegsFile 
*          1    00000ce0    0000001a     UNINITIALIZED
                  00000ce0    0000001a     f28p55x_globalvariabledefs.obj (PieCtrlRegsFile)

WdRegsFile 
*          1    00007000    0000002b     UNINITIALIZED
                  00007000    0000002b     f28p55x_globalvariabledefs.obj (WdRegsFile)

.text.1    0    00008000    00000800     
                  00008000    000001ec     main.obj (.text:adcA1ISR)
                  000081ec    0000013b     f28p55x_adc.obj (.text:SetVREF)
                  00008327    00000117     main.obj (.text:adcB1ISR)
                  0000843e    00000102     main.obj (.text:initEPWM)
                  00008540    000000fa     main.obj (.text:routeGPIOs)
                  0000863a    000000e6     f28p55x_sysctrl.obj (.text:InitSysPll)
                  00008720    000000c1     main.obj (.text:initADCSOC)
                  000087e1    0000001f     f28p55x_piectrl.obj (.text:InitPieCtrl)

.text.2    0    00008800    000007fd     
                  00008800    000000e1     hall_estimator.obj (.text:hall_update)
                  000088e1    000000a7     f28p55x_sysctrl.obj (.text:IsPLLValid)
                  00008988    0000009b     pi_controller.obj (.text:pi_update)
                  00008a23    0000007b     f28p55x_sysctrl.obj (.text:InitPeripheralClocks)
                  00008a9e    00000079     f28p55x_sysctrl.obj (.text:ComputeCntrSeedValue)
                  00008b17    0000004a     main.obj (.text:main)
                  00008b61    00000043     f28p55x_gpio.obj (.text:InitGpio)
                  00008ba4    0000002e     rts2800_fpu32_eabi.lib : copy_decompress_lzss.c.obj (.text:decompress:lzss)
                  00008bd2    0000002b                            : autoinit.c.obj (.text:__TI_auto_init_nobinit_nopinit)
                  00008bfd    00000029     main.obj (.text:initADC)
                  00008c26    00000029     rts2800_fpu32_eabi.lib : exit.c.obj (.text)
                  00008c4f    00000025     f28p55x_pievect.obj (.text:InitPieVectTable)
                  00008c74    00000025     hall_estimator.obj (.text:hall_init)
                  00008c99    00000022     pi_controller.obj (.text:pi_init)
                  00008cbb    00000020     f28p55x_sysctrl.obj (.text:SysXtalOscSel)
                  00008cdb    0000001d     rts2800_fpu32_eabi.lib : memcpy.c.obj (.text)
                  00008cf8    0000001b     f28p55x_sysctrl.obj (.text:PollX1Counter)
                  00008d13    00000019     main.obj (.text:initDAC)
                  00008d2c    00000017     rts2800_fpu32_eabi.lib : boot28.asm.obj (.text)
                  00008d43    00000015     f28p55x_sysctrl.obj (.text:InitSysCtrl)
                  00008d58    00000015     f28p55x_sysctrl.obj (.text:SysXtalOscSESel)
                  00008d6d    0000000d     f28p55x_sysctrl.obj (.text:DisableDog)
                  00008d7a    0000000d     f28p55x_defaultisr.obj (.text:EMPTY_ISR)
                  00008d87    0000000d     rts2800_fpu32_eabi.lib : copy_zero_init.c.obj (.text:decompress:ZI:__TI_zero_init_nomemset)
                  00008d94    0000000c                            : args_main.c.obj (.text)
                  00008da0    0000000b     hall_estimator.obj (.text:__relaxed_cosf)
                  00008dab    0000000b     hall_estimator.obj (.text:__relaxed_sinf)
                  00008db6    0000000a     f28p55x_defaultisr.obj (.text:ADCA1_ISR)
                  00008dc0    0000000a     f28p55x_defaultisr.obj (.text:ADCA2_ISR)
                  00008dca    0000000a     f28p55x_defaultisr.obj (.text:ADCA3_ISR)
                  00008dd4    0000000a     f28p55x_defaultisr.obj (.text:ADCA4_ISR)
                  00008dde    0000000a     f28p55x_defaultisr.obj (.text:ADCA_EVT_ISR)
                  00008de8    0000000a     f28p55x_defaultisr.obj (.text:ADCB1_ISR)
                  00008df2    0000000a     f28p55x_defaultisr.obj (.text:ADCB2_ISR)
                  00008dfc    0000000a     f28p55x_defaultisr.obj (.text:ADCB3_ISR)
                  00008e06    0000000a     f28p55x_defaultisr.obj (.text:ADCB4_ISR)
                  00008e10    0000000a     f28p55x_defaultisr.obj (.text:ADCB_EVT_ISR)
                  00008e1a    0000000a     f28p55x_defaultisr.obj (.text:ADCC1_ISR)
                  00008e24    0000000a     f28p55x_defaultisr.obj (.text:ADCC2_ISR)
                  00008e2e    0000000a     f28p55x_defaultisr.obj (.text:ADCC3_ISR)
                  00008e38    0000000a     f28p55x_defaultisr.obj (.text:ADCC4_ISR)
                  00008e42    0000000a     f28p55x_defaultisr.obj (.text:ADCC_EVT_ISR)
                  00008e4c    0000000a     f28p55x_defaultisr.obj (.text:ADCD1_ISR)
                  00008e56    0000000a     f28p55x_defaultisr.obj (.text:ADCD2_ISR)
                  00008e60    0000000a     f28p55x_defaultisr.obj (.text:ADCD3_ISR)
                  00008e6a    0000000a     f28p55x_defaultisr.obj (.text:ADCD4_ISR)
                  00008e74    0000000a     f28p55x_defaultisr.obj (.text:ADCD_EVT_ISR)
                  00008e7e    0000000a     f28p55x_defaultisr.obj (.text:ADCE1_ISR)
                  00008e88    0000000a     f28p55x_defaultisr.obj (.text:ADCE2_ISR)
                  00008e92    0000000a     f28p55x_defaultisr.obj (.text:ADCE3_ISR)
                  00008e9c    0000000a     f28p55x_defaultisr.obj (.text:ADCE4_ISR)
                  00008ea6    0000000a     f28p55x_defaultisr.obj (.text:ADCE_EVT_ISR)
                  00008eb0    0000000a     f28p55x_defaultisr.obj (.text:AES_SINTREQUEST_ISR)
                  00008eba    0000000a     f28p55x_defaultisr.obj (.text:CLA1_1_ISR)
                  00008ec4    0000000a     f28p55x_defaultisr.obj (.text:CLA1_2_ISR)
                  00008ece    0000000a     f28p55x_defaultisr.obj (.text:CLA1_3_ISR)
                  00008ed8    0000000a     f28p55x_defaultisr.obj (.text:CLA1_4_ISR)
                  00008ee2    0000000a     f28p55x_defaultisr.obj (.text:CLA1_5_ISR)
                  00008eec    0000000a     f28p55x_defaultisr.obj (.text:CLA1_6_ISR)
                  00008ef6    0000000a     f28p55x_defaultisr.obj (.text:CLA1_7_ISR)
                  00008f00    0000000a     f28p55x_defaultisr.obj (.text:CLA1_8_ISR)
                  00008f0a    0000000a     f28p55x_defaultisr.obj (.text:CLB1_ISR)
                  00008f14    0000000a     f28p55x_defaultisr.obj (.text:CLB2_ISR)
                  00008f1e    0000000a     f28p55x_defaultisr.obj (.text:DATALOG_ISR)
                  00008f28    0000000a     f28p55x_defaultisr.obj (.text:DCC0_ISR)
                  00008f32    0000000a     f28p55x_defaultisr.obj (.text:DCC1_ISR)
                  00008f3c    0000000a     f28p55x_defaultisr.obj (.text:DMA_CH1_ISR)
                  00008f46    0000000a     f28p55x_defaultisr.obj (.text:DMA_CH2_ISR)
                  00008f50    0000000a     f28p55x_defaultisr.obj (.text:DMA_CH3_ISR)
                  00008f5a    0000000a     f28p55x_defaultisr.obj (.text:DMA_CH4_ISR)
                  00008f64    0000000a     f28p55x_defaultisr.obj (.text:DMA_CH5_ISR)
                  00008f6e    0000000a     f28p55x_defaultisr.obj (.text:DMA_CH6_ISR)
                  00008f78    0000000a     f28p55x_defaultisr.obj (.text:ECAP1_ISR)
                  00008f82    0000000a     f28p55x_defaultisr.obj (.text:ECAP2_ISR)
                  00008f8c    0000000a     f28p55x_defaultisr.obj (.text:EMU_ISR)
                  00008f96    0000000a     f28p55x_defaultisr.obj (.text:EPWM10_ISR)
                  00008fa0    0000000a     f28p55x_defaultisr.obj (.text:EPWM10_TZ_ISR)
                  00008faa    0000000a     f28p55x_defaultisr.obj (.text:EPWM11_ISR)
                  00008fb4    0000000a     f28p55x_defaultisr.obj (.text:EPWM11_TZ_ISR)
                  00008fbe    0000000a     f28p55x_defaultisr.obj (.text:EPWM12_ISR)
                  00008fc8    0000000a     f28p55x_defaultisr.obj (.text:EPWM12_TZ_ISR)
                  00008fd2    0000000a     f28p55x_defaultisr.obj (.text:EPWM1_ISR)
                  00008fdc    0000000a     f28p55x_defaultisr.obj (.text:EPWM1_TZ_ISR)
                  00008fe6    0000000a     f28p55x_defaultisr.obj (.text:EPWM2_ISR)
                  00008ff0    0000000a     f28p55x_defaultisr.obj (.text:EPWM2_TZ_ISR)
                  00008ffa    00000002     rts2800_fpu32_eabi.lib : pre_init.c.obj (.text)
                  00008ffc    00000001                            : startup.c.obj (.text)

.text.3    0    00009000    00000321     
                  00009000    0000000a     f28p55x_defaultisr.obj (.text:EPWM3_ISR)
                  0000900a    0000000a     f28p55x_defaultisr.obj (.text:EPWM3_TZ_ISR)
                  00009014    0000000a     f28p55x_defaultisr.obj (.text:EPWM4_ISR)
                  0000901e    0000000a     f28p55x_defaultisr.obj (.text:EPWM4_TZ_ISR)
                  00009028    0000000a     f28p55x_defaultisr.obj (.text:EPWM5_ISR)
                  00009032    0000000a     f28p55x_defaultisr.obj (.text:EPWM5_TZ_ISR)
                  0000903c    0000000a     f28p55x_defaultisr.obj (.text:EPWM6_ISR)
                  00009046    0000000a     f28p55x_defaultisr.obj (.text:EPWM6_TZ_ISR)
                  00009050    0000000a     f28p55x_defaultisr.obj (.text:EPWM7_ISR)
                  0000905a    0000000a     f28p55x_defaultisr.obj (.text:EPWM7_TZ_ISR)
                  00009064    0000000a     f28p55x_defaultisr.obj (.text:EPWM8_ISR)
                  0000906e    0000000a     f28p55x_defaultisr.obj (.text:EPWM8_TZ_ISR)
                  00009078    0000000a     f28p55x_defaultisr.obj (.text:EPWM9_ISR)
                  00009082    0000000a     f28p55x_defaultisr.obj (.text:EPWM9_TZ_ISR)
                  0000908c    0000000a     f28p55x_defaultisr.obj (.text:EQEP1_ISR)
                  00009096    0000000a     f28p55x_defaultisr.obj (.text:EQEP2_ISR)
                  000090a0    0000000a     f28p55x_defaultisr.obj (.text:EQEP3_ISR)
                  000090aa    0000000a     f28p55x_defaultisr.obj (.text:FLSS_ISR)
                  000090b4    0000000a     f28p55x_defaultisr.obj (.text:FSIRXA1_ISR)
                  000090be    0000000a     f28p55x_defaultisr.obj (.text:FSIRXA2_ISR)
                  000090c8    0000000a     f28p55x_defaultisr.obj (.text:FSITXA1_ISR)
                  000090d2    0000000a     f28p55x_defaultisr.obj (.text:FSITXA2_ISR)
                  000090dc    0000000a     f28p55x_defaultisr.obj (.text:I2CA_FIFO_ISR)
                  000090e6    0000000a     f28p55x_defaultisr.obj (.text:I2CA_ISR)
                  000090f0    0000000a     f28p55x_defaultisr.obj (.text:I2CB_FIFO_ISR)
                  000090fa    0000000a     f28p55x_defaultisr.obj (.text:I2CB_ISR)
                  00009104    0000000a     f28p55x_defaultisr.obj (.text:ILLEGAL_ISR)
                  0000910e    0000000a     f28p55x_defaultisr.obj (.text:LINA_0_ISR)
                  00009118    0000000a     f28p55x_defaultisr.obj (.text:LINA_1_ISR)
                  00009122    0000000a     f28p55x_defaultisr.obj (.text:MCANA_0_ISR)
                  0000912c    0000000a     f28p55x_defaultisr.obj (.text:MCANA_1_ISR)
                  00009136    0000000a     f28p55x_defaultisr.obj (.text:MCANA_ECC_ISR)
                  00009140    0000000a     f28p55x_defaultisr.obj (.text:MCANA_WAKE_ISR)
                  0000914a    0000000a     f28p55x_defaultisr.obj (.text:MCANB_0_ISR)
                  00009154    0000000a     f28p55x_defaultisr.obj (.text:MCANB_1_ISR)
                  0000915e    0000000a     f28p55x_defaultisr.obj (.text:MCANB_ECC_ISR)
                  00009168    0000000a     f28p55x_defaultisr.obj (.text:MCANB_WAKE_ISR)
                  00009172    0000000a     f28p55x_defaultisr.obj (.text:NMI_ISR)
                  0000917c    0000000a     f28p55x_defaultisr.obj (.text:NOTUSED_ISR)
                  00009186    0000000a     f28p55x_defaultisr.obj (.text:PIE_RESERVED_ISR)
                  00009190    0000000a     f28p55x_defaultisr.obj (.text:PMBUSA_ISR)
                  0000919a    0000000a     f28p55x_defaultisr.obj (.text:RTOS_ISR)
                  000091a4    0000000a     f28p55x_defaultisr.obj (.text:SCIA_RX_ISR)
                  000091ae    0000000a     f28p55x_defaultisr.obj (.text:SCIA_TX_ISR)
                  000091b8    0000000a     f28p55x_defaultisr.obj (.text:SCIB_RX_ISR)
                  000091c2    0000000a     f28p55x_defaultisr.obj (.text:SCIB_TX_ISR)
                  000091cc    0000000a     f28p55x_defaultisr.obj (.text:SCIC_RX_ISR)
                  000091d6    0000000a     f28p55x_defaultisr.obj (.text:SCIC_TX_ISR)
                  000091e0    0000000a     f28p55x_defaultisr.obj (.text:SPIA_RX_ISR)
                  000091ea    0000000a     f28p55x_defaultisr.obj (.text:SPIA_TX_ISR)
                  000091f4    0000000a     f28p55x_defaultisr.obj (.text:SPIB_RX_ISR)
                  000091fe    0000000a     f28p55x_defaultisr.obj (.text:SPIB_TX_ISR)
                  00009208    0000000a     f28p55x_defaultisr.obj (.text:SYS_ERR_ISR)
                  00009212    0000000a     f28p55x_defaultisr.obj (.text:TIMER0_ISR)
                  0000921c    0000000a     f28p55x_defaultisr.obj (.text:TIMER1_ISR)
                  00009226    0000000a     f28p55x_defaultisr.obj (.text:TIMER2_ISR)
                  00009230    0000000a     f28p55x_defaultisr.obj (.text:USBA_ISR)
                  0000923a    0000000a     f28p55x_defaultisr.obj (.text:USER10_ISR)
                  00009244    0000000a     f28p55x_defaultisr.obj (.text:USER11_ISR)
                  0000924e    0000000a     f28p55x_defaultisr.obj (.text:USER12_ISR)
                  00009258    0000000a     f28p55x_defaultisr.obj (.text:USER1_ISR)
                  00009262    0000000a     f28p55x_defaultisr.obj (.text:USER2_ISR)
                  0000926c    0000000a     f28p55x_defaultisr.obj (.text:USER3_ISR)
                  00009276    0000000a     f28p55x_defaultisr.obj (.text:USER4_ISR)
                  00009280    0000000a     f28p55x_defaultisr.obj (.text:USER5_ISR)
                  0000928a    0000000a     f28p55x_defaultisr.obj (.text:USER6_ISR)
                  00009294    0000000a     f28p55x_defaultisr.obj (.text:USER7_ISR)
                  0000929e    0000000a     f28p55x_defaultisr.obj (.text:USER8_ISR)
                  000092a8    0000000a     f28p55x_defaultisr.obj (.text:USER9_ISR)
                  000092b2    0000000a     f28p55x_defaultisr.obj (.text:VCU_ISR)
                  000092bc    0000000a     f28p55x_defaultisr.obj (.text:WAKE_ISR)
                  000092c6    0000000a     f28p55x_defaultisr.obj (.text:XINT1_ISR)
                  000092d0    0000000a     f28p55x_defaultisr.obj (.text:XINT2_ISR)
                  000092da    0000000a     f28p55x_defaultisr.obj (.text:XINT3_ISR)
                  000092e4    0000000a     f28p55x_defaultisr.obj (.text:XINT4_ISR)
                  000092ee    0000000a     f28p55x_defaultisr.obj (.text:XINT5_ISR)
                  000092f8    00000009     f28p55x_sysctrl.obj (.text:SysIntOsc1Sel)
                  00009301    00000009     rts2800_fpu32_eabi.lib : _lock.c.obj (.text)
                  0000930a    00000008                            : copy_decompress_none.c.obj (.text:decompress:none)
                  00009312    00000008     f28p55x_codestartbranch.obj (.text)
                  0000931a    00000007     f28p55x_sysctrl.obj (.text:SysIntOsc2Sel)

MODULE SUMMARY

       Module                           code   ro data   rw data
       ------                           ----   -------   -------
    .\
       f28p55x_globalvariabledefs.obj   0      0         4896   
       main.obj                         1612   0         90     
       f28p55x_defaultisr.obj           1353   0         0      
       f28p55x_sysctrl.obj              771    0         0      
       f28p55x_pievect.obj              37     448       0      
       f28p55x_adc.obj                  315    0         0      
       hall_estimator.obj               284    0         0      
       pi_controller.obj                189    0         0      
       f28p55x_gpio.obj                 67     0         0      
       f28p55x_piectrl.obj              31     0         0      
       f28p55x_codestartbranch.obj      10     0         0      
       f28p55x_usdelay.obj              4      0         0      
    +--+--------------------------------+------+---------+---------+
       Total:                           4673   448       4986   
                                                                
    C:\ti\ccs2020\ccs\tools\compiler\ti-cgt-c2000_22.6.2.LTS\lib\rts2800_fpu32_eabi.lib
       exit.c.obj                       41     0         6      
       copy_decompress_lzss.c.obj       46     0         0      
       autoinit.c.obj                   43     0         0      
       memcpy.c.obj                     29     0         0      
       boot28.asm.obj                   23     0         0      
       _lock.c.obj                      9      0         4      
       copy_zero_init.c.obj             13     0         0      
       args_main.c.obj                  12     0         0      
       copy_decompress_none.c.obj       8      0         0      
       pre_init.c.obj                   2      0         0      
       startup.c.obj                    1      0         0      
    +--+--------------------------------+------+---------+---------+
       Total:                           227    0         10     
                                                                
       Stack:                           0      0         512    
       Linker Generated:                0      43        0      
    +--+--------------------------------+------+---------+---------+
       Grand Total:                     4900   491       5508   


LINKER GENERATED COPY TABLES

__TI_cinit_table @ 0000014c records: 3, size/record: 4, table size: 12
	.data: load addr=0000012c, load size=00000011 bytes, run addr=0000aa00, run size=00000024 bytes, compression=lzss
	.bss: load addr=00000144, load size=00000004 bytes, run addr=0000a800, run size=00000040 bytes, compression=zero_init
	PieVectTableFile: load addr=00000148, load size=00000004 bytes, run addr=00000d00, run size=000001c0 bytes, compression=zero_init


LINKER GENERATED HANDLER TABLE

__TI_handler_table @ 0000013e records: 3, size/record: 2, table size: 6
	index: 0, handler: __TI_zero_init
	index: 1, handler: __TI_decompress_lzss
	index: 2, handler: __TI_decompress_none


GLOBAL DATA SYMBOLS: SORTED BY DATA PAGE

address     data page           name
--------    ----------------    ----
00000400      10 (00000400)     __stack

00000ce0      33 (00000cc0)     PieCtrlRegs

00000d00      34 (00000d00)     PieVectTable

00001800      60 (00001800)     AdcaResultRegs

00001880      62 (00001880)     AdcbResultRegs

00003000      c0 (00003000)     Clb1LogicCfgRegs

00003100      c4 (00003100)     Clb1LogicCtrlRegs

00004000     100 (00004000)     EPwm1Regs

00004200     108 (00004200)     EPwm3Regs

00004600     118 (00004600)     EPwm7Regs

00004700     11c (00004700)     EPwm8Regs

00005c00     170 (00005c00)     DacaRegs

00006a00     1a8 (00006a00)     AdccRegs

00006c00     1b0 (00006c00)     AdcdRegs

00006e00     1b8 (00006e00)     AdceRegs

00007000     1c0 (00007000)     WdRegs

00007400     1d0 (00007400)     AdcaRegs

00007600     1d8 (00007600)     AdcbRegs

00007900     1e4 (00007900)     InputXbarRegs

00007a80     1ea (00007a80)     OutputXbarRegs

00007bc0     1ef (00007bc0)     ClbOutputXbarRegs

00007c00     1f0 (00007c00)     GpioCtrlRegs

00007f00     1fc (00007f00)     GpioDataRegs

0000a800     2a0 (0000a800)     HallA
0000a801     2a0 (0000a800)     HallB
0000a802     2a0 (0000a800)     HallC
0000a804     2a0 (0000a800)     Vin
0000a806     2a0 (0000a800)     Vout
0000a808     2a0 (0000a800)     IL
0000a80a     2a0 (0000a800)     Ia
0000a80c     2a0 (0000a800)     Ib
0000a80e     2a0 (0000a800)     Ic
0000a810     2a0 (0000a800)     throttle
0000a812     2a0 (0000a800)     m_a
0000a814     2a0 (0000a800)     m_b
0000a816     2a0 (0000a800)     m_c
0000a818     2a0 (0000a800)     d_a
0000a81a     2a0 (0000a800)     d_b
0000a81c     2a0 (0000a800)     d_c
0000a81e     2a0 (0000a800)     d_boost
0000a820     2a0 (0000a800)     sector_out
0000a822     2a0 (0000a800)     omega_out
0000a824     2a0 (0000a800)     angle_out

0000a840     2a1 (0000a840)     PieVectTableInit

0000aa00     2a8 (0000aa00)     boost_mode
0000aa01     2a8 (0000aa00)     inv_mode
0000aa02     2a8 (0000aa00)     dacBits
0000aa04     2a8 (0000aa00)     d_a_fixed
0000aa06     2a8 (0000aa00)     d_b_fixed
0000aa08     2a8 (0000aa00)     d_c_fixed
0000aa0a     2a8 (0000aa00)     d_boost_fixed
0000aa0c     2a8 (0000aa00)     IL_ref
0000aa0e     2a8 (0000aa00)     pi_IL_out
0000aa10     2a8 (0000aa00)     error_IL
0000aa12     2a8 (0000aa00)     theta_fixed
0000aa14     2a8 (0000aa00)     omega_fixed
0000aa16     2a8 (0000aa00)     v_ac
0000aa18     2a8 (0000aa00)     motor_recon
0000aa1a     2a8 (0000aa00)     __TI_enable_exit_profile_output
0000aa1c     2a8 (0000aa00)     __TI_cleanup_ptr
0000aa1e     2a8 (0000aa00)     __TI_dtors_ptr
0000aa20     2a8 (0000aa00)     _lock
0000aa22     2a8 (0000aa00)     _unlock

0005d200    1748 (0005d200)     ClkCfgRegs

0005d300    174c (0005d300)     CpuSysRegs

0005d700    175c (0005d700)     AnalogSubsysRegs

0005e700    179c (0005e700)     Dcc0Regs

0005e740    179d (0005e740)     Dcc1Regs


GLOBAL SYMBOLS: SORTED ALPHABETICALLY BY Name 

page  address   name                           
----  -------   ----                           
0     00008db6  ADCA1_ISR                      
0     00008dc0  ADCA2_ISR                      
0     00008dca  ADCA3_ISR                      
0     00008dd4  ADCA4_ISR                      
0     00008dde  ADCA_EVT_ISR                   
0     00008de8  ADCB1_ISR                      
0     00008df2  ADCB2_ISR                      
0     00008dfc  ADCB3_ISR                      
0     00008e06  ADCB4_ISR                      
0     00008e10  ADCB_EVT_ISR                   
0     00008e1a  ADCC1_ISR                      
0     00008e24  ADCC2_ISR                      
0     00008e2e  ADCC3_ISR                      
0     00008e38  ADCC4_ISR                      
0     00008e42  ADCC_EVT_ISR                   
0     00008e4c  ADCD1_ISR                      
0     00008e56  ADCD2_ISR                      
0     00008e60  ADCD3_ISR                      
0     00008e6a  ADCD4_ISR                      
0     00008e74  ADCD_EVT_ISR                   
0     00008e7e  ADCE1_ISR                      
0     00008e88  ADCE2_ISR                      
0     00008e92  ADCE3_ISR                      
0     00008e9c  ADCE4_ISR                      
0     00008ea6  ADCE_EVT_ISR                   
0     00008eb0  AES_SINTREQUEST_ISR            
1     00007400  AdcaRegs                       
1     00001800  AdcaResultRegs                 
1     00007600  AdcbRegs                       
1     00001880  AdcbResultRegs                 
1     00006a00  AdccRegs                       
1     00006c00  AdcdRegs                       
1     00006e00  AdceRegs                       
1     0005d700  AnalogSubsysRegs               
0     00008c26  C$$EXIT                        
0     00008eba  CLA1_1_ISR                     
0     00008ec4  CLA1_2_ISR                     
0     00008ece  CLA1_3_ISR                     
0     00008ed8  CLA1_4_ISR                     
0     00008ee2  CLA1_5_ISR                     
0     00008eec  CLA1_6_ISR                     
0     00008ef6  CLA1_7_ISR                     
0     00008f00  CLA1_8_ISR                     
0     00008f0a  CLB1_ISR                       
0     00008f14  CLB2_ISR                       
1     00003000  Clb1LogicCfgRegs               
1     00003100  Clb1LogicCtrlRegs              
1     00007bc0  ClbOutputXbarRegs              
1     0005d200  ClkCfgRegs                     
0     00008a9e  ComputeCntrSeedValue           
1     0005d300  CpuSysRegs                     
0     00008f1e  DATALOG_ISR                    
0     00008f28  DCC0_ISR                       
0     00008f32  DCC1_ISR                       
0     00008f3c  DMA_CH1_ISR                    
0     00008f46  DMA_CH2_ISR                    
0     00008f50  DMA_CH3_ISR                    
0     00008f5a  DMA_CH4_ISR                    
0     00008f64  DMA_CH5_ISR                    
0     00008f6e  DMA_CH6_ISR                    
1     00005c00  DacaRegs                       
1     0005e700  Dcc0Regs                       
1     0005e740  Dcc1Regs                       
0     00008d6d  DisableDog                     
0     00008f78  ECAP1_ISR                      
0     00008f82  ECAP2_ISR                      
0     00008d7a  EMPTY_ISR                      
0     00008f8c  EMU_ISR                        
0     00008f96  EPWM10_ISR                     
0     00008fa0  EPWM10_TZ_ISR                  
0     00008faa  EPWM11_ISR                     
0     00008fb4  EPWM11_TZ_ISR                  
0     00008fbe  EPWM12_ISR                     
0     00008fc8  EPWM12_TZ_ISR                  
0     00008fd2  EPWM1_ISR                      
0     00008fdc  EPWM1_TZ_ISR                   
0     00008fe6  EPWM2_ISR                      
0     00008ff0  EPWM2_TZ_ISR                   
0     00009000  EPWM3_ISR                      
0     0000900a  EPWM3_TZ_ISR                   
0     00009014  EPWM4_ISR                      
0     0000901e  EPWM4_TZ_ISR                   
0     00009028  EPWM5_ISR                      
0     00009032  EPWM5_TZ_ISR                   
0     0000903c  EPWM6_ISR                      
0     00009046  EPWM6_TZ_ISR                   
0     00009050  EPWM7_ISR                      
0     0000905a  EPWM7_TZ_ISR                   
0     00009064  EPWM8_ISR                      
0     0000906e  EPWM8_TZ_ISR                   
0     00009078  EPWM9_ISR                      
0     00009082  EPWM9_TZ_ISR                   
1     00004000  EPwm1Regs                      
1     00004200  EPwm3Regs                      
1     00004600  EPwm7Regs                      
1     00004700  EPwm8Regs                      
0     0000908c  EQEP1_ISR                      
0     00009096  EQEP2_ISR                      
0     000090a0  EQEP3_ISR                      
0     00000128  F28x_usDelay                   
0     000090aa  FLSS_ISR                       
0     000090b4  FSIRXA1_ISR                    
0     000090be  FSIRXA2_ISR                    
0     000090c8  FSITXA1_ISR                    
0     000090d2  FSITXA2_ISR                    
1     00007c00  GpioCtrlRegs                   
1     00007f00  GpioDataRegs                   
0     0000a800  HallA                          
0     0000a801  HallB                          
0     0000a802  HallC                          
0     000090dc  I2CA_FIFO_ISR                  
0     000090e6  I2CA_ISR                       
0     000090f0  I2CB_FIFO_ISR                  
0     000090fa  I2CB_ISR                       
0     0000a808  IL                             
0     00009104  ILLEGAL_ISR                    
0     0000aa0c  IL_ref                         
0     0000a80a  Ia                             
0     0000a80c  Ib                             
0     0000a80e  Ic                             
0     00008b61  InitGpio                       
0     00008a23  InitPeripheralClocks           
0     000087e1  InitPieCtrl                    
0     00008c4f  InitPieVectTable               
0     00008d43  InitSysCtrl                    
0     0000863a  InitSysPll                     
1     00007900  InputXbarRegs                  
0     000088e1  IsPLLValid                     
0     0000910e  LINA_0_ISR                     
0     00009118  LINA_1_ISR                     
0     00009122  MCANA_0_ISR                    
0     0000912c  MCANA_1_ISR                    
0     00009136  MCANA_ECC_ISR                  
0     00009140  MCANA_WAKE_ISR                 
0     0000914a  MCANB_0_ISR                    
0     00009154  MCANB_1_ISR                    
0     0000915e  MCANB_ECC_ISR                  
0     00009168  MCANB_WAKE_ISR                 
0     00009172  NMI_ISR                        
0     0000917c  NOTUSED_ISR                    
1     00007a80  OutputXbarRegs                 
0     00009186  PIE_RESERVED_ISR               
0     00009190  PMBUSA_ISR                     
1     00000ce0  PieCtrlRegs                    
1     00000d00  PieVectTable                   
0     0000a840  PieVectTableInit               
0     0000919a  RTOS_ISR                       
0     000091a4  SCIA_RX_ISR                    
0     000091ae  SCIA_TX_ISR                    
0     000091b8  SCIB_RX_ISR                    
0     000091c2  SCIB_TX_ISR                    
0     000091cc  SCIC_RX_ISR                    
0     000091d6  SCIC_TX_ISR                    
0     000091e0  SPIA_RX_ISR                    
0     000091ea  SPIA_TX_ISR                    
0     000091f4  SPIB_RX_ISR                    
0     000091fe  SPIB_TX_ISR                    
0     00009208  SYS_ERR_ISR                    
0     000081ec  SetVREF                        
0     000092f8  SysIntOsc1Sel                  
0     0000931a  SysIntOsc2Sel                  
0     00008d58  SysXtalOscSESel                
0     00008cbb  SysXtalOscSel                  
0     00009212  TIMER0_ISR                     
0     0000921c  TIMER1_ISR                     
0     00009226  TIMER2_ISR                     
0     00009230  USBA_ISR                       
0     0000923a  USER10_ISR                     
0     00009244  USER11_ISR                     
0     0000924e  USER12_ISR                     
0     00009258  USER1_ISR                      
0     00009262  USER2_ISR                      
0     0000926c  USER3_ISR                      
0     00009276  USER4_ISR                      
0     00009280  USER5_ISR                      
0     0000928a  USER6_ISR                      
0     00009294  USER7_ISR                      
0     0000929e  USER8_ISR                      
0     000092a8  USER9_ISR                      
0     000092b2  VCU_ISR                        
0     0000a804  Vin                            
0     0000a806  Vout                           
0     000092bc  WAKE_ISR                       
1     00007000  WdRegs                         
0     000092c6  XINT1_ISR                      
0     000092d0  XINT2_ISR                      
0     000092da  XINT3_ISR                      
0     000092e4  XINT4_ISR                      
0     000092ee  XINT5_ISR                      
0     0000014c  __TI_CINIT_Base                
0     00000158  __TI_CINIT_Limit               
0     00000158  __TI_CINIT_Warm                
0     0000013e  __TI_Handler_Table_Base        
0     00000144  __TI_Handler_Table_Limit       
0     00000600  __TI_STACK_END                 
abs   00000200  __TI_STACK_SIZE                
0     00008bd2  __TI_auto_init_nobinit_nopinit 
0     0000aa1c  __TI_cleanup_ptr               
0     00008ba4  __TI_decompress_lzss           
0     0000930a  __TI_decompress_none           
0     0000aa1e  __TI_dtors_ptr                 
0     0000aa1a  __TI_enable_exit_profile_output
abs   ffffffff  __TI_pprof_out_hndl            
abs   ffffffff  __TI_prof_data_size            
abs   ffffffff  __TI_prof_data_start           
0     00008d87  __TI_zero_init_nomemset        
n/a   UNDEFED   __c_args__                     
0     00008da0  __relaxed_cosf                 
0     00008dab  __relaxed_sinf                 
0     00000400  __stack                        
0     00008d94  _args_main                     
0     00008d2c  _c_int00                       
0     0000aa20  _lock                          
0     00009309  _nop                           
0     00009305  _register_lock                 
0     00009301  _register_unlock               
0     00008ffc  _system_post_cinit             
0     00008ffa  _system_pre_init               
0     0000aa22  _unlock                        
0     00008c26  abort                          
0     00008000  adcA1ISR                       
0     00008327  adcB1ISR                       
0     0000a824  angle_out                      
0     0000aa00  boost_mode                     
0     00000000  code_start                     
0     0000a818  d_a                            
0     0000aa04  d_a_fixed                      
0     0000a81a  d_b                            
0     0000aa06  d_b_fixed                      
0     0000a81e  d_boost                        
0     0000aa0a  d_boost_fixed                  
0     0000a81c  d_c                            
0     0000aa08  d_c_fixed                      
0     0000aa02  dacBits                        
0     0000aa10  error_IL                       
0     00008c28  exit                           
0     00008c74  hall_init                      
0     00008800  hall_update                    
0     00008bfd  initADC                        
0     00008720  initADCSOC                     
0     00008d13  initDAC                        
0     0000843e  initEPWM                       
0     0000aa01  inv_mode                       
0     0000a812  m_a                            
0     0000a814  m_b                            
0     0000a816  m_c                            
0     00008b17  main                           
0     00008cdb  memcpy                         
0     0000aa18  motor_recon                    
0     0000aa14  omega_fixed                    
0     0000a822  omega_out                      
0     0000aa0e  pi_IL_out                      
0     00008c99  pi_init                        
0     00008988  pi_update                      
0     00008540  routeGPIOs                     
0     0000a820  sector_out                     
0     0000aa12  theta_fixed                    
0     0000a810  throttle                       
0     0000aa16  v_ac                           


GLOBAL SYMBOLS: SORTED BY Symbol Address 

page  address   name                           
----  -------   ----                           
0     00000000  code_start                     
0     00000128  F28x_usDelay                   
0     0000013e  __TI_Handler_Table_Base        
0     00000144  __TI_Handler_Table_Limit       
0     0000014c  __TI_CINIT_Base                
0     00000158  __TI_CINIT_Limit               
0     00000158  __TI_CINIT_Warm                
0     00000400  __stack                        
0     00000600  __TI_STACK_END                 
0     00008000  adcA1ISR                       
0     000081ec  SetVREF                        
0     00008327  adcB1ISR                       
0     0000843e  initEPWM                       
0     00008540  routeGPIOs                     
0     0000863a  InitSysPll                     
0     00008720  initADCSOC                     
0     000087e1  InitPieCtrl                    
0     00008800  hall_update                    
0     000088e1  IsPLLValid                     
0     00008988  pi_update                      
0     00008a23  InitPeripheralClocks           
0     00008a9e  ComputeCntrSeedValue           
0     00008b17  main                           
0     00008b61  InitGpio                       
0     00008ba4  __TI_decompress_lzss           
0     00008bd2  __TI_auto_init_nobinit_nopinit 
0     00008bfd  initADC                        
0     00008c26  C$$EXIT                        
0     00008c26  abort                          
0     00008c28  exit                           
0     00008c4f  InitPieVectTable               
0     00008c74  hall_init                      
0     00008c99  pi_init                        
0     00008cbb  SysXtalOscSel                  
0     00008cdb  memcpy                         
0     00008d13  initDAC                        
0     00008d2c  _c_int00                       
0     00008d43  InitSysCtrl                    
0     00008d58  SysXtalOscSESel                
0     00008d6d  DisableDog                     
0     00008d7a  EMPTY_ISR                      
0     00008d87  __TI_zero_init_nomemset        
0     00008d94  _args_main                     
0     00008da0  __relaxed_cosf                 
0     00008dab  __relaxed_sinf                 
0     00008db6  ADCA1_ISR                      
0     00008dc0  ADCA2_ISR                      
0     00008dca  ADCA3_ISR                      
0     00008dd4  ADCA4_ISR                      
0     00008dde  ADCA_EVT_ISR                   
0     00008de8  ADCB1_ISR                      
0     00008df2  ADCB2_ISR                      
0     00008dfc  ADCB3_ISR                      
0     00008e06  ADCB4_ISR                      
0     00008e10  ADCB_EVT_ISR                   
0     00008e1a  ADCC1_ISR                      
0     00008e24  ADCC2_ISR                      
0     00008e2e  ADCC3_ISR                      
0     00008e38  ADCC4_ISR                      
0     00008e42  ADCC_EVT_ISR                   
0     00008e4c  ADCD1_ISR                      
0     00008e56  ADCD2_ISR                      
0     00008e60  ADCD3_ISR                      
0     00008e6a  ADCD4_ISR                      
0     00008e74  ADCD_EVT_ISR                   
0     00008e7e  ADCE1_ISR                      
0     00008e88  ADCE2_ISR                      
0     00008e92  ADCE3_ISR                      
0     00008e9c  ADCE4_ISR                      
0     00008ea6  ADCE_EVT_ISR                   
0     00008eb0  AES_SINTREQUEST_ISR            
0     00008eba  CLA1_1_ISR                     
0     00008ec4  CLA1_2_ISR                     
0     00008ece  CLA1_3_ISR                     
0     00008ed8  CLA1_4_ISR                     
0     00008ee2  CLA1_5_ISR                     
0     00008eec  CLA1_6_ISR                     
0     00008ef6  CLA1_7_ISR                     
0     00008f00  CLA1_8_ISR                     
0     00008f0a  CLB1_ISR                       
0     00008f14  CLB2_ISR                       
0     00008f1e  DATALOG_ISR                    
0     00008f28  DCC0_ISR                       
0     00008f32  DCC1_ISR                       
0     00008f3c  DMA_CH1_ISR                    
0     00008f46  DMA_CH2_ISR                    
0     00008f50  DMA_CH3_ISR                    
0     00008f5a  DMA_CH4_ISR                    
0     00008f64  DMA_CH5_ISR                    
0     00008f6e  DMA_CH6_ISR                    
0     00008f78  ECAP1_ISR                      
0     00008f82  ECAP2_ISR                      
0     00008f8c  EMU_ISR                        
0     00008f96  EPWM10_ISR                     
0     00008fa0  EPWM10_TZ_ISR                  
0     00008faa  EPWM11_ISR                     
0     00008fb4  EPWM11_TZ_ISR                  
0     00008fbe  EPWM12_ISR                     
0     00008fc8  EPWM12_TZ_ISR                  
0     00008fd2  EPWM1_ISR                      
0     00008fdc  EPWM1_TZ_ISR                   
0     00008fe6  EPWM2_ISR                      
0     00008ff0  EPWM2_TZ_ISR                   
0     00008ffa  _system_pre_init               
0     00008ffc  _system_post_cinit             
0     00009000  EPWM3_ISR                      
0     0000900a  EPWM3_TZ_ISR                   
0     00009014  EPWM4_ISR                      
0     0000901e  EPWM4_TZ_ISR                   
0     00009028  EPWM5_ISR                      
0     00009032  EPWM5_TZ_ISR                   
0     0000903c  EPWM6_ISR                      
0     00009046  EPWM6_TZ_ISR                   
0     00009050  EPWM7_ISR                      
0     0000905a  EPWM7_TZ_ISR                   
0     00009064  EPWM8_ISR                      
0     0000906e  EPWM8_TZ_ISR                   
0     00009078  EPWM9_ISR                      
0     00009082  EPWM9_TZ_ISR                   
0     0000908c  EQEP1_ISR                      
0     00009096  EQEP2_ISR                      
0     000090a0  EQEP3_ISR                      
0     000090aa  FLSS_ISR                       
0     000090b4  FSIRXA1_ISR                    
0     000090be  FSIRXA2_ISR                    
0     000090c8  FSITXA1_ISR                    
0     000090d2  FSITXA2_ISR                    
0     000090dc  I2CA_FIFO_ISR                  
0     000090e6  I2CA_ISR                       
0     000090f0  I2CB_FIFO_ISR                  
0     000090fa  I2CB_ISR                       
0     00009104  ILLEGAL_ISR                    
0     0000910e  LINA_0_ISR                     
0     00009118  LINA_1_ISR                     
0     00009122  MCANA_0_ISR                    
0     0000912c  MCANA_1_ISR                    
0     00009136  MCANA_ECC_ISR                  
0     00009140  MCANA_WAKE_ISR                 
0     0000914a  MCANB_0_ISR                    
0     00009154  MCANB_1_ISR                    
0     0000915e  MCANB_ECC_ISR                  
0     00009168  MCANB_WAKE_ISR                 
0     00009172  NMI_ISR                        
0     0000917c  NOTUSED_ISR                    
0     00009186  PIE_RESERVED_ISR               
0     00009190  PMBUSA_ISR                     
0     0000919a  RTOS_ISR                       
0     000091a4  SCIA_RX_ISR                    
0     000091ae  SCIA_TX_ISR                    
0     000091b8  SCIB_RX_ISR                    
0     000091c2  SCIB_TX_ISR                    
0     000091cc  SCIC_RX_ISR                    
0     000091d6  SCIC_TX_ISR                    
0     000091e0  SPIA_RX_ISR                    
0     000091ea  SPIA_TX_ISR                    
0     000091f4  SPIB_RX_ISR                    
0     000091fe  SPIB_TX_ISR                    
0     00009208  SYS_ERR_ISR                    
0     00009212  TIMER0_ISR                     
0     0000921c  TIMER1_ISR                     
0     00009226  TIMER2_ISR                     
0     00009230  USBA_ISR                       
0     0000923a  USER10_ISR                     
0     00009244  USER11_ISR                     
0     0000924e  USER12_ISR                     
0     00009258  USER1_ISR                      
0     00009262  USER2_ISR                      
0     0000926c  USER3_ISR                      
0     00009276  USER4_ISR                      
0     00009280  USER5_ISR                      
0     0000928a  USER6_ISR                      
0     00009294  USER7_ISR                      
0     0000929e  USER8_ISR                      
0     000092a8  USER9_ISR                      
0     000092b2  VCU_ISR                        
0     000092bc  WAKE_ISR                       
0     000092c6  XINT1_ISR                      
0     000092d0  XINT2_ISR                      
0     000092da  XINT3_ISR                      
0     000092e4  XINT4_ISR                      
0     000092ee  XINT5_ISR                      
0     000092f8  SysIntOsc1Sel                  
0     00009301  _register_unlock               
0     00009305  _register_lock                 
0     00009309  _nop                           
0     0000930a  __TI_decompress_none           
0     0000931a  SysIntOsc2Sel                  
0     0000a800  HallA                          
0     0000a801  HallB                          
0     0000a802  HallC                          
0     0000a804  Vin                            
0     0000a806  Vout                           
0     0000a808  IL                             
0     0000a80a  Ia                             
0     0000a80c  Ib                             
0     0000a80e  Ic                             
0     0000a810  throttle                       
0     0000a812  m_a                            
0     0000a814  m_b                            
0     0000a816  m_c                            
0     0000a818  d_a                            
0     0000a81a  d_b                            
0     0000a81c  d_c                            
0     0000a81e  d_boost                        
0     0000a820  sector_out                     
0     0000a822  omega_out                      
0     0000a824  angle_out                      
0     0000a840  PieVectTableInit               
0     0000aa00  boost_mode                     
0     0000aa01  inv_mode                       
0     0000aa02  dacBits                        
0     0000aa04  d_a_fixed                      
0     0000aa06  d_b_fixed                      
0     0000aa08  d_c_fixed                      
0     0000aa0a  d_boost_fixed                  
0     0000aa0c  IL_ref                         
0     0000aa0e  pi_IL_out                      
0     0000aa10  error_IL                       
0     0000aa12  theta_fixed                    
0     0000aa14  omega_fixed                    
0     0000aa16  v_ac                           
0     0000aa18  motor_recon                    
0     0000aa1a  __TI_enable_exit_profile_output
0     0000aa1c  __TI_cleanup_ptr               
0     0000aa1e  __TI_dtors_ptr                 
0     0000aa20  _lock                          
0     0000aa22  _unlock                        
1     00000ce0  PieCtrlRegs                    
1     00000d00  PieVectTable                   
1     00001800  AdcaResultRegs                 
1     00001880  AdcbResultRegs                 
1     00003000  Clb1LogicCfgRegs               
1     00003100  Clb1LogicCtrlRegs              
1     00004000  EPwm1Regs                      
1     00004200  EPwm3Regs                      
1     00004600  EPwm7Regs                      
1     00004700  EPwm8Regs                      
1     00005c00  DacaRegs                       
1     00006a00  AdccRegs                       
1     00006c00  AdcdRegs                       
1     00006e00  AdceRegs                       
1     00007000  WdRegs                         
1     00007400  AdcaRegs                       
1     00007600  AdcbRegs                       
1     00007900  InputXbarRegs                  
1     00007a80  OutputXbarRegs                 
1     00007bc0  ClbOutputXbarRegs              
1     00007c00  GpioCtrlRegs                   
1     00007f00  GpioDataRegs                   
1     0005d200  ClkCfgRegs                     
1     0005d300  CpuSysRegs                     
1     0005d700  AnalogSubsysRegs               
1     0005e700  Dcc0Regs                       
1     0005e740  Dcc1Regs                       
abs   00000200  __TI_STACK_SIZE                
abs   ffffffff  __TI_pprof_out_hndl            
abs   ffffffff  __TI_prof_data_size            
abs   ffffffff  __TI_prof_data_start           
n/a   UNDEFED   __c_args__                     

[259 symbols]
