<?xml version="1.0" encoding="ISO-8859-1" ?>
<link_info>
   <banner>TMS320C2000 Linker PC v22.6.2.LTS</banner>
   <copyright>Copyright (c) 1996-2018 Texas Instruments Incorporated</copyright>
   <link_time>0x69e270ff</link_time>
   <link_errors>0x0</link_errors>
   <output_file>starter_code_v2_pwm_adc_gd.out</output_file>
   <entry_point>
      <name>code_start</name>
      <address>0x0</address>
   </entry_point>
   <input_file_list>
      <input_file id="fl-2">
         <path>.\</path>
         <kind>object</kind>
         <file>dq_controller.obj</file>
         <name>dq_controller.obj</name>
      </input_file>
      <input_file id="fl-3">
         <path>.\</path>
         <kind>object</kind>
         <file>f28p55x_adc.obj</file>
         <name>f28p55x_adc.obj</name>
      </input_file>
      <input_file id="fl-4">
         <path>.\</path>
         <kind>object</kind>
         <file>f28p55x_codestartbranch.obj</file>
         <name>f28p55x_codestartbranch.obj</name>
      </input_file>
      <input_file id="fl-5">
         <path>.\</path>
         <kind>object</kind>
         <file>f28p55x_cputimers.obj</file>
         <name>f28p55x_cputimers.obj</name>
      </input_file>
      <input_file id="fl-6">
         <path>.\</path>
         <kind>object</kind>
         <file>f28p55x_defaultisr.obj</file>
         <name>f28p55x_defaultisr.obj</name>
      </input_file>
      <input_file id="fl-7">
         <path>.\</path>
         <kind>object</kind>
         <file>f28p55x_dma.obj</file>
         <name>f28p55x_dma.obj</name>
      </input_file>
      <input_file id="fl-8">
         <path>.\</path>
         <kind>object</kind>
         <file>f28p55x_epwm.obj</file>
         <name>f28p55x_epwm.obj</name>
      </input_file>
      <input_file id="fl-9">
         <path>.\</path>
         <kind>object</kind>
         <file>f28p55x_globalvariabledefs.obj</file>
         <name>f28p55x_globalvariabledefs.obj</name>
      </input_file>
      <input_file id="fl-a">
         <path>.\</path>
         <kind>object</kind>
         <file>f28p55x_gpio.obj</file>
         <name>f28p55x_gpio.obj</name>
      </input_file>
      <input_file id="fl-b">
         <path>.\</path>
         <kind>object</kind>
         <file>f28p55x_piectrl.obj</file>
         <name>f28p55x_piectrl.obj</name>
      </input_file>
      <input_file id="fl-c">
         <path>.\</path>
         <kind>object</kind>
         <file>f28p55x_pievect.obj</file>
         <name>f28p55x_pievect.obj</name>
      </input_file>
      <input_file id="fl-d">
         <path>.\</path>
         <kind>object</kind>
         <file>f28p55x_sysctrl.obj</file>
         <name>f28p55x_sysctrl.obj</name>
      </input_file>
      <input_file id="fl-e">
         <path>.\</path>
         <kind>object</kind>
         <file>f28p55x_tempsensorconv.obj</file>
         <name>f28p55x_tempsensorconv.obj</name>
      </input_file>
      <input_file id="fl-f">
         <path>.\</path>
         <kind>object</kind>
         <file>f28p55x_usdelay.obj</file>
         <name>f28p55x_usdelay.obj</name>
      </input_file>
      <input_file id="fl-10">
         <path>.\</path>
         <kind>object</kind>
         <file>hall_estimator.obj</file>
         <name>hall_estimator.obj</name>
      </input_file>
      <input_file id="fl-11">
         <path>.\</path>
         <kind>object</kind>
         <file>main.obj</file>
         <name>main.obj</name>
      </input_file>
      <input_file id="fl-16">
         <kind>object</kind>
         <file>&lt;internal&gt;</file>
         <name>&lt;internal&gt;</name>
      </input_file>
      <input_file id="fl-22">
         <path>C:\ti\ccs2020\ccs\tools\compiler\ti-cgt-c2000_22.6.2.LTS\lib\</path>
         <kind>archive</kind>
         <file>rts2800_fpu32_eabi.lib</file>
         <name>s_cos.c.obj</name>
      </input_file>
      <input_file id="fl-23">
         <path>C:\ti\ccs2020\ccs\tools\compiler\ti-cgt-c2000_22.6.2.LTS\lib\</path>
         <kind>archive</kind>
         <file>rts2800_fpu32_eabi.lib</file>
         <name>s_sin.c.obj</name>
      </input_file>
      <input_file id="fl-24">
         <path>C:\ti\ccs2020\ccs\tools\compiler\ti-cgt-c2000_22.6.2.LTS\lib\</path>
         <kind>archive</kind>
         <file>rts2800_fpu32_eabi.lib</file>
         <name>boot28.asm.obj</name>
      </input_file>
      <input_file id="fl-25">
         <path>C:\ti\ccs2020\ccs\tools\compiler\ti-cgt-c2000_22.6.2.LTS\lib\</path>
         <kind>archive</kind>
         <file>rts2800_fpu32_eabi.lib</file>
         <name>fd_add28.asm.obj</name>
      </input_file>
      <input_file id="fl-26">
         <path>C:\ti\ccs2020\ccs\tools\compiler\ti-cgt-c2000_22.6.2.LTS\lib\</path>
         <kind>archive</kind>
         <file>rts2800_fpu32_eabi.lib</file>
         <name>fd_cmp28.asm.obj</name>
      </input_file>
      <input_file id="fl-27">
         <path>C:\ti\ccs2020\ccs\tools\compiler\ti-cgt-c2000_22.6.2.LTS\lib\</path>
         <kind>archive</kind>
         <file>rts2800_fpu32_eabi.lib</file>
         <name>fd_mpy28.asm.obj</name>
      </input_file>
      <input_file id="fl-28">
         <path>C:\ti\ccs2020\ccs\tools\compiler\ti-cgt-c2000_22.6.2.LTS\lib\</path>
         <kind>archive</kind>
         <file>rts2800_fpu32_eabi.lib</file>
         <name>fd_neg28.asm.obj</name>
      </input_file>
      <input_file id="fl-29">
         <path>C:\ti\ccs2020\ccs\tools\compiler\ti-cgt-c2000_22.6.2.LTS\lib\</path>
         <kind>archive</kind>
         <file>rts2800_fpu32_eabi.lib</file>
         <name>fd_sub28.asm.obj</name>
      </input_file>
      <input_file id="fl-2a">
         <path>C:\ti\ccs2020\ccs\tools\compiler\ti-cgt-c2000_22.6.2.LTS\lib\</path>
         <kind>archive</kind>
         <file>rts2800_fpu32_eabi.lib</file>
         <name>fd_toi28.asm.obj</name>
      </input_file>
      <input_file id="fl-2b">
         <path>C:\ti\ccs2020\ccs\tools\compiler\ti-cgt-c2000_22.6.2.LTS\lib\</path>
         <kind>archive</kind>
         <file>rts2800_fpu32_eabi.lib</file>
         <name>fd_tou28.asm.obj</name>
      </input_file>
      <input_file id="fl-2c">
         <path>C:\ti\ccs2020\ccs\tools\compiler\ti-cgt-c2000_22.6.2.LTS\lib\</path>
         <kind>archive</kind>
         <file>rts2800_fpu32_eabi.lib</file>
         <name>fs_div28.asm.obj</name>
      </input_file>
      <input_file id="fl-2d">
         <path>C:\ti\ccs2020\ccs\tools\compiler\ti-cgt-c2000_22.6.2.LTS\lib\</path>
         <kind>archive</kind>
         <file>rts2800_fpu32_eabi.lib</file>
         <name>ll_cmp28.asm.obj</name>
      </input_file>
      <input_file id="fl-2e">
         <path>C:\ti\ccs2020\ccs\tools\compiler\ti-cgt-c2000_22.6.2.LTS\lib\</path>
         <kind>archive</kind>
         <file>rts2800_fpu32_eabi.lib</file>
         <name>i_tofd28.asm.obj</name>
      </input_file>
      <input_file id="fl-2f">
         <path>C:\ti\ccs2020\ccs\tools\compiler\ti-cgt-c2000_22.6.2.LTS\lib\</path>
         <kind>archive</kind>
         <file>rts2800_fpu32_eabi.lib</file>
         <name>u_tofd28.asm.obj</name>
      </input_file>
      <input_file id="fl-30">
         <path>C:\ti\ccs2020\ccs\tools\compiler\ti-cgt-c2000_22.6.2.LTS\lib\</path>
         <kind>archive</kind>
         <file>rts2800_fpu32_eabi.lib</file>
         <name>l_div28.asm.obj</name>
      </input_file>
      <input_file id="fl-31">
         <path>C:\ti\ccs2020\ccs\tools\compiler\ti-cgt-c2000_22.6.2.LTS\lib\</path>
         <kind>archive</kind>
         <file>rts2800_fpu32_eabi.lib</file>
         <name>fd_div28.asm.obj</name>
      </input_file>
      <input_file id="fl-32">
         <path>C:\ti\ccs2020\ccs\tools\compiler\ti-cgt-c2000_22.6.2.LTS\lib\</path>
         <kind>archive</kind>
         <file>rts2800_fpu32_eabi.lib</file>
         <name>pre_init.c.obj</name>
      </input_file>
      <input_file id="fl-33">
         <path>C:\ti\ccs2020\ccs\tools\compiler\ti-cgt-c2000_22.6.2.LTS\lib\</path>
         <kind>archive</kind>
         <file>rts2800_fpu32_eabi.lib</file>
         <name>autoinit.c.obj</name>
      </input_file>
      <input_file id="fl-34">
         <path>C:\ti\ccs2020\ccs\tools\compiler\ti-cgt-c2000_22.6.2.LTS\lib\</path>
         <kind>archive</kind>
         <file>rts2800_fpu32_eabi.lib</file>
         <name>copy_zero_init.c.obj</name>
      </input_file>
      <input_file id="fl-35">
         <path>C:\ti\ccs2020\ccs\tools\compiler\ti-cgt-c2000_22.6.2.LTS\lib\</path>
         <kind>archive</kind>
         <file>rts2800_fpu32_eabi.lib</file>
         <name>copy_decompress_none.c.obj</name>
      </input_file>
      <input_file id="fl-36">
         <path>C:\ti\ccs2020\ccs\tools\compiler\ti-cgt-c2000_22.6.2.LTS\lib\</path>
         <kind>archive</kind>
         <file>rts2800_fpu32_eabi.lib</file>
         <name>copy_decompress_lzss.c.obj</name>
      </input_file>
      <input_file id="fl-37">
         <path>C:\ti\ccs2020\ccs\tools\compiler\ti-cgt-c2000_22.6.2.LTS\lib\</path>
         <kind>archive</kind>
         <file>rts2800_fpu32_eabi.lib</file>
         <name>e_rem_pio2.c.obj</name>
      </input_file>
      <input_file id="fl-38">
         <path>C:\ti\ccs2020\ccs\tools\compiler\ti-cgt-c2000_22.6.2.LTS\lib\</path>
         <kind>archive</kind>
         <file>rts2800_fpu32_eabi.lib</file>
         <name>k_rem_pio2.c.obj</name>
      </input_file>
      <input_file id="fl-39">
         <path>C:\ti\ccs2020\ccs\tools\compiler\ti-cgt-c2000_22.6.2.LTS\lib\</path>
         <kind>archive</kind>
         <file>rts2800_fpu32_eabi.lib</file>
         <name>exit.c.obj</name>
      </input_file>
      <input_file id="fl-3a">
         <path>C:\ti\ccs2020\ccs\tools\compiler\ti-cgt-c2000_22.6.2.LTS\lib\</path>
         <kind>archive</kind>
         <file>rts2800_fpu32_eabi.lib</file>
         <name>_lock.c.obj</name>
      </input_file>
      <input_file id="fl-3b">
         <path>C:\ti\ccs2020\ccs\tools\compiler\ti-cgt-c2000_22.6.2.LTS\lib\</path>
         <kind>archive</kind>
         <file>rts2800_fpu32_eabi.lib</file>
         <name>args_main.c.obj</name>
      </input_file>
      <input_file id="fl-3c">
         <path>C:\ti\ccs2020\ccs\tools\compiler\ti-cgt-c2000_22.6.2.LTS\lib\</path>
         <kind>archive</kind>
         <file>rts2800_fpu32_eabi.lib</file>
         <name>memset.c.obj</name>
      </input_file>
      <input_file id="fl-3d">
         <path>C:\ti\ccs2020\ccs\tools\compiler\ti-cgt-c2000_22.6.2.LTS\lib\</path>
         <kind>archive</kind>
         <file>rts2800_fpu32_eabi.lib</file>
         <name>k_cos.c.obj</name>
      </input_file>
      <input_file id="fl-3e">
         <path>C:\ti\ccs2020\ccs\tools\compiler\ti-cgt-c2000_22.6.2.LTS\lib\</path>
         <kind>archive</kind>
         <file>rts2800_fpu32_eabi.lib</file>
         <name>k_sin.c.obj</name>
      </input_file>
      <input_file id="fl-3f">
         <path>C:\ti\ccs2020\ccs\tools\compiler\ti-cgt-c2000_22.6.2.LTS\lib\</path>
         <kind>archive</kind>
         <file>rts2800_fpu32_eabi.lib</file>
         <name>s_floor.c.obj</name>
      </input_file>
      <input_file id="fl-40">
         <path>C:\ti\ccs2020\ccs\tools\compiler\ti-cgt-c2000_22.6.2.LTS\lib\</path>
         <kind>archive</kind>
         <file>rts2800_fpu32_eabi.lib</file>
         <name>s_scalbn.c.obj</name>
      </input_file>
      <input_file id="fl-41">
         <path>C:\ti\ccs2020\ccs\tools\compiler\ti-cgt-c2000_22.6.2.LTS\lib\</path>
         <kind>archive</kind>
         <file>rts2800_fpu32_eabi.lib</file>
         <name>fd_tol28.asm.obj</name>
      </input_file>
      <input_file id="fl-42">
         <path>C:\ti\ccs2020\ccs\tools\compiler\ti-cgt-c2000_22.6.2.LTS\lib\</path>
         <kind>archive</kind>
         <file>rts2800_fpu32_eabi.lib</file>
         <name>ll_aox28.asm.obj</name>
      </input_file>
      <input_file id="fl-43">
         <path>C:\ti\ccs2020\ccs\tools\compiler\ti-cgt-c2000_22.6.2.LTS\lib\</path>
         <kind>archive</kind>
         <file>rts2800_fpu32_eabi.lib</file>
         <name>i_div28.asm.obj</name>
      </input_file>
      <input_file id="fl-44">
         <path>C:\ti\ccs2020\ccs\tools\compiler\ti-cgt-c2000_22.6.2.LTS\lib\</path>
         <kind>archive</kind>
         <file>rts2800_fpu32_eabi.lib</file>
         <name>l_tofd28.asm.obj</name>
      </input_file>
      <input_file id="fl-45">
         <path>C:\ti\ccs2020\ccs\tools\compiler\ti-cgt-c2000_22.6.2.LTS\lib\</path>
         <kind>archive</kind>
         <file>rts2800_fpu32_eabi.lib</file>
         <name>cpy_tbl.c.obj</name>
      </input_file>
      <input_file id="fl-46">
         <path>C:\ti\ccs2020\ccs\tools\compiler\ti-cgt-c2000_22.6.2.LTS\lib\</path>
         <kind>archive</kind>
         <file>rts2800_fpu32_eabi.lib</file>
         <name>memcpy.c.obj</name>
      </input_file>
      <input_file id="fl-47">
         <path>C:\ti\ccs2020\ccs\tools\compiler\ti-cgt-c2000_22.6.2.LTS\lib\</path>
         <kind>archive</kind>
         <file>rts2800_fpu32_eabi.lib</file>
         <name>startup.c.obj</name>
      </input_file>
      <input_file id="fl-48">
         <path>C:\ti\ccs2020\ccs\tools\compiler\ti-cgt-c2000_22.6.2.LTS\lib\</path>
         <kind>archive</kind>
         <file>rts2800_fpu32_eabi.lib</file>
         <name>errno.c.obj</name>
      </input_file>
      <input_file id="fl-49">
         <path>C:\ti\ccs2020\ccs\tools\compiler\ti-cgt-c2000_22.6.2.LTS\lib\</path>
         <kind>archive</kind>
         <file>rts2800_fpu32_eabi.lib</file>
         <name>s_copysign.c.obj</name>
      </input_file>
   </input_file_list>
   <object_component_list>
      <object_component id="oc-a8">
         <name>codestart</name>
         <load_address>0x0</load_address>
         <run_address>0x0</run_address>
         <size>0x2</size>
         <input_file_ref idref="fl-4"/>
      </object_component>
      <object_component id="oc-4ca">
         <name>.text:initEPWM</name>
         <load_address>0x8000</load_address>
         <run_address>0x8000</run_address>
         <size>0x154</size>
         <input_file_ref idref="fl-11"/>
      </object_component>
      <object_component id="oc-545">
         <name>.text:SetVREF</name>
         <load_address>0x8154</load_address>
         <run_address>0x8154</run_address>
         <size>0x13b</size>
         <input_file_ref idref="fl-3"/>
      </object_component>
      <object_component id="oc-3e6">
         <name>.text:adcA1ISR</name>
         <load_address>0x828f</load_address>
         <run_address>0x828f</run_address>
         <size>0x121</size>
         <input_file_ref idref="fl-11"/>
      </object_component>
      <object_component id="oc-4d6">
         <name>.text:routeGPIOs</name>
         <load_address>0x83b0</load_address>
         <run_address>0x83b0</run_address>
         <size>0xf2</size>
         <input_file_ref idref="fl-11"/>
      </object_component>
      <object_component id="oc-52f">
         <name>.text:InitSysPll</name>
         <load_address>0x84a2</load_address>
         <run_address>0x84a2</run_address>
         <size>0xe6</size>
         <input_file_ref idref="fl-d"/>
      </object_component>
      <object_component id="oc-4d0">
         <name>.text:initADCSOC</name>
         <load_address>0x8588</load_address>
         <run_address>0x8588</run_address>
         <size>0xc1</size>
         <input_file_ref idref="fl-11"/>
      </object_component>
      <object_component id="oc-5cb">
         <name>.text:IsPLLValid</name>
         <load_address>0x8649</load_address>
         <run_address>0x8649</run_address>
         <size>0xa0</size>
         <input_file_ref idref="fl-d"/>
      </object_component>
      <object_component id="oc-3da">
         <name>.text:adcB1ISR</name>
         <load_address>0x86e9</load_address>
         <run_address>0x86e9</run_address>
         <size>0xa0</size>
         <input_file_ref idref="fl-11"/>
      </object_component>
      <object_component id="oc-652">
         <name>.text:ComputeCntrSeedValue</name>
         <load_address>0x8789</load_address>
         <run_address>0x8789</run_address>
         <size>0x77</size>
         <input_file_ref idref="fl-d"/>
      </object_component>
      <object_component id="oc-55c">
         <name>.text</name>
         <load_address>0x8800</load_address>
         <run_address>0x8800</run_address>
         <size>0x8b</size>
         <input_file_ref idref="fl-31"/>
      </object_component>
      <object_component id="oc-64d">
         <name>.text</name>
         <load_address>0x888b</load_address>
         <run_address>0x888b</run_address>
         <size>0x88</size>
         <input_file_ref idref="fl-2c"/>
      </object_component>
      <object_component id="oc-557">
         <name>.text</name>
         <load_address>0x8913</load_address>
         <run_address>0x8913</run_address>
         <size>0x83</size>
         <input_file_ref idref="fl-27"/>
      </object_component>
      <object_component id="oc-535">
         <name>.text:InitPeripheralClocks</name>
         <load_address>0x8996</load_address>
         <run_address>0x8996</run_address>
         <size>0x7b</size>
         <input_file_ref idref="fl-d"/>
      </object_component>
      <object_component id="oc-4b2">
         <name>.text:InitGpio</name>
         <load_address>0x8a11</load_address>
         <run_address>0x8a11</run_address>
         <size>0x43</size>
         <input_file_ref idref="fl-a"/>
      </object_component>
      <object_component id="oc-3db">
         <name>.text:main</name>
         <load_address>0x8a54</load_address>
         <run_address>0x8a54</run_address>
         <size>0x32</size>
         <input_file_ref idref="fl-11"/>
      </object_component>
      <object_component id="oc-9b">
         <name>.text:decompress:lzss</name>
         <load_address>0x8a86</load_address>
         <run_address>0x8a86</run_address>
         <size>0x2e</size>
         <input_file_ref idref="fl-36"/>
      </object_component>
      <object_component id="oc-5ff">
         <name>.text:__TI_auto_init_nobinit_nopinit</name>
         <load_address>0x8ab4</load_address>
         <run_address>0x8ab4</run_address>
         <size>0x2b</size>
         <input_file_ref idref="fl-33"/>
      </object_component>
      <object_component id="oc-4c4">
         <name>.text:initADC</name>
         <load_address>0x8adf</load_address>
         <run_address>0x8adf</run_address>
         <size>0x29</size>
         <input_file_ref idref="fl-11"/>
      </object_component>
      <object_component id="oc-5a2">
         <name>.text</name>
         <load_address>0x8b08</load_address>
         <run_address>0x8b08</run_address>
         <size>0x29</size>
         <input_file_ref idref="fl-39"/>
      </object_component>
      <object_component id="oc-4be">
         <name>.text:InitPieVectTable</name>
         <load_address>0x8b31</load_address>
         <run_address>0x8b31</run_address>
         <size>0x25</size>
         <input_file_ref idref="fl-c"/>
      </object_component>
      <object_component id="oc-5bf">
         <name>.text:SysXtalOscSel</name>
         <load_address>0x8b56</load_address>
         <run_address>0x8b56</run_address>
         <size>0x20</size>
         <input_file_ref idref="fl-d"/>
      </object_component>
      <object_component id="oc-4b8">
         <name>.text:InitPieCtrl</name>
         <load_address>0x8b76</load_address>
         <run_address>0x8b76</run_address>
         <size>0x1f</size>
         <input_file_ref idref="fl-b"/>
      </object_component>
      <object_component id="oc-3ef">
         <name>.text</name>
         <load_address>0x8b95</load_address>
         <run_address>0x8b95</run_address>
         <size>0x1d</size>
         <input_file_ref idref="fl-46"/>
      </object_component>
      <object_component id="oc-63f">
         <name>.text:PollX1Counter</name>
         <load_address>0x8bb2</load_address>
         <run_address>0x8bb2</run_address>
         <size>0x1b</size>
         <input_file_ref idref="fl-d"/>
      </object_component>
      <object_component id="oc-561">
         <name>.text</name>
         <load_address>0x8bcd</load_address>
         <run_address>0x8bcd</run_address>
         <size>0x1a</size>
         <input_file_ref idref="fl-2b"/>
      </object_component>
      <object_component id="oc-4dc">
         <name>.text:initDAC</name>
         <load_address>0x8be7</load_address>
         <run_address>0x8be7</run_address>
         <size>0x19</size>
         <input_file_ref idref="fl-11"/>
      </object_component>
      <object_component id="oc-50c">
         <name>.text</name>
         <load_address>0x8c00</load_address>
         <run_address>0x8c00</run_address>
         <size>0x17</size>
         <input_file_ref idref="fl-24"/>
      </object_component>
      <object_component id="oc-551">
         <name>.text</name>
         <load_address>0x8c17</load_address>
         <run_address>0x8c17</run_address>
         <size>0x17</size>
         <input_file_ref idref="fl-2f"/>
      </object_component>
      <object_component id="oc-4ac">
         <name>.text:InitSysCtrl</name>
         <load_address>0x8c2e</load_address>
         <run_address>0x8c2e</run_address>
         <size>0x15</size>
         <input_file_ref idref="fl-d"/>
      </object_component>
      <object_component id="oc-5c5">
         <name>.text:SysXtalOscSESel</name>
         <load_address>0x8c43</load_address>
         <run_address>0x8c43</run_address>
         <size>0x15</size>
         <input_file_ref idref="fl-d"/>
      </object_component>
      <object_component id="oc-529">
         <name>.text:DisableDog</name>
         <load_address>0x8c58</load_address>
         <run_address>0x8c58</run_address>
         <size>0xd</size>
         <input_file_ref idref="fl-d"/>
      </object_component>
      <object_component id="oc-3ce">
         <name>.text:EMPTY_ISR</name>
         <load_address>0x8c65</load_address>
         <run_address>0x8c65</run_address>
         <size>0xd</size>
         <input_file_ref idref="fl-6"/>
      </object_component>
      <object_component id="oc-3f7">
         <name>.text:decompress:ZI:__TI_zero_init_nomemset</name>
         <load_address>0x8c72</load_address>
         <run_address>0x8c72</run_address>
         <size>0xd</size>
         <input_file_ref idref="fl-34"/>
      </object_component>
      <object_component id="oc-59c">
         <name>.text</name>
         <load_address>0x8c7f</load_address>
         <run_address>0x8c7f</run_address>
         <size>0xc</size>
         <input_file_ref idref="fl-3b"/>
      </object_component>
      <object_component id="oc-122">
         <name>.text:ADCA1_ISR</name>
         <load_address>0x8c8b</load_address>
         <run_address>0x8c8b</run_address>
         <size>0xa</size>
         <input_file_ref idref="fl-6"/>
      </object_component>
      <object_component id="oc-278">
         <name>.text:ADCA2_ISR</name>
         <load_address>0x8c95</load_address>
         <run_address>0x8c95</run_address>
         <size>0xa</size>
         <input_file_ref idref="fl-6"/>
      </object_component>
      <object_component id="oc-27e">
         <name>.text:ADCA3_ISR</name>
         <load_address>0x8c9f</load_address>
         <run_address>0x8c9f</run_address>
         <size>0xa</size>
         <input_file_ref idref="fl-6"/>
      </object_component>
      <object_component id="oc-284">
         <name>.text:ADCA4_ISR</name>
         <load_address>0x8ca9</load_address>
         <run_address>0x8ca9</run_address>
         <size>0xa</size>
         <input_file_ref idref="fl-6"/>
      </object_component>
      <object_component id="oc-272">
         <name>.text:ADCA_EVT_ISR</name>
         <load_address>0x8cb3</load_address>
         <run_address>0x8cb3</run_address>
         <size>0xa</size>
         <input_file_ref idref="fl-6"/>
      </object_component>
      <object_component id="oc-128">
         <name>.text:ADCB1_ISR</name>
         <load_address>0x8cbd</load_address>
         <run_address>0x8cbd</run_address>
         <size>0xa</size>
         <input_file_ref idref="fl-6"/>
      </object_component>
      <object_component id="oc-290">
         <name>.text:ADCB2_ISR</name>
         <load_address>0x8cc7</load_address>
         <run_address>0x8cc7</run_address>
         <size>0xa</size>
         <input_file_ref idref="fl-6"/>
      </object_component>
      <object_component id="oc-296">
         <name>.text:ADCB3_ISR</name>
         <load_address>0x8cd1</load_address>
         <run_address>0x8cd1</run_address>
         <size>0xa</size>
         <input_file_ref idref="fl-6"/>
      </object_component>
      <object_component id="oc-29c">
         <name>.text:ADCB4_ISR</name>
         <load_address>0x8cdb</load_address>
         <run_address>0x8cdb</run_address>
         <size>0xa</size>
         <input_file_ref idref="fl-6"/>
      </object_component>
      <object_component id="oc-28a">
         <name>.text:ADCB_EVT_ISR</name>
         <load_address>0x8ce5</load_address>
         <run_address>0x8ce5</run_address>
         <size>0xa</size>
         <input_file_ref idref="fl-6"/>
      </object_component>
      <object_component id="oc-12e">
         <name>.text:ADCC1_ISR</name>
         <load_address>0x8cef</load_address>
         <run_address>0x8cef</run_address>
         <size>0xa</size>
         <input_file_ref idref="fl-6"/>
      </object_component>
      <object_component id="oc-380">
         <name>.text:ADCC2_ISR</name>
         <load_address>0x8cf9</load_address>
         <run_address>0x8cf9</run_address>
         <size>0xa</size>
         <input_file_ref idref="fl-6"/>
      </object_component>
      <object_component id="oc-386">
         <name>.text:ADCC3_ISR</name>
         <load_address>0x8d03</load_address>
         <run_address>0x8d03</run_address>
         <size>0xa</size>
         <input_file_ref idref="fl-6"/>
      </object_component>
      <object_component id="oc-38c">
         <name>.text:ADCC4_ISR</name>
         <load_address>0x8d0d</load_address>
         <run_address>0x8d0d</run_address>
         <size>0xa</size>
         <input_file_ref idref="fl-6"/>
      </object_component>
      <object_component id="oc-37a">
         <name>.text:ADCC_EVT_ISR</name>
         <load_address>0x8d17</load_address>
         <run_address>0x8d17</run_address>
         <size>0xa</size>
         <input_file_ref idref="fl-6"/>
      </object_component>
      <object_component id="oc-2fc">
         <name>.text:ADCD1_ISR</name>
         <load_address>0x8d21</load_address>
         <run_address>0x8d21</run_address>
         <size>0xa</size>
         <input_file_ref idref="fl-6"/>
      </object_component>
      <object_component id="oc-398">
         <name>.text:ADCD2_ISR</name>
         <load_address>0x8d2b</load_address>
         <run_address>0x8d2b</run_address>
         <size>0xa</size>
         <input_file_ref idref="fl-6"/>
      </object_component>
      <object_component id="oc-39e">
         <name>.text:ADCD3_ISR</name>
         <load_address>0x8d35</load_address>
         <run_address>0x8d35</run_address>
         <size>0xa</size>
         <input_file_ref idref="fl-6"/>
      </object_component>
      <object_component id="oc-3a4">
         <name>.text:ADCD4_ISR</name>
         <load_address>0x8d3f</load_address>
         <run_address>0x8d3f</run_address>
         <size>0xa</size>
         <input_file_ref idref="fl-6"/>
      </object_component>
      <object_component id="oc-392">
         <name>.text:ADCD_EVT_ISR</name>
         <load_address>0x8d49</load_address>
         <run_address>0x8d49</run_address>
         <size>0xa</size>
         <input_file_ref idref="fl-6"/>
      </object_component>
      <object_component id="oc-302">
         <name>.text:ADCE1_ISR</name>
         <load_address>0x8d53</load_address>
         <run_address>0x8d53</run_address>
         <size>0xa</size>
         <input_file_ref idref="fl-6"/>
      </object_component>
      <object_component id="oc-3b0">
         <name>.text:ADCE2_ISR</name>
         <load_address>0x8d5d</load_address>
         <run_address>0x8d5d</run_address>
         <size>0xa</size>
         <input_file_ref idref="fl-6"/>
      </object_component>
      <object_component id="oc-3b6">
         <name>.text:ADCE3_ISR</name>
         <load_address>0x8d67</load_address>
         <run_address>0x8d67</run_address>
         <size>0xa</size>
         <input_file_ref idref="fl-6"/>
      </object_component>
      <object_component id="oc-3bc">
         <name>.text:ADCE4_ISR</name>
         <load_address>0x8d71</load_address>
         <run_address>0x8d71</run_address>
         <size>0xa</size>
         <input_file_ref idref="fl-6"/>
      </object_component>
      <object_component id="oc-3aa">
         <name>.text:ADCE_EVT_ISR</name>
         <load_address>0x8d7b</load_address>
         <run_address>0x8d7b</run_address>
         <size>0xa</size>
         <input_file_ref idref="fl-6"/>
      </object_component>
      <object_component id="oc-3c2">
         <name>.text:AES_SINTREQUEST_ISR</name>
         <load_address>0x8d85</load_address>
         <run_address>0x8d85</run_address>
         <size>0xa</size>
         <input_file_ref idref="fl-6"/>
      </object_component>
      <object_component id="oc-2a2">
         <name>.text:CLA1_1_ISR</name>
         <load_address>0x8d8f</load_address>
         <run_address>0x8d8f</run_address>
         <size>0xa</size>
         <input_file_ref idref="fl-6"/>
      </object_component>
      <object_component id="oc-2a8">
         <name>.text:CLA1_2_ISR</name>
         <load_address>0x8d99</load_address>
         <run_address>0x8d99</run_address>
         <size>0xa</size>
         <input_file_ref idref="fl-6"/>
      </object_component>
      <object_component id="oc-2ae">
         <name>.text:CLA1_3_ISR</name>
         <load_address>0x8da3</load_address>
         <run_address>0x8da3</run_address>
         <size>0xa</size>
         <input_file_ref idref="fl-6"/>
      </object_component>
      <object_component id="oc-2b4">
         <name>.text:CLA1_4_ISR</name>
         <load_address>0x8dad</load_address>
         <run_address>0x8dad</run_address>
         <size>0xa</size>
         <input_file_ref idref="fl-6"/>
      </object_component>
      <object_component id="oc-2ba">
         <name>.text:CLA1_5_ISR</name>
         <load_address>0x8db7</load_address>
         <run_address>0x8db7</run_address>
         <size>0xa</size>
         <input_file_ref idref="fl-6"/>
      </object_component>
      <object_component id="oc-2c0">
         <name>.text:CLA1_6_ISR</name>
         <load_address>0x8dc1</load_address>
         <run_address>0x8dc1</run_address>
         <size>0xa</size>
         <input_file_ref idref="fl-6"/>
      </object_component>
      <object_component id="oc-2c6">
         <name>.text:CLA1_7_ISR</name>
         <load_address>0x8dcb</load_address>
         <run_address>0x8dcb</run_address>
         <size>0xa</size>
         <input_file_ref idref="fl-6"/>
      </object_component>
      <object_component id="oc-2cc">
         <name>.text:CLA1_8_ISR</name>
         <load_address>0x8dd5</load_address>
         <run_address>0x8dd5</run_address>
         <size>0xa</size>
         <input_file_ref idref="fl-6"/>
      </object_component>
      <object_component id="oc-1d0">
         <name>.text:CLB1_ISR</name>
         <load_address>0x8ddf</load_address>
         <run_address>0x8ddf</run_address>
         <size>0xa</size>
         <input_file_ref idref="fl-6"/>
      </object_component>
      <object_component id="oc-1d6">
         <name>.text:CLB2_ISR</name>
         <load_address>0x8de9</load_address>
         <run_address>0x8de9</run_address>
         <size>0xa</size>
         <input_file_ref idref="fl-6"/>
      </object_component>
      <object_component id="oc-bc">
         <name>.text:DATALOG_ISR</name>
         <load_address>0x8df3</load_address>
         <run_address>0x8df3</run_address>
         <size>0xa</size>
         <input_file_ref idref="fl-6"/>
      </object_component>
      <object_component id="oc-1f4">
         <name>.text:DCC0_ISR</name>
         <load_address>0x8dfd</load_address>
         <run_address>0x8dfd</run_address>
         <size>0xa</size>
         <input_file_ref idref="fl-6"/>
      </object_component>
      <object_component id="oc-1fa">
         <name>.text:DCC1_ISR</name>
         <load_address>0x8e07</load_address>
         <run_address>0x8e07</run_address>
         <size>0xa</size>
         <input_file_ref idref="fl-6"/>
      </object_component>
      <object_component id="oc-200">
         <name>.text:DMA_CH1_ISR</name>
         <load_address>0x8e11</load_address>
         <run_address>0x8e11</run_address>
         <size>0xa</size>
         <input_file_ref idref="fl-6"/>
      </object_component>
      <object_component id="oc-206">
         <name>.text:DMA_CH2_ISR</name>
         <load_address>0x8e1b</load_address>
         <run_address>0x8e1b</run_address>
         <size>0xa</size>
         <input_file_ref idref="fl-6"/>
      </object_component>
      <object_component id="oc-20c">
         <name>.text:DMA_CH3_ISR</name>
         <load_address>0x8e25</load_address>
         <run_address>0x8e25</run_address>
         <size>0xa</size>
         <input_file_ref idref="fl-6"/>
      </object_component>
      <object_component id="oc-212">
         <name>.text:DMA_CH4_ISR</name>
         <load_address>0x8e2f</load_address>
         <run_address>0x8e2f</run_address>
         <size>0xa</size>
         <input_file_ref idref="fl-6"/>
      </object_component>
      <object_component id="oc-218">
         <name>.text:DMA_CH5_ISR</name>
         <load_address>0x8e39</load_address>
         <run_address>0x8e39</run_address>
         <size>0xa</size>
         <input_file_ref idref="fl-6"/>
      </object_component>
      <object_component id="oc-21e">
         <name>.text:DMA_CH6_ISR</name>
         <load_address>0x8e43</load_address>
         <run_address>0x8e43</run_address>
         <size>0xa</size>
         <input_file_ref idref="fl-6"/>
      </object_component>
      <object_component id="oc-1b2">
         <name>.text:ECAP1_ISR</name>
         <load_address>0x8e4d</load_address>
         <run_address>0x8e4d</run_address>
         <size>0xa</size>
         <input_file_ref idref="fl-6"/>
      </object_component>
      <object_component id="oc-1b8">
         <name>.text:ECAP2_ISR</name>
         <load_address>0x8e57</load_address>
         <run_address>0x8e57</run_address>
         <size>0xa</size>
         <input_file_ref idref="fl-6"/>
      </object_component>
      <object_component id="oc-c8">
         <name>.text:EMU_ISR</name>
         <load_address>0x8e61</load_address>
         <run_address>0x8e61</run_address>
         <size>0xa</size>
         <input_file_ref idref="fl-6"/>
      </object_component>
      <object_component id="oc-326">
         <name>.text:EPWM10_ISR</name>
         <load_address>0x8e6b</load_address>
         <run_address>0x8e6b</run_address>
         <size>0xa</size>
         <input_file_ref idref="fl-6"/>
      </object_component>
      <object_component id="oc-30e">
         <name>.text:EPWM10_TZ_ISR</name>
         <load_address>0x8e75</load_address>
         <run_address>0x8e75</run_address>
         <size>0xa</size>
         <input_file_ref idref="fl-6"/>
      </object_component>
      <object_component id="oc-32c">
         <name>.text:EPWM11_ISR</name>
         <load_address>0x8e7f</load_address>
         <run_address>0x8e7f</run_address>
         <size>0xa</size>
         <input_file_ref idref="fl-6"/>
      </object_component>
      <object_component id="oc-314">
         <name>.text:EPWM11_TZ_ISR</name>
         <load_address>0x8e89</load_address>
         <run_address>0x8e89</run_address>
         <size>0xa</size>
         <input_file_ref idref="fl-6"/>
      </object_component>
      <object_component id="oc-332">
         <name>.text:EPWM12_ISR</name>
         <load_address>0x8e93</load_address>
         <run_address>0x8e93</run_address>
         <size>0xa</size>
         <input_file_ref idref="fl-6"/>
      </object_component>
      <object_component id="oc-31a">
         <name>.text:EPWM12_TZ_ISR</name>
         <load_address>0x8e9d</load_address>
         <run_address>0x8e9d</run_address>
         <size>0xa</size>
         <input_file_ref idref="fl-6"/>
      </object_component>
      <object_component id="oc-182">
         <name>.text:EPWM1_ISR</name>
         <load_address>0x8ea7</load_address>
         <run_address>0x8ea7</run_address>
         <size>0xa</size>
         <input_file_ref idref="fl-6"/>
      </object_component>
      <object_component id="oc-152">
         <name>.text:EPWM1_TZ_ISR</name>
         <load_address>0x8eb1</load_address>
         <run_address>0x8eb1</run_address>
         <size>0xa</size>
         <input_file_ref idref="fl-6"/>
      </object_component>
      <object_component id="oc-188">
         <name>.text:EPWM2_ISR</name>
         <load_address>0x8ebb</load_address>
         <run_address>0x8ebb</run_address>
         <size>0xa</size>
         <input_file_ref idref="fl-6"/>
      </object_component>
      <object_component id="oc-158">
         <name>.text:EPWM2_TZ_ISR</name>
         <load_address>0x8ec5</load_address>
         <run_address>0x8ec5</run_address>
         <size>0xa</size>
         <input_file_ref idref="fl-6"/>
      </object_component>
      <object_component id="oc-18e">
         <name>.text:EPWM3_ISR</name>
         <load_address>0x8ecf</load_address>
         <run_address>0x8ecf</run_address>
         <size>0xa</size>
         <input_file_ref idref="fl-6"/>
      </object_component>
      <object_component id="oc-15e">
         <name>.text:EPWM3_TZ_ISR</name>
         <load_address>0x8ed9</load_address>
         <run_address>0x8ed9</run_address>
         <size>0xa</size>
         <input_file_ref idref="fl-6"/>
      </object_component>
      <object_component id="oc-194">
         <name>.text:EPWM4_ISR</name>
         <load_address>0x8ee3</load_address>
         <run_address>0x8ee3</run_address>
         <size>0xa</size>
         <input_file_ref idref="fl-6"/>
      </object_component>
      <object_component id="oc-164">
         <name>.text:EPWM4_TZ_ISR</name>
         <load_address>0x8eed</load_address>
         <run_address>0x8eed</run_address>
         <size>0xa</size>
         <input_file_ref idref="fl-6"/>
      </object_component>
      <object_component id="oc-19a">
         <name>.text:EPWM5_ISR</name>
         <load_address>0x8ef7</load_address>
         <run_address>0x8ef7</run_address>
         <size>0xa</size>
         <input_file_ref idref="fl-6"/>
      </object_component>
      <object_component id="oc-16a">
         <name>.text:EPWM5_TZ_ISR</name>
         <load_address>0x8f01</load_address>
         <run_address>0x8f01</run_address>
         <size>0xa</size>
         <input_file_ref idref="fl-6"/>
      </object_component>
      <object_component id="oc-1a0">
         <name>.text:EPWM6_ISR</name>
         <load_address>0x8f0b</load_address>
         <run_address>0x8f0b</run_address>
         <size>0xa</size>
         <input_file_ref idref="fl-6"/>
      </object_component>
      <object_component id="oc-170">
         <name>.text:EPWM6_TZ_ISR</name>
         <load_address>0x8f15</load_address>
         <run_address>0x8f15</run_address>
         <size>0xa</size>
         <input_file_ref idref="fl-6"/>
      </object_component>
      <object_component id="oc-1a6">
         <name>.text:EPWM7_ISR</name>
         <load_address>0x8f1f</load_address>
         <run_address>0x8f1f</run_address>
         <size>0xa</size>
         <input_file_ref idref="fl-6"/>
      </object_component>
      <object_component id="oc-176">
         <name>.text:EPWM7_TZ_ISR</name>
         <load_address>0x8f29</load_address>
         <run_address>0x8f29</run_address>
         <size>0xa</size>
         <input_file_ref idref="fl-6"/>
      </object_component>
      <object_component id="oc-1ac">
         <name>.text:EPWM8_ISR</name>
         <load_address>0x8f33</load_address>
         <run_address>0x8f33</run_address>
         <size>0xa</size>
         <input_file_ref idref="fl-6"/>
      </object_component>
      <object_component id="oc-17c">
         <name>.text:EPWM8_TZ_ISR</name>
         <load_address>0x8f3d</load_address>
         <run_address>0x8f3d</run_address>
         <size>0xa</size>
         <input_file_ref idref="fl-6"/>
      </object_component>
      <object_component id="oc-320">
         <name>.text:EPWM9_ISR</name>
         <load_address>0x8f47</load_address>
         <run_address>0x8f47</run_address>
         <size>0xa</size>
         <input_file_ref idref="fl-6"/>
      </object_component>
      <object_component id="oc-308">
         <name>.text:EPWM9_TZ_ISR</name>
         <load_address>0x8f51</load_address>
         <run_address>0x8f51</run_address>
         <size>0xa</size>
         <input_file_ref idref="fl-6"/>
      </object_component>
      <object_component id="oc-1be">
         <name>.text:EQEP1_ISR</name>
         <load_address>0x8f5b</load_address>
         <run_address>0x8f5b</run_address>
         <size>0xa</size>
         <input_file_ref idref="fl-6"/>
      </object_component>
      <object_component id="oc-1c4">
         <name>.text:EQEP2_ISR</name>
         <load_address>0x8f65</load_address>
         <run_address>0x8f65</run_address>
         <size>0xa</size>
         <input_file_ref idref="fl-6"/>
      </object_component>
      <object_component id="oc-1ca">
         <name>.text:EQEP3_ISR</name>
         <load_address>0x8f6f</load_address>
         <run_address>0x8f6f</run_address>
         <size>0xa</size>
         <input_file_ref idref="fl-6"/>
      </object_component>
      <object_component id="oc-2e4">
         <name>.text:FLSS_ISR</name>
         <load_address>0x8f79</load_address>
         <run_address>0x8f79</run_address>
         <size>0xa</size>
         <input_file_ref idref="fl-6"/>
      </object_component>
      <object_component id="oc-344">
         <name>.text:FSIRXA1_ISR</name>
         <load_address>0x8f83</load_address>
         <run_address>0x8f83</run_address>
         <size>0xa</size>
         <input_file_ref idref="fl-6"/>
      </object_component>
      <object_component id="oc-34a">
         <name>.text:FSIRXA2_ISR</name>
         <load_address>0x8f8d</load_address>
         <run_address>0x8f8d</run_address>
         <size>0xa</size>
         <input_file_ref idref="fl-6"/>
      </object_component>
      <object_component id="oc-338">
         <name>.text:FSITXA1_ISR</name>
         <load_address>0x8f97</load_address>
         <run_address>0x8f97</run_address>
         <size>0xa</size>
         <input_file_ref idref="fl-6"/>
      </object_component>
      <object_component id="oc-33e">
         <name>.text:FSITXA2_ISR</name>
         <load_address>0x8fa1</load_address>
         <run_address>0x8fa1</run_address>
         <size>0xa</size>
         <input_file_ref idref="fl-6"/>
      </object_component>
      <object_component id="oc-230">
         <name>.text:I2CA_FIFO_ISR</name>
         <load_address>0x8fab</load_address>
         <run_address>0x8fab</run_address>
         <size>0xa</size>
         <input_file_ref idref="fl-6"/>
      </object_component>
      <object_component id="oc-22a">
         <name>.text:I2CA_ISR</name>
         <load_address>0x8fb5</load_address>
         <run_address>0x8fb5</run_address>
         <size>0xa</size>
         <input_file_ref idref="fl-6"/>
      </object_component>
      <object_component id="oc-23c">
         <name>.text:I2CB_FIFO_ISR</name>
         <load_address>0x8fbf</load_address>
         <run_address>0x8fbf</run_address>
         <size>0xa</size>
         <input_file_ref idref="fl-6"/>
      </object_component>
      <object_component id="oc-236">
         <name>.text:I2CB_ISR</name>
         <load_address>0x8fc9</load_address>
         <run_address>0x8fc9</run_address>
         <size>0xa</size>
         <input_file_ref idref="fl-6"/>
      </object_component>
      <object_component id="oc-d4">
         <name>.text:ILLEGAL_ISR</name>
         <load_address>0x8fd3</load_address>
         <run_address>0x8fd3</run_address>
         <size>0xa</size>
         <input_file_ref idref="fl-6"/>
      </object_component>
      <object_component id="oc-350">
         <name>.text:LINA_0_ISR</name>
         <load_address>0x8fdd</load_address>
         <run_address>0x8fdd</run_address>
         <size>0xa</size>
         <input_file_ref idref="fl-6"/>
      </object_component>
      <object_component id="oc-356">
         <name>.text:LINA_1_ISR</name>
         <load_address>0x8fe7</load_address>
         <run_address>0x8fe7</run_address>
         <size>0xa</size>
         <input_file_ref idref="fl-6"/>
      </object_component>
      <object_component id="oc-266">
         <name>.text:MCANA_0_ISR</name>
         <load_address>0x8ff1</load_address>
         <run_address>0x8ff1</run_address>
         <size>0xa</size>
         <input_file_ref idref="fl-6"/>
      </object_component>
      <object_component id="oc-595">
         <name>.text</name>
         <load_address>0x8ffb</load_address>
         <run_address>0x8ffb</run_address>
         <size>0x2</size>
         <input_file_ref idref="fl-32"/>
      </object_component>
      <object_component id="oc-665">
         <name>.text</name>
         <load_address>0x8ffd</load_address>
         <run_address>0x8ffd</run_address>
         <size>0x1</size>
         <input_file_ref idref="fl-47"/>
      </object_component>
      <object_component id="oc-26c">
         <name>.text:MCANA_1_ISR</name>
         <load_address>0x9000</load_address>
         <run_address>0x9000</run_address>
         <size>0xa</size>
         <input_file_ref idref="fl-6"/>
      </object_component>
      <object_component id="oc-2f6">
         <name>.text:MCANA_ECC_ISR</name>
         <load_address>0x900a</load_address>
         <run_address>0x900a</run_address>
         <size>0xa</size>
         <input_file_ref idref="fl-6"/>
      </object_component>
      <object_component id="oc-2f0">
         <name>.text:MCANA_WAKE_ISR</name>
         <load_address>0x9014</load_address>
         <run_address>0x9014</run_address>
         <size>0xa</size>
         <input_file_ref idref="fl-6"/>
      </object_component>
      <object_component id="oc-35c">
         <name>.text:MCANB_0_ISR</name>
         <load_address>0x901e</load_address>
         <run_address>0x901e</run_address>
         <size>0xa</size>
         <input_file_ref idref="fl-6"/>
      </object_component>
      <object_component id="oc-362">
         <name>.text:MCANB_1_ISR</name>
         <load_address>0x9028</load_address>
         <run_address>0x9028</run_address>
         <size>0xa</size>
         <input_file_ref idref="fl-6"/>
      </object_component>
      <object_component id="oc-36e">
         <name>.text:MCANB_ECC_ISR</name>
         <load_address>0x9032</load_address>
         <run_address>0x9032</run_address>
         <size>0xa</size>
         <input_file_ref idref="fl-6"/>
      </object_component>
      <object_component id="oc-368">
         <name>.text:MCANB_WAKE_ISR</name>
         <load_address>0x903c</load_address>
         <run_address>0x903c</run_address>
         <size>0xa</size>
         <input_file_ref idref="fl-6"/>
      </object_component>
      <object_component id="oc-ce">
         <name>.text:NMI_ISR</name>
         <load_address>0x9046</load_address>
         <run_address>0x9046</run_address>
         <size>0xa</size>
         <input_file_ref idref="fl-6"/>
      </object_component>
      <object_component id="oc-3d4">
         <name>.text:NOTUSED_ISR</name>
         <load_address>0x9050</load_address>
         <run_address>0x9050</run_address>
         <size>0xa</size>
         <input_file_ref idref="fl-6"/>
      </object_component>
      <object_component id="oc-3c8">
         <name>.text:PIE_RESERVED_ISR</name>
         <load_address>0x905a</load_address>
         <run_address>0x905a</run_address>
         <size>0xa</size>
         <input_file_ref idref="fl-6"/>
      </object_component>
      <object_component id="oc-224">
         <name>.text:PMBUSA_ISR</name>
         <load_address>0x9064</load_address>
         <run_address>0x9064</run_address>
         <size>0xa</size>
         <input_file_ref idref="fl-6"/>
      </object_component>
      <object_component id="oc-c2">
         <name>.text:RTOS_ISR</name>
         <load_address>0x906e</load_address>
         <run_address>0x906e</run_address>
         <size>0xa</size>
         <input_file_ref idref="fl-6"/>
      </object_component>
      <object_component id="oc-24e">
         <name>.text:SCIA_RX_ISR</name>
         <load_address>0x9078</load_address>
         <run_address>0x9078</run_address>
         <size>0xa</size>
         <input_file_ref idref="fl-6"/>
      </object_component>
      <object_component id="oc-254">
         <name>.text:SCIA_TX_ISR</name>
         <load_address>0x9082</load_address>
         <run_address>0x9082</run_address>
         <size>0xa</size>
         <input_file_ref idref="fl-6"/>
      </object_component>
      <object_component id="oc-25a">
         <name>.text:SCIB_RX_ISR</name>
         <load_address>0x908c</load_address>
         <run_address>0x908c</run_address>
         <size>0xa</size>
         <input_file_ref idref="fl-6"/>
      </object_component>
      <object_component id="oc-260">
         <name>.text:SCIB_TX_ISR</name>
         <load_address>0x9096</load_address>
         <run_address>0x9096</run_address>
         <size>0xa</size>
         <input_file_ref idref="fl-6"/>
      </object_component>
      <object_component id="oc-242">
         <name>.text:SCIC_RX_ISR</name>
         <load_address>0x90a0</load_address>
         <run_address>0x90a0</run_address>
         <size>0xa</size>
         <input_file_ref idref="fl-6"/>
      </object_component>
      <object_component id="oc-248">
         <name>.text:SCIC_TX_ISR</name>
         <load_address>0x90aa</load_address>
         <run_address>0x90aa</run_address>
         <size>0xa</size>
         <input_file_ref idref="fl-6"/>
      </object_component>
      <object_component id="oc-1dc">
         <name>.text:SPIA_RX_ISR</name>
         <load_address>0x90b4</load_address>
         <run_address>0x90b4</run_address>
         <size>0xa</size>
         <input_file_ref idref="fl-6"/>
      </object_component>
      <object_component id="oc-1e2">
         <name>.text:SPIA_TX_ISR</name>
         <load_address>0x90be</load_address>
         <run_address>0x90be</run_address>
         <size>0xa</size>
         <input_file_ref idref="fl-6"/>
      </object_component>
      <object_component id="oc-1e8">
         <name>.text:SPIB_RX_ISR</name>
         <load_address>0x90c8</load_address>
         <run_address>0x90c8</run_address>
         <size>0xa</size>
         <input_file_ref idref="fl-6"/>
      </object_component>
      <object_component id="oc-1ee">
         <name>.text:SPIB_TX_ISR</name>
         <load_address>0x90d2</load_address>
         <run_address>0x90d2</run_address>
         <size>0xa</size>
         <input_file_ref idref="fl-6"/>
      </object_component>
      <object_component id="oc-140">
         <name>.text:SYS_ERR_ISR</name>
         <load_address>0x90dc</load_address>
         <run_address>0x90dc</run_address>
         <size>0xa</size>
         <input_file_ref idref="fl-6"/>
      </object_component>
      <object_component id="oc-146">
         <name>.text:TIMER0_ISR</name>
         <load_address>0x90e6</load_address>
         <run_address>0x90e6</run_address>
         <size>0xa</size>
         <input_file_ref idref="fl-6"/>
      </object_component>
      <object_component id="oc-ad">
         <name>.text:TIMER1_ISR</name>
         <load_address>0x90f0</load_address>
         <run_address>0x90f0</run_address>
         <size>0xa</size>
         <input_file_ref idref="fl-6"/>
      </object_component>
      <object_component id="oc-b6">
         <name>.text:TIMER2_ISR</name>
         <load_address>0x90fa</load_address>
         <run_address>0x90fa</run_address>
         <size>0xa</size>
         <input_file_ref idref="fl-6"/>
      </object_component>
      <object_component id="oc-374">
         <name>.text:USBA_ISR</name>
         <load_address>0x9104</load_address>
         <run_address>0x9104</run_address>
         <size>0xa</size>
         <input_file_ref idref="fl-6"/>
      </object_component>
      <object_component id="oc-110">
         <name>.text:USER10_ISR</name>
         <load_address>0x910e</load_address>
         <run_address>0x910e</run_address>
         <size>0xa</size>
         <input_file_ref idref="fl-6"/>
      </object_component>
      <object_component id="oc-116">
         <name>.text:USER11_ISR</name>
         <load_address>0x9118</load_address>
         <run_address>0x9118</run_address>
         <size>0xa</size>
         <input_file_ref idref="fl-6"/>
      </object_component>
      <object_component id="oc-11c">
         <name>.text:USER12_ISR</name>
         <load_address>0x9122</load_address>
         <run_address>0x9122</run_address>
         <size>0xa</size>
         <input_file_ref idref="fl-6"/>
      </object_component>
      <object_component id="oc-da">
         <name>.text:USER1_ISR</name>
         <load_address>0x912c</load_address>
         <run_address>0x912c</run_address>
         <size>0xa</size>
         <input_file_ref idref="fl-6"/>
      </object_component>
      <object_component id="oc-e0">
         <name>.text:USER2_ISR</name>
         <load_address>0x9136</load_address>
         <run_address>0x9136</run_address>
         <size>0xa</size>
         <input_file_ref idref="fl-6"/>
      </object_component>
      <object_component id="oc-e6">
         <name>.text:USER3_ISR</name>
         <load_address>0x9140</load_address>
         <run_address>0x9140</run_address>
         <size>0xa</size>
         <input_file_ref idref="fl-6"/>
      </object_component>
      <object_component id="oc-ec">
         <name>.text:USER4_ISR</name>
         <load_address>0x914a</load_address>
         <run_address>0x914a</run_address>
         <size>0xa</size>
         <input_file_ref idref="fl-6"/>
      </object_component>
      <object_component id="oc-f2">
         <name>.text:USER5_ISR</name>
         <load_address>0x9154</load_address>
         <run_address>0x9154</run_address>
         <size>0xa</size>
         <input_file_ref idref="fl-6"/>
      </object_component>
      <object_component id="oc-f8">
         <name>.text:USER6_ISR</name>
         <load_address>0x915e</load_address>
         <run_address>0x915e</run_address>
         <size>0xa</size>
         <input_file_ref idref="fl-6"/>
      </object_component>
      <object_component id="oc-fe">
         <name>.text:USER7_ISR</name>
         <load_address>0x9168</load_address>
         <run_address>0x9168</run_address>
         <size>0xa</size>
         <input_file_ref idref="fl-6"/>
      </object_component>
      <object_component id="oc-104">
         <name>.text:USER8_ISR</name>
         <load_address>0x9172</load_address>
         <run_address>0x9172</run_address>
         <size>0xa</size>
         <input_file_ref idref="fl-6"/>
      </object_component>
      <object_component id="oc-10a">
         <name>.text:USER9_ISR</name>
         <load_address>0x917c</load_address>
         <run_address>0x917c</run_address>
         <size>0xa</size>
         <input_file_ref idref="fl-6"/>
      </object_component>
      <object_component id="oc-2ea">
         <name>.text:VCU_ISR</name>
         <load_address>0x9186</load_address>
         <run_address>0x9186</run_address>
         <size>0xa</size>
         <input_file_ref idref="fl-6"/>
      </object_component>
      <object_component id="oc-14c">
         <name>.text:WAKE_ISR</name>
         <load_address>0x9190</load_address>
         <run_address>0x9190</run_address>
         <size>0xa</size>
         <input_file_ref idref="fl-6"/>
      </object_component>
      <object_component id="oc-134">
         <name>.text:XINT1_ISR</name>
         <load_address>0x919a</load_address>
         <run_address>0x919a</run_address>
         <size>0xa</size>
         <input_file_ref idref="fl-6"/>
      </object_component>
      <object_component id="oc-13a">
         <name>.text:XINT2_ISR</name>
         <load_address>0x91a4</load_address>
         <run_address>0x91a4</run_address>
         <size>0xa</size>
         <input_file_ref idref="fl-6"/>
      </object_component>
      <object_component id="oc-2d2">
         <name>.text:XINT3_ISR</name>
         <load_address>0x91ae</load_address>
         <run_address>0x91ae</run_address>
         <size>0xa</size>
         <input_file_ref idref="fl-6"/>
      </object_component>
      <object_component id="oc-2d8">
         <name>.text:XINT4_ISR</name>
         <load_address>0x91b8</load_address>
         <run_address>0x91b8</run_address>
         <size>0xa</size>
         <input_file_ref idref="fl-6"/>
      </object_component>
      <object_component id="oc-2de">
         <name>.text:XINT5_ISR</name>
         <load_address>0x91c2</load_address>
         <run_address>0x91c2</run_address>
         <size>0xa</size>
         <input_file_ref idref="fl-6"/>
      </object_component>
      <object_component id="oc-5b3">
         <name>.text:SysIntOsc1Sel</name>
         <load_address>0x91cc</load_address>
         <run_address>0x91cc</run_address>
         <size>0x9</size>
         <input_file_ref idref="fl-d"/>
      </object_component>
      <object_component id="oc-67f">
         <name>.text</name>
         <load_address>0x91d5</load_address>
         <run_address>0x91d5</run_address>
         <size>0x9</size>
         <input_file_ref idref="fl-3a"/>
      </object_component>
      <object_component id="oc-a1">
         <name>.text:decompress:none</name>
         <load_address>0x91de</load_address>
         <run_address>0x91de</run_address>
         <size>0x8</size>
         <input_file_ref idref="fl-35"/>
      </object_component>
      <object_component id="oc-403">
         <name>.text</name>
         <load_address>0x91e6</load_address>
         <run_address>0x91e6</run_address>
         <size>0x8</size>
         <input_file_ref idref="fl-4"/>
      </object_component>
      <object_component id="oc-5b9">
         <name>.text:SysIntOsc2Sel</name>
         <load_address>0x91ee</load_address>
         <run_address>0x91ee</run_address>
         <size>0x7</size>
         <input_file_ref idref="fl-d"/>
      </object_component>
      <object_component id="oc-757">
         <name>.cinit..data.load</name>
         <load_address>0x12c</load_address>
         <run_address>0x12c</run_address>
         <size>0xd</size>
      </object_component>
      <object_component id="oc-754">
         <name>__TI_handler_table</name>
         <load_address>0x13a</load_address>
         <run_address>0x13a</run_address>
         <size>0x6</size>
      </object_component>
      <object_component id="oc-756">
         <name>.cinit..bss.load</name>
         <load_address>0x140</load_address>
         <run_address>0x140</run_address>
         <size>0x4</size>
      </object_component>
      <object_component id="oc-758">
         <name>.cinit.PieVectTableFile.load</name>
         <load_address>0x144</load_address>
         <run_address>0x144</run_address>
         <size>0x4</size>
      </object_component>
      <object_component id="oc-755">
         <name>__TI_cinit_table</name>
         <load_address>0x148</load_address>
         <run_address>0x148</run_address>
         <size>0xc</size>
      </object_component>
      <object_component id="oc-3ec">
         <name>.stack</name>
         <uninitialized>true</uninitialized>
         <run_address>0x400</run_address>
         <size>0x0</size>
         <input_file_ref idref="fl-24"/>
      </object_component>
      <object_component id="oc-759">
         <name>.stack</name>
         <uninitialized>true</uninitialized>
         <run_address>0x400</run_address>
         <size>0x0</size>
      </object_component>
      <object_component id="oc-49d">
         <name>.bss</name>
         <uninitialized>true</uninitialized>
         <run_address>0xa800</run_address>
         <size>0x12</size>
         <input_file_ref idref="fl-11"/>
      </object_component>
      <object_component id="oc-556">
         <name>.const</name>
         <load_address>0xa812</load_address>
         <run_address>0xa812</run_address>
         <size>0xc</size>
         <input_file_ref idref="fl-11"/>
      </object_component>
      <object_component id="oc-b3">
         <name>.const</name>
         <load_address>0xa840</load_address>
         <run_address>0xa840</run_address>
         <size>0x1c0</size>
         <input_file_ref idref="fl-c"/>
      </object_component>
      <object_component id="oc-4a6">
         <name>.data</name>
         <load_address>0xaa00</load_address>
         <run_address>0xaa00</run_address>
         <size>0xc</size>
         <input_file_ref idref="fl-11"/>
      </object_component>
      <object_component id="oc-631">
         <name>.data</name>
         <load_address>0xaa0c</load_address>
         <run_address>0xaa0c</run_address>
         <size>0x6</size>
         <input_file_ref idref="fl-39"/>
      </object_component>
      <object_component id="oc-634">
         <name>.data:_lock</name>
         <load_address>0xaa12</load_address>
         <run_address>0xaa12</run_address>
         <size>0x2</size>
         <input_file_ref idref="fl-3a"/>
      </object_component>
      <object_component id="oc-699">
         <name>.data:_unlock</name>
         <load_address>0xaa14</load_address>
         <run_address>0xaa14</run_address>
         <size>0x2</size>
         <input_file_ref idref="fl-3a"/>
      </object_component>
      <object_component id="oc-54b">
         <name>.TI.ramfunc</name>
         <load_address>0x128</load_address>
         <run_address>0x128</run_address>
         <size>0x4</size>
         <input_file_ref idref="fl-f"/>
      </object_component>
      <object_component id="oc-4e2">
         <name>PieVectTableFile</name>
         <uninitialized>true</uninitialized>
         <run_address>0xd00</run_address>
         <size>0x1c0</size>
         <input_file_ref idref="fl-9"/>
      </object_component>
      <object_component id="oc-5de">
         <name>AdccRegsFile</name>
         <uninitialized>true</uninitialized>
         <run_address>0x6a00</run_address>
         <size>0x14a</size>
         <input_file_ref idref="fl-9"/>
      </object_component>
      <object_component id="oc-5e1">
         <name>AdcdRegsFile</name>
         <uninitialized>true</uninitialized>
         <run_address>0x6c00</run_address>
         <size>0x14a</size>
         <input_file_ref idref="fl-9"/>
      </object_component>
      <object_component id="oc-5e4">
         <name>AdceRegsFile</name>
         <uninitialized>true</uninitialized>
         <run_address>0x6e00</run_address>
         <size>0x14a</size>
         <input_file_ref idref="fl-9"/>
      </object_component>
      <object_component id="oc-4eb">
         <name>AdcaRegsFile</name>
         <uninitialized>true</uninitialized>
         <run_address>0x7400</run_address>
         <size>0x14a</size>
         <input_file_ref idref="fl-9"/>
      </object_component>
      <object_component id="oc-497">
         <name>AdcbRegsFile</name>
         <uninitialized>true</uninitialized>
         <run_address>0x7600</run_address>
         <size>0x14a</size>
         <input_file_ref idref="fl-9"/>
      </object_component>
      <object_component id="oc-4a0">
         <name>AdcaResultRegsFile</name>
         <uninitialized>true</uninitialized>
         <run_address>0x1800</run_address>
         <size>0x58</size>
         <input_file_ref idref="fl-9"/>
      </object_component>
      <object_component id="oc-49a">
         <name>AdcbResultRegsFile</name>
         <uninitialized>true</uninitialized>
         <run_address>0x1880</run_address>
         <size>0x58</size>
         <input_file_ref idref="fl-9"/>
      </object_component>
      <object_component id="oc-567">
         <name>AnalogSubsysRegsFile</name>
         <uninitialized>true</uninitialized>
         <run_address>0x5d700</run_address>
         <size>0x13a</size>
         <input_file_ref idref="fl-9"/>
      </object_component>
      <object_component id="oc-574">
         <name>Clb1LogicCfgRegsFile</name>
         <uninitialized>true</uninitialized>
         <run_address>0x3000</run_address>
         <size>0x52</size>
         <input_file_ref idref="fl-9"/>
      </object_component>
      <object_component id="oc-571">
         <name>Clb1LogicCtrlRegsFile</name>
         <uninitialized>true</uninitialized>
         <run_address>0x3100</run_address>
         <size>0x40</size>
         <input_file_ref idref="fl-9"/>
      </object_component>
      <object_component id="oc-5b0">
         <name>ClkCfgRegsFile</name>
         <uninitialized>true</uninitialized>
         <run_address>0x5d200</run_address>
         <size>0x3e</size>
         <input_file_ref idref="fl-9"/>
      </object_component>
      <object_component id="oc-4e5">
         <name>CpuSysRegsFile</name>
         <uninitialized>true</uninitialized>
         <run_address>0x5d300</run_address>
         <size>0xb0</size>
         <input_file_ref idref="fl-9"/>
      </object_component>
      <object_component id="oc-4f7">
         <name>DacaRegsFile</name>
         <uninitialized>true</uninitialized>
         <run_address>0x5c00</run_address>
         <size>0x7</size>
         <input_file_ref idref="fl-9"/>
      </object_component>
      <object_component id="oc-647">
         <name>Dcc0RegsFile</name>
         <uninitialized>true</uninitialized>
         <run_address>0x5e700</run_address>
         <size>0x2c</size>
         <input_file_ref idref="fl-9"/>
      </object_component>
      <object_component id="oc-64a">
         <name>Dcc1RegsFile</name>
         <uninitialized>true</uninitialized>
         <run_address>0x5e740</run_address>
         <size>0x2c</size>
         <input_file_ref idref="fl-9"/>
      </object_component>
      <object_component id="oc-4f1">
         <name>EPwm1RegsFile</name>
         <uninitialized>true</uninitialized>
         <run_address>0x4000</run_address>
         <size>0x100</size>
         <input_file_ref idref="fl-9"/>
      </object_component>
      <object_component id="oc-4f4">
         <name>EPwm3RegsFile</name>
         <uninitialized>true</uninitialized>
         <run_address>0x4200</run_address>
         <size>0x100</size>
         <input_file_ref idref="fl-9"/>
      </object_component>
      <object_component id="oc-4a3">
         <name>EPwm7RegsFile</name>
         <uninitialized>true</uninitialized>
         <run_address>0x4600</run_address>
         <size>0x100</size>
         <input_file_ref idref="fl-9"/>
      </object_component>
      <object_component id="oc-4ee">
         <name>EPwm8RegsFile</name>
         <uninitialized>true</uninitialized>
         <run_address>0x4700</run_address>
         <size>0x100</size>
         <input_file_ref idref="fl-9"/>
      </object_component>
      <object_component id="oc-53d">
         <name>GpioCtrlRegsFile</name>
         <uninitialized>true</uninitialized>
         <run_address>0x7c00</run_address>
         <size>0x200</size>
         <input_file_ref idref="fl-9"/>
      </object_component>
      <object_component id="oc-494">
         <name>GpioDataRegsFile</name>
         <uninitialized>true</uninitialized>
         <run_address>0x7f00</run_address>
         <size>0x40</size>
         <input_file_ref idref="fl-9"/>
      </object_component>
      <object_component id="oc-56b">
         <name>InputXbarRegsFile</name>
         <uninitialized>true</uninitialized>
         <run_address>0x7900</run_address>
         <size>0x20</size>
         <input_file_ref idref="fl-9"/>
      </object_component>
      <object_component id="oc-56e">
         <name>OutputXbarRegsFile</name>
         <uninitialized>true</uninitialized>
         <run_address>0x7a80</run_address>
         <size>0x40</size>
         <input_file_ref idref="fl-9"/>
      </object_component>
      <object_component id="oc-577">
         <name>ClbOutputXbarRegsFile</name>
         <uninitialized>true</uninitialized>
         <run_address>0x7bc0</run_address>
         <size>0x40</size>
         <input_file_ref idref="fl-9"/>
      </object_component>
      <object_component id="oc-4a9">
         <name>PieCtrlRegsFile</name>
         <uninitialized>true</uninitialized>
         <run_address>0xce0</run_address>
         <size>0x1a</size>
         <input_file_ref idref="fl-9"/>
      </object_component>
      <object_component id="oc-5ac">
         <name>WdRegsFile</name>
         <uninitialized>true</uninitialized>
         <run_address>0x7000</run_address>
         <size>0x2b</size>
         <input_file_ref idref="fl-9"/>
      </object_component>
      <object_component id="oc-5e8">
         <name>.debug_types</name>
         <load_address>0x0</load_address>
         <run_address>0x0</run_address>
         <size>0xc3c0</size>
         <input_file_ref idref="fl-3"/>
      </object_component>
      <object_component id="oc-40a">
         <name>.debug_types</name>
         <load_address>0x0</load_address>
         <run_address>0x0</run_address>
         <size>0x0</size>
         <input_file_ref idref="fl-6"/>
      </object_component>
      <object_component id="oc-51a">
         <name>.debug_types</name>
         <load_address>0xc3c0</load_address>
         <run_address>0xc3c0</run_address>
         <size>0x71a5e</size>
         <input_file_ref idref="fl-9"/>
      </object_component>
      <object_component id="oc-541">
         <name>.debug_types</name>
         <load_address>0x7de1e</load_address>
         <run_address>0x7de1e</run_address>
         <size>0x5a</size>
         <input_file_ref idref="fl-a"/>
      </object_component>
      <object_component id="oc-543">
         <name>.debug_types</name>
         <load_address>0x0</load_address>
         <run_address>0x0</run_address>
         <size>0x0</size>
         <input_file_ref idref="fl-b"/>
      </object_component>
      <object_component id="oc-40d">
         <name>.debug_types</name>
         <load_address>0x7de78</load_address>
         <run_address>0x7de78</run_address>
         <size>0x5a</size>
         <input_file_ref idref="fl-c"/>
      </object_component>
      <object_component id="oc-53c">
         <name>.debug_types</name>
         <load_address>0x7ded2</load_address>
         <run_address>0x7ded2</run_address>
         <size>0x5a</size>
         <input_file_ref idref="fl-d"/>
      </object_component>
      <object_component id="oc-4e9">
         <name>.debug_types</name>
         <load_address>0x7df2c</load_address>
         <run_address>0x7df2c</run_address>
         <size>0xf3</size>
         <input_file_ref idref="fl-11"/>
      </object_component>
      <object_component id="oc-5fe">
         <name>.debug_types</name>
         <load_address>0x0</load_address>
         <run_address>0x0</run_address>
         <size>0x0</size>
         <input_file_ref idref="fl-32"/>
      </object_component>
      <object_component id="oc-66c">
         <name>.debug_types</name>
         <load_address>0x7e01f</load_address>
         <run_address>0x7e01f</run_address>
         <size>0x4c6</size>
         <input_file_ref idref="fl-33"/>
      </object_component>
      <object_component id="oc-504">
         <name>.debug_types</name>
         <load_address>0x7e4e5</load_address>
         <run_address>0x7e4e5</run_address>
         <size>0x1f3</size>
         <input_file_ref idref="fl-34"/>
      </object_component>
      <object_component id="oc-3f6">
         <name>.debug_types</name>
         <load_address>0x0</load_address>
         <run_address>0x0</run_address>
         <size>0x0</size>
         <input_file_ref idref="fl-35"/>
      </object_component>
      <object_component id="oc-3ee">
         <name>.debug_types</name>
         <load_address>0x7e6d8</load_address>
         <run_address>0x7e6d8</run_address>
         <size>0x191</size>
         <input_file_ref idref="fl-36"/>
      </object_component>
      <object_component id="oc-638">
         <name>.debug_types</name>
         <load_address>0x7e869</load_address>
         <run_address>0x7e869</run_address>
         <size>0xbf</size>
         <input_file_ref idref="fl-39"/>
      </object_component>
      <object_component id="oc-687">
         <name>.debug_types</name>
         <load_address>0x7e928</load_address>
         <run_address>0x7e928</run_address>
         <size>0x2f</size>
         <input_file_ref idref="fl-3a"/>
      </object_component>
      <object_component id="oc-630">
         <name>.debug_types</name>
         <load_address>0x7e957</load_address>
         <run_address>0x7e957</run_address>
         <size>0xe1</size>
         <input_file_ref idref="fl-3b"/>
      </object_component>
      <object_component id="oc-4ff">
         <name>.debug_types</name>
         <load_address>0x7ea38</load_address>
         <run_address>0x7ea38</run_address>
         <size>0xb8</size>
         <input_file_ref idref="fl-46"/>
      </object_component>
      <object_component id="oc-693">
         <name>.debug_types</name>
         <load_address>0x0</load_address>
         <run_address>0x0</run_address>
         <size>0x0</size>
         <input_file_ref idref="fl-47"/>
      </object_component>
      <object_component id="oc-546">
         <name>.debug_info</name>
         <load_address>0x0</load_address>
         <run_address>0x0</run_address>
         <size>0x1ce</size>
         <input_file_ref idref="fl-3"/>
      </object_component>
      <object_component id="oc-a9">
         <name>.debug_info</name>
         <load_address>0x1ce</load_address>
         <run_address>0x1ce</run_address>
         <size>0x14f</size>
         <input_file_ref idref="fl-4"/>
      </object_component>
      <object_component id="oc-406">
         <name>.debug_info</name>
         <load_address>0x31d</load_address>
         <run_address>0x31d</run_address>
         <size>0x150</size>
         <input_file_ref idref="fl-4"/>
      </object_component>
      <object_component id="oc-ae">
         <name>.debug_info</name>
         <load_address>0x46d</load_address>
         <run_address>0x46d</run_address>
         <size>0x160</size>
         <input_file_ref idref="fl-6"/>
      </object_component>
      <object_component id="oc-b7">
         <name>.debug_info</name>
         <load_address>0x5cd</load_address>
         <run_address>0x5cd</run_address>
         <size>0x160</size>
         <input_file_ref idref="fl-6"/>
      </object_component>
      <object_component id="oc-bd">
         <name>.debug_info</name>
         <load_address>0x72d</load_address>
         <run_address>0x72d</run_address>
         <size>0x162</size>
         <input_file_ref idref="fl-6"/>
      </object_component>
      <object_component id="oc-c3">
         <name>.debug_info</name>
         <load_address>0x88f</load_address>
         <run_address>0x88f</run_address>
         <size>0x15c</size>
         <input_file_ref idref="fl-6"/>
      </object_component>
      <object_component id="oc-c9">
         <name>.debug_info</name>
         <load_address>0x9eb</load_address>
         <run_address>0x9eb</run_address>
         <size>0x15a</size>
         <input_file_ref idref="fl-6"/>
      </object_component>
      <object_component id="oc-cf">
         <name>.debug_info</name>
         <load_address>0xb45</load_address>
         <run_address>0xb45</run_address>
         <size>0x15a</size>
         <input_file_ref idref="fl-6"/>
      </object_component>
      <object_component id="oc-d5">
         <name>.debug_info</name>
         <load_address>0xc9f</load_address>
         <run_address>0xc9f</run_address>
         <size>0x162</size>
         <input_file_ref idref="fl-6"/>
      </object_component>
      <object_component id="oc-db">
         <name>.debug_info</name>
         <load_address>0xe01</load_address>
         <run_address>0xe01</run_address>
         <size>0x15e</size>
         <input_file_ref idref="fl-6"/>
      </object_component>
      <object_component id="oc-e1">
         <name>.debug_info</name>
         <load_address>0xf5f</load_address>
         <run_address>0xf5f</run_address>
         <size>0x15e</size>
         <input_file_ref idref="fl-6"/>
      </object_component>
      <object_component id="oc-e7">
         <name>.debug_info</name>
         <load_address>0x10bd</load_address>
         <run_address>0x10bd</run_address>
         <size>0x15e</size>
         <input_file_ref idref="fl-6"/>
      </object_component>
      <object_component id="oc-ed">
         <name>.debug_info</name>
         <load_address>0x121b</load_address>
         <run_address>0x121b</run_address>
         <size>0x15e</size>
         <input_file_ref idref="fl-6"/>
      </object_component>
      <object_component id="oc-f3">
         <name>.debug_info</name>
         <load_address>0x1379</load_address>
         <run_address>0x1379</run_address>
         <size>0x15e</size>
         <input_file_ref idref="fl-6"/>
      </object_component>
      <object_component id="oc-f9">
         <name>.debug_info</name>
         <load_address>0x14d7</load_address>
         <run_address>0x14d7</run_address>
         <size>0x160</size>
         <input_file_ref idref="fl-6"/>
      </object_component>
      <object_component id="oc-ff">
         <name>.debug_info</name>
         <load_address>0x1637</load_address>
         <run_address>0x1637</run_address>
         <size>0x160</size>
         <input_file_ref idref="fl-6"/>
      </object_component>
      <object_component id="oc-105">
         <name>.debug_info</name>
         <load_address>0x1797</load_address>
         <run_address>0x1797</run_address>
         <size>0x160</size>
         <input_file_ref idref="fl-6"/>
      </object_component>
      <object_component id="oc-10b">
         <name>.debug_info</name>
         <load_address>0x18f7</load_address>
         <run_address>0x18f7</run_address>
         <size>0x160</size>
         <input_file_ref idref="fl-6"/>
      </object_component>
      <object_component id="oc-111">
         <name>.debug_info</name>
         <load_address>0x1a57</load_address>
         <run_address>0x1a57</run_address>
         <size>0x162</size>
         <input_file_ref idref="fl-6"/>
      </object_component>
      <object_component id="oc-117">
         <name>.debug_info</name>
         <load_address>0x1bb9</load_address>
         <run_address>0x1bb9</run_address>
         <size>0x162</size>
         <input_file_ref idref="fl-6"/>
      </object_component>
      <object_component id="oc-11d">
         <name>.debug_info</name>
         <load_address>0x1d1b</load_address>
         <run_address>0x1d1b</run_address>
         <size>0x162</size>
         <input_file_ref idref="fl-6"/>
      </object_component>
      <object_component id="oc-123">
         <name>.debug_info</name>
         <load_address>0x1e7d</load_address>
         <run_address>0x1e7d</run_address>
         <size>0x160</size>
         <input_file_ref idref="fl-6"/>
      </object_component>
      <object_component id="oc-129">
         <name>.debug_info</name>
         <load_address>0x1fdd</load_address>
         <run_address>0x1fdd</run_address>
         <size>0x160</size>
         <input_file_ref idref="fl-6"/>
      </object_component>
      <object_component id="oc-12f">
         <name>.debug_info</name>
         <load_address>0x213d</load_address>
         <run_address>0x213d</run_address>
         <size>0x160</size>
         <input_file_ref idref="fl-6"/>
      </object_component>
      <object_component id="oc-135">
         <name>.debug_info</name>
         <load_address>0x229d</load_address>
[...]
      </symbol>
      <symbol id="sm-56f">
         <name>DMA_CH2_ISR</name>
         <value>0x8e1b</value>
         <object_component_ref idref="oc-206"/>
      </symbol>
      <symbol id="sm-570">
         <name>USER12_ISR</name>
         <value>0x9122</value>
         <object_component_ref idref="oc-11c"/>
      </symbol>
      <symbol id="sm-571">
         <name>MCANB_WAKE_ISR</name>
         <value>0x903c</value>
         <object_component_ref idref="oc-368"/>
      </symbol>
      <symbol id="sm-572">
         <name>XINT3_ISR</name>
         <value>0x91ae</value>
         <object_component_ref idref="oc-2d2"/>
      </symbol>
      <symbol id="sm-573">
         <name>USER1_ISR</name>
         <value>0x912c</value>
         <object_component_ref idref="oc-da"/>
      </symbol>
      <symbol id="sm-574">
         <name>CLA1_3_ISR</name>
         <value>0x8da3</value>
         <object_component_ref idref="oc-2ae"/>
      </symbol>
      <symbol id="sm-575">
         <name>I2CA_ISR</name>
         <value>0x8fb5</value>
         <object_component_ref idref="oc-22a"/>
      </symbol>
      <symbol id="sm-576">
         <name>FSIRXA1_ISR</name>
         <value>0x8f83</value>
         <object_component_ref idref="oc-344"/>
      </symbol>
      <symbol id="sm-577">
         <name>EPWM1_TZ_ISR</name>
         <value>0x8eb1</value>
         <object_component_ref idref="oc-152"/>
      </symbol>
      <symbol id="sm-578">
         <name>I2CA_FIFO_ISR</name>
         <value>0x8fab</value>
         <object_component_ref idref="oc-230"/>
      </symbol>
      <symbol id="sm-579">
         <name>EPWM2_ISR</name>
         <value>0x8ebb</value>
         <object_component_ref idref="oc-188"/>
      </symbol>
      <symbol id="sm-57a">
         <name>USBA_ISR</name>
         <value>0x9104</value>
         <object_component_ref idref="oc-374"/>
      </symbol>
      <symbol id="sm-57b">
         <name>ADCD_EVT_ISR</name>
         <value>0x8d49</value>
         <object_component_ref idref="oc-392"/>
      </symbol>
      <symbol id="sm-57c">
         <name>DMA_CH3_ISR</name>
         <value>0x8e25</value>
         <object_component_ref idref="oc-20c"/>
      </symbol>
      <symbol id="sm-57d">
         <name>MCANB_ECC_ISR</name>
         <value>0x9032</value>
         <object_component_ref idref="oc-36e"/>
      </symbol>
      <symbol id="sm-57e">
         <name>ADCC_EVT_ISR</name>
         <value>0x8d17</value>
         <object_component_ref idref="oc-37a"/>
      </symbol>
      <symbol id="sm-57f">
         <name>EPWM11_ISR</name>
         <value>0x8e7f</value>
         <object_component_ref idref="oc-32c"/>
      </symbol>
      <symbol id="sm-580">
         <name>DATALOG_ISR</name>
         <value>0x8df3</value>
         <object_component_ref idref="oc-bc"/>
      </symbol>
      <symbol id="sm-581">
         <name>XINT2_ISR</name>
         <value>0x91a4</value>
         <object_component_ref idref="oc-13a"/>
      </symbol>
      <symbol id="sm-582">
         <name>MCANA_0_ISR</name>
         <value>0x8ff1</value>
         <object_component_ref idref="oc-266"/>
      </symbol>
      <symbol id="sm-583">
         <name>AES_SINTREQUEST_ISR</name>
         <value>0x8d85</value>
         <object_component_ref idref="oc-3c2"/>
      </symbol>
      <symbol id="sm-584">
         <name>PIE_RESERVED_ISR</name>
         <value>0x905a</value>
         <object_component_ref idref="oc-3c8"/>
      </symbol>
      <symbol id="sm-585">
         <name>SCIB_RX_ISR</name>
         <value>0x908c</value>
         <object_component_ref idref="oc-25a"/>
      </symbol>
      <symbol id="sm-586">
         <name>SCIB_TX_ISR</name>
         <value>0x9096</value>
         <object_component_ref idref="oc-260"/>
      </symbol>
      <symbol id="sm-587">
         <name>I2CB_ISR</name>
         <value>0x8fc9</value>
         <object_component_ref idref="oc-236"/>
      </symbol>
      <symbol id="sm-588">
         <name>FSIRXA2_ISR</name>
         <value>0x8f8d</value>
         <object_component_ref idref="oc-34a"/>
      </symbol>
      <symbol id="sm-589">
         <name>EPWM12_TZ_ISR</name>
         <value>0x8e9d</value>
         <object_component_ref idref="oc-31a"/>
      </symbol>
      <symbol id="sm-58a">
         <name>ILLEGAL_ISR</name>
         <value>0x8fd3</value>
         <object_component_ref idref="oc-d4"/>
      </symbol>
      <symbol id="sm-58b">
         <name>EPWM3_ISR</name>
         <value>0x8ecf</value>
         <object_component_ref idref="oc-18e"/>
      </symbol>
      <symbol id="sm-58c">
         <name>TIMER0_ISR</name>
         <value>0x90e6</value>
         <object_component_ref idref="oc-146"/>
      </symbol>
      <symbol id="sm-58d">
         <name>EPWM10_ISR</name>
         <value>0x8e6b</value>
         <object_component_ref idref="oc-326"/>
      </symbol>
      <symbol id="sm-58e">
         <name>USER3_ISR</name>
         <value>0x9140</value>
         <object_component_ref idref="oc-e6"/>
      </symbol>
      <symbol id="sm-58f">
         <name>MCANA_1_ISR</name>
         <value>0x9000</value>
         <object_component_ref idref="oc-26c"/>
      </symbol>
      <symbol id="sm-61e">
         <name>AdcbRegs</name>
         <value>0x7600</value>
         <object_component_ref idref="oc-497"/>
      </symbol>
      <symbol id="sm-61f">
         <name>EPwm3Regs</name>
         <value>0x4200</value>
         <object_component_ref idref="oc-4f4"/>
      </symbol>
      <symbol id="sm-620">
         <name>AdccRegs</name>
         <value>0x6a00</value>
         <object_component_ref idref="oc-5de"/>
      </symbol>
      <symbol id="sm-621">
         <name>ClkCfgRegs</name>
         <value>0x5d200</value>
         <object_component_ref idref="oc-5b0"/>
      </symbol>
      <symbol id="sm-622">
         <name>AdcdRegs</name>
         <value>0x6c00</value>
         <object_component_ref idref="oc-5e1"/>
      </symbol>
      <symbol id="sm-623">
         <name>AdceRegs</name>
         <value>0x6e00</value>
         <object_component_ref idref="oc-5e4"/>
      </symbol>
      <symbol id="sm-624">
         <name>PieVectTable</name>
         <value>0xd00</value>
         <object_component_ref idref="oc-4e2"/>
      </symbol>
      <symbol id="sm-625">
         <name>GpioCtrlRegs</name>
         <value>0x7c00</value>
         <object_component_ref idref="oc-53d"/>
      </symbol>
      <symbol id="sm-626">
         <name>Dcc0Regs</name>
         <value>0x5e700</value>
         <object_component_ref idref="oc-647"/>
      </symbol>
      <symbol id="sm-627">
         <name>CpuSysRegs</name>
         <value>0x5d300</value>
         <object_component_ref idref="oc-4e5"/>
      </symbol>
      <symbol id="sm-628">
         <name>Dcc1Regs</name>
         <value>0x5e740</value>
         <object_component_ref idref="oc-64a"/>
      </symbol>
      <symbol id="sm-629">
         <name>EPwm8Regs</name>
         <value>0x4700</value>
         <object_component_ref idref="oc-4ee"/>
      </symbol>
      <symbol id="sm-62a">
         <name>OutputXbarRegs</name>
         <value>0x7a80</value>
         <object_component_ref idref="oc-56e"/>
      </symbol>
      <symbol id="sm-62b">
         <name>Clb1LogicCtrlRegs</name>
         <value>0x3100</value>
         <object_component_ref idref="oc-571"/>
      </symbol>
      <symbol id="sm-62c">
         <name>EPwm7Regs</name>
         <value>0x4600</value>
         <object_component_ref idref="oc-4a3"/>
      </symbol>
      <symbol id="sm-62d">
         <name>AdcaResultRegs</name>
         <value>0x1800</value>
         <object_component_ref idref="oc-4a0"/>
      </symbol>
      <symbol id="sm-62e">
         <name>PieCtrlRegs</name>
         <value>0xce0</value>
         <object_component_ref idref="oc-4a9"/>
      </symbol>
      <symbol id="sm-62f">
         <name>WdRegs</name>
         <value>0x7000</value>
         <object_component_ref idref="oc-5ac"/>
      </symbol>
      <symbol id="sm-630">
         <name>AdcbResultRegs</name>
         <value>0x1880</value>
         <object_component_ref idref="oc-49a"/>
      </symbol>
      <symbol id="sm-631">
         <name>Clb1LogicCfgRegs</name>
         <value>0x3000</value>
         <object_component_ref idref="oc-574"/>
      </symbol>
      <symbol id="sm-632">
         <name>GpioDataRegs</name>
         <value>0x7f00</value>
         <object_component_ref idref="oc-494"/>
      </symbol>
      <symbol id="sm-633">
         <name>InputXbarRegs</name>
         <value>0x7900</value>
         <object_component_ref idref="oc-56b"/>
      </symbol>
      <symbol id="sm-634">
         <name>ClbOutputXbarRegs</name>
         <value>0x7bc0</value>
         <object_component_ref idref="oc-577"/>
      </symbol>
      <symbol id="sm-635">
         <name>EPwm1Regs</name>
         <value>0x4000</value>
         <object_component_ref idref="oc-4f1"/>
      </symbol>
      <symbol id="sm-636">
         <name>AnalogSubsysRegs</name>
         <value>0x5d700</value>
         <object_component_ref idref="oc-567"/>
      </symbol>
      <symbol id="sm-637">
         <name>DacaRegs</name>
         <value>0x5c00</value>
         <object_component_ref idref="oc-4f7"/>
      </symbol>
      <symbol id="sm-638">
         <name>AdcaRegs</name>
         <value>0x7400</value>
         <object_component_ref idref="oc-4eb"/>
      </symbol>
      <symbol id="sm-64a">
         <name>InitGpio</name>
         <value>0x8a11</value>
         <object_component_ref idref="oc-4b2"/>
      </symbol>
      <symbol id="sm-657">
         <name>InitPieCtrl</name>
         <value>0x8b76</value>
         <object_component_ref idref="oc-4b8"/>
      </symbol>
      <symbol id="sm-66b">
         <name>InitPieVectTable</name>
         <value>0x8b31</value>
         <object_component_ref idref="oc-4be"/>
      </symbol>
      <symbol id="sm-66c">
         <name>PieVectTableInit</name>
         <value>0xa840</value>
         <object_component_ref idref="oc-b3"/>
      </symbol>
      <symbol id="sm-6e9">
         <name>ComputeCntrSeedValue</name>
         <value>0x8789</value>
         <object_component_ref idref="oc-652"/>
      </symbol>
      <symbol id="sm-6ea">
         <name>IsPLLValid</name>
         <value>0x8649</value>
         <object_component_ref idref="oc-5cb"/>
      </symbol>
      <symbol id="sm-6eb">
         <name>InitPeripheralClocks</name>
         <value>0x8996</value>
         <object_component_ref idref="oc-535"/>
      </symbol>
      <symbol id="sm-6ec">
         <name>SysIntOsc1Sel</name>
         <value>0x91cc</value>
         <object_component_ref idref="oc-5b3"/>
      </symbol>
      <symbol id="sm-6ed">
         <name>SysXtalOscSel</name>
         <value>0x8b56</value>
         <object_component_ref idref="oc-5bf"/>
      </symbol>
      <symbol id="sm-6ee">
         <name>SysXtalOscSESel</name>
         <value>0x8c43</value>
         <object_component_ref idref="oc-5c5"/>
      </symbol>
      <symbol id="sm-6ef">
         <name>InitSysCtrl</name>
         <value>0x8c2e</value>
         <object_component_ref idref="oc-4ac"/>
      </symbol>
      <symbol id="sm-6f0">
         <name>DisableDog</name>
         <value>0x8c58</value>
         <object_component_ref idref="oc-529"/>
      </symbol>
      <symbol id="sm-6f1">
         <name>InitSysPll</name>
         <value>0x84a2</value>
         <object_component_ref idref="oc-52f"/>
      </symbol>
      <symbol id="sm-6f2">
         <name>SysIntOsc2Sel</name>
         <value>0x91ee</value>
         <object_component_ref idref="oc-5b9"/>
      </symbol>
      <symbol id="sm-6fb">
         <name>F28x_usDelay</name>
         <value>0x128</value>
         <object_component_ref idref="oc-54b"/>
      </symbol>
      <symbol id="sm-751">
         <name>initDAC</name>
         <value>0x8be7</value>
         <object_component_ref idref="oc-4dc"/>
      </symbol>
      <symbol id="sm-752">
         <name>Vin</name>
         <value>0xa804</value>
         <object_component_ref idref="oc-49d"/>
      </symbol>
      <symbol id="sm-753">
         <name>pwm1_duty</name>
         <value>0xaa04</value>
         <object_component_ref idref="oc-4a6"/>
      </symbol>
      <symbol id="sm-754">
         <name>pwm3_duty</name>
         <value>0xaa06</value>
         <object_component_ref idref="oc-4a6"/>
      </symbol>
      <symbol id="sm-755">
         <name>pwm7_duty</name>
         <value>0xaa08</value>
         <object_component_ref idref="oc-4a6"/>
      </symbol>
      <symbol id="sm-756">
         <name>pwm8_duty</name>
         <value>0xaa02</value>
         <object_component_ref idref="oc-4a6"/>
      </symbol>
      <symbol id="sm-757">
         <name>inv_pwm</name>
         <value>0xaa01</value>
         <object_component_ref idref="oc-4a6"/>
      </symbol>
      <symbol id="sm-758">
         <name>adcA1ISR</name>
         <value>0x828f</value>
         <object_component_ref idref="oc-3e6"/>
      </symbol>
      <symbol id="sm-759">
         <name>adcB1ISR</name>
         <value>0x86e9</value>
         <object_component_ref idref="oc-3da"/>
      </symbol>
      <symbol id="sm-75a">
         <name>dacBits</name>
         <value>0xa803</value>
         <object_component_ref idref="oc-49d"/>
      </symbol>
      <symbol id="sm-75b">
         <name>routeGPIOs</name>
         <value>0x83b0</value>
         <object_component_ref idref="oc-4d6"/>
      </symbol>
      <symbol id="sm-75c">
         <name>HallC</name>
         <value>0xa802</value>
         <object_component_ref idref="oc-49d"/>
      </symbol>
      <symbol id="sm-75d">
         <name>HallB</name>
         <value>0xa801</value>
         <object_component_ref idref="oc-49d"/>
      </symbol>
      <symbol id="sm-75e">
         <name>HallA</name>
         <value>0xa800</value>
         <object_component_ref idref="oc-49d"/>
      </symbol>
      <symbol id="sm-75f">
         <name>dacVoltage</name>
         <value>0xaa0a</value>
         <object_component_ref idref="oc-4a6"/>
      </symbol>
      <symbol id="sm-760">
         <name>boost_pwm</name>
         <value>0xaa00</value>
         <object_component_ref idref="oc-4a6"/>
      </symbol>
      <symbol id="sm-761">
         <name>initADCSOC</name>
         <value>0x8588</value>
         <object_component_ref idref="oc-4d0"/>
      </symbol>
      <symbol id="sm-762">
         <name>Vout</name>
         <value>0xa806</value>
         <object_component_ref idref="oc-49d"/>
      </symbol>
      <symbol id="sm-763">
         <name>Ic</name>
         <value>0xa80e</value>
         <object_component_ref idref="oc-49d"/>
      </symbol>
      <symbol id="sm-764">
         <name>Ib</name>
         <value>0xa80c</value>
         <object_component_ref idref="oc-49d"/>
      </symbol>
      <symbol id="sm-765">
         <name>Ia</name>
         <value>0xa80a</value>
         <object_component_ref idref="oc-49d"/>
      </symbol>
      <symbol id="sm-766">
         <name>IL</name>
         <value>0xa808</value>
         <object_component_ref idref="oc-49d"/>
      </symbol>
      <symbol id="sm-767">
         <name>main</name>
         <value>0x8a54</value>
         <object_component_ref idref="oc-3db"/>
      </symbol>
      <symbol id="sm-768">
         <name>throttle</name>
         <value>0xa810</value>
         <object_component_ref idref="oc-49d"/>
      </symbol>
      <symbol id="sm-769">
         <name>initEPWM</name>
         <value>0x8000</value>
         <object_component_ref idref="oc-4ca"/>
      </symbol>
      <symbol id="sm-76a">
         <name>initADC</name>
         <value>0x8adf</value>
         <object_component_ref idref="oc-4c4"/>
      </symbol>
      <symbol id="sm-776">
         <name>_c_int00</name>
         <value>0x8c00</value>
         <object_component_ref idref="oc-50c"/>
      </symbol>
      <symbol id="sm-777">
         <name>__stack</name>
         <value>0x400</value>
         <object_component_ref idref="oc-3ec"/>
      </symbol>
      <symbol id="sm-787">
         <name>__c28xabi_mpyd</name>
         <value>0x8913</value>
         <object_component_ref idref="oc-557"/>
      </symbol>
      <symbol id="sm-795">
         <name>__c28xabi_dtou</name>
         <value>0x8bcd</value>
         <object_component_ref idref="oc-561"/>
      </symbol>
      <symbol id="sm-7a2">
         <name>__c28xabi_divf</name>
         <value>0x888b</value>
         <object_component_ref idref="oc-64d"/>
      </symbol>
      <symbol id="sm-7b1">
         <name>__c28xabi_utod</name>
         <value>0x8c17</value>
         <object_component_ref idref="oc-551"/>
      </symbol>
      <symbol id="sm-7c5">
         <name>__c28xabi_divd</name>
         <value>0x8800</value>
         <object_component_ref idref="oc-55c"/>
      </symbol>
      <symbol id="sm-7d2">
         <name>_system_pre_init</name>
         <value>0x8ffb</value>
         <object_component_ref idref="oc-595"/>
      </symbol>
      <symbol id="sm-7e1">
         <name>__TI_auto_init_nobinit_nopinit</name>
         <value>0x8ab4</value>
         <object_component_ref idref="oc-5ff"/>
      </symbol>
      <symbol id="sm-7f0">
         <name>__TI_zero_init_nomemset</name>
         <value>0x8c72</value>
         <object_component_ref idref="oc-3f7"/>
      </symbol>
      <symbol id="sm-7fd">
         <name>__TI_decompress_none</name>
         <value>0x91de</value>
         <object_component_ref idref="oc-a1"/>
      </symbol>
      <symbol id="sm-811">
         <name>__TI_decompress_lzss</name>
         <value>0x8a86</value>
         <object_component_ref idref="oc-9b"/>
      </symbol>
      <symbol id="sm-829">
         <name>C$$EXIT</name>
         <value>0x8b08</value>
         <object_component_ref idref="oc-5a2"/>
      </symbol>
      <symbol id="sm-82a">
         <name>abort</name>
         <value>0x8b08</value>
         <object_component_ref idref="oc-5a2"/>
      </symbol>
      <symbol id="sm-82b">
         <name>exit</name>
         <value>0x8b0a</value>
         <object_component_ref idref="oc-5a2"/>
      </symbol>
      <symbol id="sm-82c">
         <name>__TI_dtors_ptr</name>
         <value>0xaa10</value>
         <object_component_ref idref="oc-631"/>
      </symbol>
      <symbol id="sm-82d">
         <name>__TI_cleanup_ptr</name>
         <value>0xaa0e</value>
         <object_component_ref idref="oc-631"/>
      </symbol>
      <symbol id="sm-82e">
         <name>__TI_enable_exit_profile_output</name>
         <value>0xaa0c</value>
         <object_component_ref idref="oc-631"/>
      </symbol>
      <symbol id="sm-845">
         <name>_nop</name>
         <value>0x91dd</value>
         <object_component_ref idref="oc-67f"/>
      </symbol>
      <symbol id="sm-846">
         <name>_lock</name>
         <value>0xaa12</value>
         <object_component_ref idref="oc-634"/>
      </symbol>
      <symbol id="sm-847">
         <name>_unlock</name>
         <value>0xaa14</value>
         <object_component_ref idref="oc-699"/>
      </symbol>
      <symbol id="sm-848">
         <name>_register_lock</name>
         <value>0x91d9</value>
         <object_component_ref idref="oc-67f"/>
      </symbol>
      <symbol id="sm-849">
         <name>_register_unlock</name>
         <value>0x91d5</value>
         <object_component_ref idref="oc-67f"/>
      </symbol>
      <symbol id="sm-858">
         <name>_args_main</name>
         <value>0x8c7f</value>
         <object_component_ref idref="oc-59c"/>
      </symbol>
      <symbol id="sm-874">
         <name>memcpy</name>
         <value>0x8b95</value>
         <object_component_ref idref="oc-3ef"/>
      </symbol>
      <symbol id="sm-881">
         <name>_system_post_cinit</name>
         <value>0x8ffd</value>
         <object_component_ref idref="oc-665"/>
      </symbol>
      <symbol id="sm-885">
         <name>__c_args__</name>
         <value>0x0</value>
      </symbol>
   </symbol_table>
   <title>Link successful</title>
</link_info>
